-3877.48
-7488.27
-8887.78
-9469.45
-9934.6
-10343.7
-10708.5
-11073.4
-11438.3
-11803.2
-12168.1
-12533
-12897.9
-13262.8
-13627.7
-13992.5
-14357.4
-14722.3
-15087.2
-15452.1
-15817
-16181.9
-16546.8
-16911.7
-17276.5
-17641.4
-18006.3
-18371.2
-18736.1
-19101
-19465.9
-19830.8
-20195.7
-20560.6
-20925.4
-21290.3
-21655.2
-22020.1
-22385
-22749.9
-23114.8
-23479.7
-23844.6
-24209.4
-24574.3
-24939.2
-25304.1
-25669
-26033.9
-26398.8
-26763.7
-27128.6
-27493.4
-27858.3
-28223.2
-28588.1
-28953
-29317.9
-29682.8
-30047.7
-30412.6
-30777.5
-31142.3
-31507.2
-31872.1
-32237
-32601.9
-32966.8
-33331.7
-33696.6
-34061.5
-34426.3
-34791.2
-35156.1
-35521
-35885.9
-36250.8
-36615.7
-36980.6
-37345.5
-37710.3
-38075.2
-38440.1
-38805
-39169.9
-39534.8
-39899.7
-40264.6
-40629.5
-40994.4
-41359.2
-41724.1
-42089
-42453.9
-42818.8
-43183.7
-43548.6
-43913.5
-44278.4
-44643.2
-45008.1
-45373
-45737.9
-46102.8
-46467.7
-46832.6
-47197.5
-47562.4
-47927.2
-48292.1
-48657
-49021.9
-49386.8
-49751.7
-50116.6
-50481.5
-50846.4
-51211.3
-51576.1
-51941
-52305.9
-52670.8
-53035.7
-53400.6
-53765.5
-54130.4
-54495.3
-54860.1
-55225
-55589.9
-55954.8
-56319.7
-56684.6
-57049.5
-57414.4
-57779.3
-58144.1
-58509
-58873.9
-59238.8
-59603.7
-59968.6
-60333.5
-60698.4
-61063.3
-61428.2
-61793
-62157.9
-62522.8
-62887.7
-63252.6
-63617.5
-63982.4
-64347.3
-64712.2
-65077
-65441.9
-65806.8
-66171.7
-66536.6
-66901.5
-67266.4
-67631.3
-67996.2
-68361.1
-68725.9
-69090.8
-69451.3
-69809.2
-70167.1
-70521.1
-70872.1
-71223.2
-71574.2
-71925.3
-72276.3
-72627.4
-72978.4
-73329.5
-73680.5
-74031.5
-74382.6
-74733.6
-75084.7
-75435.7
-75786.8
-76137.8
-76488.9
-76839.9
-77191
-77542
-77893.1
-78244.1
-78595.2
-78946.2
-79292
-79637
-79982.1
-80327.1
-80672.2
-81017.3
-81362.3
-81707.4
-82052.4
-82397.5
-82742.5
-83087.6
-83432.7
-83777.7
-84122.8
-84467.8
-84812.9
-85157.9
-85503
-85848.1
-86193.1
-86538.2
-86883.2
-87228.3
-87573.3
-87918.4
-88263.5
-88608.5
-88953.6
-89298.6
-89643.7
-89988.7
-90333.8
-90678.8
-91023.9
-91369
-91714
-92059.1
-92404.1
-92701.6
-92970.6
-93239.6
-93508.6
-93777.5
-94046.5
-94315.5
-94584.5
-94853.4
-95122.4
-95391.4
-95660.4
-95929.3
-96198.3
-96467.3
-96736.3
-97005.2
-97274.2
-97543.2
-97812.1
-98081.1
-98350.1
-98619.1
-98888
-99157
-99426
-99695
-99963.1
-100228
-100492
-100757
-101021
-101286
-101550
-101815
-102079
-102344
-102608
-102873
-103137
-103402
-103666
-103931
-104195
-104460
-104724
-104989
-105253
-105518
-105782
-106035
-106274
-106513
-106752
-106991
-107224
-107438
-107653
-107867
-108082
-108296
-108510
-108725
-108939
-109153
-109368
-109582
-109797
-110011
-110225
-110440
-110654
-110868
-111083
-111262
-111418
-111575
-111731
-111888
-112045
-112201
-112356
-112509
-112662
-112815
-112967
-113120
-113273
-113426
-113579
-113732
-113884
-114037
-114190
-114343
-114496
-114649
-114795
-114926
-115057
-115189
-115320
-115451
-115582
-115713
-115844
-115975
-116107
-116238
-116369
-116500
-116631
-116762
-116894
-117025
-117156
-117287
-117418
-117549
-117681
-117812
-117943
-118074
-118205
-118336
-118464
-118592
-118720
-118848
-118976
-119104
-119232
-119360
-119488
-119615
-119743
-119871
-119999
-120127
-120255
-120383
-120511
-120639
-120767
-120894
-121022
-121150
-121278
-121406
-121534
-121662
-121790
-121918
-122046
-122173
-122301
-122429
-122557
-122685
-122813
-122941
-123069
-123197
-123325
-123452
-123580
-123708
-123836
-123964
-124092
-124220
-124348
-124476
-124604
-124731
-124859
-124987
-125115
-125243
-125371
-125499
-125627
-125755
-125883
-126010
-126138
-126266
-126394
-126522
-126650
-126778
-126906
-127034
-127162
-127289
-127417
-127545
-127673
-127801
-127929
-128057
-128185
-128313
-128441
-128569
-128696
-128824
-128952
-129080
-129208
-129336
-129449
-129561
-129672
-129784
-129896
-130008
-130119
-130231
-130343
-130455
-130566
-130678
-130790
-130902
-131013
-131125
-131237
-131348
-131460
-131572
-131684
-131795
-131907
-132010
-132088
-132165
-132242
-132320
-132397
-132474
-132552
-132629
-132707
-132784
-132861
-132939
-133016
-133093
-133171
-133248
-133326
-133403
-133480
-133558
-133635
-133712
-133790
-133867
-133944
-134022
-134099
-134177
-134254
-134331
-134409
-134486
-134563
-134641
-134718
-134796
-134873
-134950
-135028
-135105
-135182
-135260
-135337
-135414
-135492
-135569
-135647
-135724
-135801
-135879
-135956
-136033
-136111
-136188
-136266
-136343
-136420
-136498
-136575
-136652
-136730
-136807
-136884
-136962
-137039
-137117
-137194
-137263
-137327
-137391
-137455
-137519
-137583
-137647
-137711
-137773
-137835
-137896
-137958
-138020
-138082
-138144
-138205
-138267
-138329
-138391
-138453
-138514
-138576
-138638
-138700
-138762
-138824
-138885
-138947
-139009
-139071
-139133
-139194
-139256
-139318
-139380
-139442
-139503
-139565
-139627
-139689
-139751
-139812
-139874
-139936
-139998
-140060
-140121
-140183
-140245
-140307
-140369
-140430
-140492
-140554
-140616
-140678
-140739
-140801
-140863
-140925
-140987
-141048
-141110
-141172
-141234
-141296
-141358
-141419
-141481
-141543
-141605
-141667
-141728
-141790
-141844
-141894
-141944
-141994
-142044
-142094
-142139
-142162
-142186
-142210
-142234
-142258
-142282
-142306
-142330
-142354
-142378
-142401
-142425
-142449
-142473
-142497
-142521
-142545
-142569
-142593
-142616
-142640
-142664
-142688
-142712
-142736
-142760
-142784
-142808
-142832
-142855
-142879
-142903
-142927
-142951
-142975
-142999
-143023
-143047
-143071
-143094
-143118
-143142
-143166
-143190
-143214
-143238
-143262
-143286
-143310
-143333
-143357
-143381
-143405
-143429
-143453
-143477
-143501
-143525
-143549
-143572
-143596
-143620
-143644
-143668
-143692
-143716
-143740
-143764
-143787
-143811
-143835
-143859
-143883
-143907
-143931
-143955
-143979
-144003
-144026
-144050
-144074
-144098
-144122
-144146
-144170
-144194
-144218
-144242
-144265
-144289
-144313
-144337
-144361
-144385
-144409
-144433
-144457
-144481
-144504
-144528
-144552
-144576
-144600
-144624
-144648
-144672
-144696
-144719
-144743
-144767
-144791
-144815
-144839
-144863
-144887
-144911
-144935
-144958
-144982
-145006
-145030
-145054
-145078
-145102
-145126
-145150
-145174
-145197
-145221
-145245
-145269
-145293
-145317
-145341
-145365
-145389
-145413
-145436
-145460
-145484
-145508
-145532
-145556
-145580
-145604
-145628
-145652
-145675
-145699
-145723
-145747
-145771
-145795
-145819
-145843
-145867
-145890
-145914
-145938
-145962
-145986
-146010
-146034
-146058
-146082
-146106
-146129
-146153
-146177
-146201
-146225
-146249
-146273
-146297
-146321
-146345
-146368
-146392
-146416
-146440
-146464
-146488
-146512
-146536
-146560
-146584
-146607
-146631
-146655
-146679
-146703
-146727
-146751
-146775
-146799
-146822
-146846
-146870
-146894
-146918
-146942
-146966
-146990
-147014
-147038
-147061
-147085
-147109
-147133
-147157
-147181
-147205
-147229
-147253
-147277
-147300
-147324
-147348
-147372
-147396
-147420
-147444
-147468
-147492
-147516
-147539
-147563
-147587
-147611
-147635
-147659
-147683
-147707
-147731
-147755
-147778
-147802
-147826
-147850
-147874
-147898
-147922
-147946
-147970
-147993
-148017
-148041
-148065
-148089
-148113
-148137
-148161
-148185
-148209
-148232
-148256
-148280
-148304
-148328
-148352
-148376
-148400
-148424
-148448
-148471
-148495
-148519
-148543
-148567
-148591
-148615
-148639
-148663
-148687
-148710
-148734
-148758
-148782
-148806
-148830
-148854
-148878
-148902
-148925
-148949
-148973
-148997
-149021
-149045
-149069
-149093
-149117
-149141
-149164
-149188
-149212
-149236
-149260
-149284
-149308
-149332
-149356
-149380
-149403
-149427
-149451
-149475
-149498
-149514
-149530
-149546
-149563
-149579
-149595
-149611
-149627
-149643
-149659
-149675
-149691
-149708
-149724
-149740
-149756
-149772
-149788
-149804
-149820
-149837
-149853
-149869
-149885
-149901
-149917
-149933
-149949
-149965
-149982
-149998
-150014
-150030
-150046
-150062
-150078
-150094
-150111
-150127
-150143
-150159
-150175
-150191
-150207
-150223
-150239
-150256
-150272
-150288
-150304
-150320
-150336
-150352
-150368
-150385
-150401
-150417
-150433
-150449
-150465
-150481
-150497
-150513
-150530
-150546
-150562
-150578
-150594
-150610
-150626
-150642
-150659
-150675
-150691
-150707
