-2030.04
-3906.23
-4376.68
-4567.43
-4758.19
-4948.94
-5139.69
-5330.44
-5521.19
-5711.94
-5902.69
-6093.44
-6284.19
-6474.94
-6665.69
-6856.44
-7047.2
-7237.95
-7428.7
-7619.45
-7810.2
-8000.95
-8191.7
-8382.45
-8573.2
-8763.95
-8954.7
-9145.46
-9336.21
-9526.96
-9717.71
-9908.46
-10099.2
-10290
-10480.7
-10671.5
-10862.2
-11053
-11243.7
-11434.5
-11625.2
-11816
-12006.7
-12197.5
-12388.2
-12579
-12769.7
-12960.5
-13151.2
-13342
-13532.7
-13723.5
-13914.2
-14105
-14295.7
-14486.5
-14677.2
-14868
-15058.7
-15249.5
-15440.2
-15631
-15821.7
-16012.5
-16203.2
-16394
-16584.7
-16775.5
-16966.2
-17157
-17347.7
-17538.5
-17729.2
-17920
-18110.7
-18301.5
-18492.2
-18683
-18873.8
-19064.5
-19255.3
-19446
-19636.8
-19827.5
-20018.3
-20209
-20399.8
-20590.5
-20781.3
-20972
-21162.8
-21353.5
-21544.3
-21735
-21925.8
-22116.5
-22307.3
-22498
-22688.8
-22879.5
-23070.3
-23261
-23451.8
-23642.5
-23833.3
-24024
-24214.8
-24405.5
-24596.3
-24787
-24977.8
-25168.5
-25359.3
-25550
-25740.8
-25931.5
-26122.3
-26313
-26503.8
-26694.5
-26885.3
-27076
-27266.8
-27457.5
-27648.3
-27839
-28029.8
-28220.5
-28411.3
-28602
-28792.8
-28983.5
-29174.3
-29365
-29555.8
-29746.6
-29937.3
-30128.1
-30318.8
-30509.6
-30700.3
-30891.1
-31081.8
-31272.6
-31463.3
-31654.1
-31844.8
-32035.6
-32226.3
-32417.1
-32607.8
-32798.6
-32989.3
-33180.1
-33370.8
-33561.6
-33752.3
-33943.1
-34133.8
-34324.6
-34515.3
-34706.1
-34896.8
-35087.6
-35272.1
-35455.7
-35639.3
-35823
-36006.6
-36190.2
-36373.9
-36557.5
-36741.1
-36924.7
-37108.4
-37292
-37475.6
-37659.3
-37842.9
-38026.5
-38210.1
-38393.8
-38577.4
-38761
-38944.7
-39128.3
-39311.9
-39495.5
-39673.4
-39850.8
-40028.2
-40205.6
-40383
-40560.4
-40737.9
-40915.3
-41092.7
-41270.1
-41447.5
-41624.9
-41802.3
-41979.8
-42157.2
-42334.6
-42512
-42689.4
-42866.8
-43044.2
-43221.7
-43399.1
-43576.5
-43753.9
-43931.3
-44108.7
-44286.1
-44463.6
-44641
-44818.4
-44995.8
-45173.2
-45350.6
-45528
-45705.5
-45882.9
-46060.3
-46237.7
-46415.1
-46592.5
-46765.4
-46937.7
-47110
-47282.3
-47454.6
-47626.9
-47799.2
-47971.4
-48143.7
-48316
-48488.3
-48660.6
-48832.9
-49005.2
-49177.5
-49349.8
-49522.1
-49694.3
-49866.6
-50038.9
-50211.2
-50383.5
-50555.8
-50728.1
-50900.4
-51072.7
-51245
-51417.3
-51589.5
-51761.8
-51934.1
-52106.4
-52278.7
-52451
-52623.3
-52795.6
-52967.9
-53140.2
-53250.5
-53355.8
-53461
-53566.3
-53671.6
-53776.8
-53882.1
-53987.4
-54092.7
-54197.9
-54303.2
-54408.5
-54513.7
-54593.4
-54672.9
-54752.4
-54831.9
-54911.4
-54990.8
-55070.3
-55149.8
-55229.3
-55308.8
-55388.2
-55467.7
-55547.2
-55626.7
-55706.2
-55785.6
-55865.1
-55944.6
-56024.1
-56103.6
-56183
-56262.5
-56342
-56421.5
-56500.9
-56580.4
-56659.9
-56739.4
-56818.9
-56898.3
-56977.8
-57057.3
-57136.8
-57216.3
-57295.7
-57375.2
-57454.7
-57534.2
-57613.7
-57693.1
-57766.1
-57823.1
-57880.1
-57937.1
-57994
-58051
-58108
-58164.9
-58221.9
-58278.9
-58335.8
-58392.8
-58449.8
-58506.8
-58563.7
-58620.7
-58677.7
-58734.6
-58791.6
-58848.6
-58905.6
-58962.5
-59019.5
-59076.5
-59133.4
-59190.4
-59247.4
-59304.4
-59361.3
-59418.3
-59475.3
-59532.2
-59589.2
-59646.2
-59703.2
-59760.1
-59817.1
-59874.1
-59931
-59988
-60045
-60102
-60158.9
-60215.9
-60272.9
-60329.8
-60386.8
-60443.8
-60500.8
-60557.7
-60614.7
-60671.7
-60728.6
-60785.6
-60842.6
-60899.6
-60956.5
-61013.5
-61070.5
-61127.4
-61184.4
-61241.4
-61298.4
-61355.3
-61412.3
-61469.3
-61526.2
-61583.2
-61636.4
-61674.9
-61713.3
-61751.7
-61790.1
-61828.5
-61866.9
-61905.3
-61943.8
-61982.2
-62020.6
-62059
-62097.4
-62135.8
-62174.2
-62212.7
-62251.1
-62289.5
-62327.9
-62366.3
-62404.7
-62443.1
-62481.6
-62520
-62558.4
-62596.8
-62635.2
-62673.6
-62712.1
-62750.5
-62788.9
-62827.3
-62865.7
-62904.1
-62942.5
-62981
-63019.4
-63057.8
-63096.2
-63134.6
-63173
-63211.4
-63249.9
-63288.3
-63326.7
-63365.1
-63403.5
-63441.9
-63480.3
-63518.8
-63557.2
-63595.6
-63634
-63672.4
-63710.8
-63749.2
-63787.7
-63826.1
-63864.5
-63902.9
-63941.3
-63979.7
-64018.1
-64056.6
-64095
-64133.4
-64171.8
-64210.2
-64248.6
-64287.1
-64325.5
-64363.9
-64402.3
-64440.7
-64479.1
-64517.5
-64556
-64594.4
-64632.8
-64671.2
-64709.6
-64748
-64786.4
-64824.9
-64863.3
-64901.7
-64940.1
-64978.5
-65016.9
-65055.3
-65093.8
-65132.2
-65170.6
-65209
-65247.4
-65285.8
-65324.2
-65362.7
-65401.1
-65439.5
-65477.9
-65516.3
-65554.7
-65593.1
-65631.6
-65670
-65708.4
-65746.8
-65785.2
-65823.6
-65862
-65900.5
-65938.9
-65977.3
-66015.7
-66054.1
-66092.5
-66131
-66169.4
-66207.8
-66246.2
-66284.6
-66323
-66361.4
-66399.9
-66438.3
-66476.7
-66515.1
-66553.5
-66591.9
-66630.3
-66668.8
-66707.2
-66745.6
-66784
-66822.4
-66860.8
-66899.2
-66937.7
-66976.1
-67014.5
-67052.9
-67091.3
-67129.7
-67168.1
-67180.9
-67189
-67197.1
-67205.3
-67213.4
-67221.6
-67229.7
-67237.9
-67246
-67254.2
-67262.3
-67270.4
-67278.6
-67286.7
-67294.9
-67303
-67311.2
-67319.3
-67327.5
-67335.6
-67343.7
-67351.9
-67360
-67368.2
-67376.3
-67384.5
-67392.6
-67400.8
-67408.9
-67417.1
-67425.2
-67433.3
-67441.5
-67449.6
-67457.8
-67465.9
-67474.1
-67482.2
-67490.4
-67498.5
-67506.6
-67514.8
-67522.9
-67531.1
-67539.2
-67547.4
-67555.5
-67563.7
-67571.8
-67579.9
-67588.1
-67596.2
-67604.4
-67612.5
-67620.7
-67628.8
-67637
-67645.1
-67653.3
-67661.4
-67669.5
-67677.7
-67685.8
-67694
-67702.1
-67710.3
-67718.4
-67726.6
-67734.7
-67742.8
-67751
-67759.1
-67767.3
-67775.4
-67783.6
-67791.7
-67799.9
-67808
-67816.1
-67824.3
-67832.4
-67840.6
-67848.7
-67856.9
-67865
-67873.2
-67881.3
-67889.4
-67897.6
-67905.7
-67913.9
-67922
-67930.2
-67938.3
-67946.5
-67954.6
-67962.8
-67970.9
-67979
-67987.2
-67995.3
-68003.5
-68011.6
-68019.8
-68027.9
-68036.1
-68044.2
-68052.3
-68060.5
-68068.6
-68076.8
-68084.9
-68093.1
-68101.2
-68109.4
-68117.5
-68125.6
-68133.8
-68141.9
-68150.1
-68158.2
-68166.4
-68174.5
-68182.7
-68190.8
-68199
-68207.1
-68215.2
-68223.4
-68231.5
-68239.7
-68247.8
-68256
-68264.1
-68272.3
-68280.4
-68288.5
-68296.7
-68304.8
-68313
-68321.1
-68329.3
-68337.4
-68345.6
-68353.7
-68361.8
-68370
-68378.1
-68386.3
-68394.4
-68402.6
-68410.7
-68418.9
-68427
-68435.1
-68443.3
-68451.4
-68459.6
-68467.7
-68475.9
-68484
-68492.2
-68500.3
-68508.5
-68516.6
-68524.7
-68532.9
-68541
-68549.2
-68557.3
-68565.5
-68573.6
-68581.8
-68589.9
-68598
-68606.2
-68614.3
-68622.5
-68630.6
-68638.8
-68646.9
-68655.1
-68663.2
-68671.3
-68679.5
-68687.6
-68695.8
-68703.9
-68712.1
-68720.2
-68728.4
-68736.5
-68744.7
-68752.8
-68760.9
-68769.1
-68777.2
-68785.4
-68793.5
-68801.7
-68809.8
-68818
-68826.1
-68834.2
-68842.4
-68850.5
-68858.7
-68866.8
-68875
-68883.1
-68891.3
-68899.4
-68907.5
-68915.7
-68923.8
-68932
-68940.1
-68948.3
-68956.4
-68964.6
-68972.7
-68980.8
-68989
-68997.1
-69005.3
-69013.4
-69021.6
-69029.7
-69037.9
-69046
-69054.2
-69062.3
-69070.4
-69078.6
-69086.7
-69094.9
-69103
-69111.2
-69119.3
-69127.5
-69135.6
-69143.7
-69151.9
-69160
-69168.2
-69176.3
-69184.5
-69192.6
-69200.8
-69208.9
-69217
-69225.2
-69233.3
-69241.5
-69249.6
-69257.8
-69265.9
-69274.1
-69282.2
-69290.4
-69298.5
-69306.6
-69314.8
-69322.9
-69331.1
-69339.2
-69347.4
-69355.5
-69363.7
-69371.8
-69379.9
-69388.1
-69396.2
-69404.4
-69412.5
-69420.7
-69428.8
-69437
-69445.1
-69453.2
-69461.4
-69469.5
-69477.7
-69485.8
-69494
-69502.1
-69510.3
-69518.4
-69526.5
-69534.7
-69542.8
-69551
-69559.1
-69567.3
-69575.4
-69583.6
-69591.7
-69599.9
-69608
-69616.1
-69624.3
-69632.4
-69640.6
-69648.7
-69656.9
-69665
-69673.2
-69681.3
-69689.4
-69697.6
-69705.7
-69713.9
-69722
-69730.2
-69738.3
-69746.5
-69754.6
-69762.7
-69770.9
-69779
-69787.2
-69795.3
-69803.5
-69811.6
-69819.8
-69827.9
-69836.1
-69844.2
-69852.3
-69860.5
-69868.6
-69876.8
-69884.9
-69893.1
-69901.2
-69909.4
-69917.5
-69925.6
-69933.8
-69941.9
-69950.1
-69958.2
-69966.4
-69974.5
-69982.7
-69990.8
-69998.9
-70007.1
-70015.2
-70023.4
-70031.5
-70039.7
-70047.8
-70056
-70064.1
-70072.2
-70080.4
-70088.5
-70096.7
-70104.8
-70113
-70121.1
-70129.3
-70137.4
-70145.6
-70153.7
-70161.8
-70170
-70178.1
-70186.3
-70194.4
-70202.6
-70210.7
-70218.9
-70227
-70235.1
-70243.3
-70251.4
-70259.6
-70267.7
-70275.9
-70284
-70292.2
-70300.3
-70308.4
-70316.6
-70324.7
-70332.9
-70341
-70349.2
-70357.3
-70365.5
-70373.6
-70381.8
-70389.9
-70398
-70406.2
-70414.3
-70422.5
-70430.6
-70438.8
-70446.9
-70455.1
-70463.2
-70471.3
-70479.5
-70487.6
-70495.8
-70503.9
-70512.1
-70520.2
-70528.4
-70536.5
-70544.6
-70552.8
-70560.9
-70569.1
-70577.2
-70585.4
-70593.5
-70601.7
-70609.8
-70617.9
-70626.1
-70634.2
-70642.4
-70650.5
-70658.7
-70666.8
-70675
-70683.1
-70691.3
-70699.4
-70707.5
-70715.7
-70723.8
-70732
-70740.1
-70748.3
-70756.4
-70764.6
-70772.7
-70780.8
-70789
-70797.1
-70805.3
-70813.4
-70821.6
-70829.7
-70837.9
-70846
-70854.1
-70862.3
-70870.4
-70878.6
-70886.7
-70894.9
-70903
-70911.2
-70919.3
-70927.5
-70935.6
-70943.7
-70951.9
-70960
-70968.2
-70976.3
-70984.5
