-4851.2
-9403.17
-11146.7
-11598.6
-12050.6
-12502.6
-12954.6
-13406.6
-13858.6
-14310.6
-14762.6
-15214.6
-15666.6
-16118.6
-16570.6
-17022.5
-17474.5
-17926.5
-18378.5
-18830.5
-19282.5
-19734.5
-20186.5
-20638.5
-21090.5
-21542.5
-21994.5
-22446.4
-22898.4
-23350.4
-23802.4
-24254.4
-24706.4
-25158.4
-25610.4
-26062.4
-26514.4
-26966.4
-27418.4
-27870.3
-28322.3
-28774.3
-29226.3
-29678.3
-30130.3
-30582.3
-31034.3
-31486.3
-31938.3
-32390.3
-32842.3
-33294.2
-33746.2
-34198.2
-34650.2
-35102.2
-35554.2
-36006.2
-36458.2
-36910.2
-37362.2
-37814.2
-38266.2
-38718.1
-39170.1
-39622.1
-40074.1
-40526.1
-40978.1
-41430.1
-41882.1
-42334.1
-42786.1
-43238.1
-43690
-44142
-44594
-45046
-45498
-45950
-46402
-46854
-47306
-47758
-48210
-48662
-49113.9
-49565.9
-50017.9
-50469.9
-50921.9
-51373.9
-51825.9
-52277.9
-52729.9
-53181.9
-53633.9
-54085.9
-54537.8
-54989.8
-55441.8
-55893.8
-56345.8
-56797.8
-57249.8
-57701.8
-58153.8
-58605.8
-59057.8
-59509.8
-59961.7
-60413.7
-60865.7
-61317.7
-61769.7
-62221.7
-62673.7
-63125.7
-63577.7
-64029.7
-64481.7
-64933.7
-65385.6
-65837.6
-66289.6
-66741.6
-67193.6
-67645.6
-68097.6
-68549.6
-69001.6
-69453.6
-69905.6
-70357.6
-70809.5
-71261.5
-71713.5
-72165.5
-72617.5
-73069.5
-73521.5
-73973.5
-74425.5
-74877.5
-75329.5
-75781.5
-76233.4
-76685.4
-77137.4
-77589.4
-78041.4
-78493.4
-78945.4
-79397.4
-79849.4
-80301.4
-80753.4
-81205.4
-81657.3
-82109.3
-82561.3
-83013.3
-83465.3
-83917.3
-84369.3
-84821.3
-85273.3
-85725.3
-86177.3
-86629.3
-87072.7
-87511
-87949.3
-88387.5
-88825.8
-89264.1
-89702.3
-90140.6
-90578.9
-91017.2
-91455.4
-91890.4
-92315.8
-92741.2
-93166.6
-93592.1
-94017.5
-94442.9
-94868.3
-95293.7
-95719.1
-96144.5
-96569.9
-96995.3
-97420.7
-97846.1
-98271.6
-98697
-99122.4
-99547.8
-99973.2
-100399
-100824
-101249
-101675
-102100
-102526
-102951
-103376
-103802
-104227
-104653
-105078
-105500
-105908
-106311
-106715
-107118
-107522
-107925
-108329
-108733
-109136
-109540
-109943
-110347
-110750
-111154
-111558
-111961
-112365
-112768
-113172
-113575
-113979
-114383
-114786
-115190
-115593
-115997
-116400
-116804
-117207
-117611
-118015
-118418
-118822
-119225
-119629
-120032
-120436
-120840
-121243
-121647
-122050
-122454
-122857
-123261
-123665
-124068
-124472
-124875
-125279
-125682
-126086
-126489
-126890
-127285
-127679
-128074
-128469
-128864
-129259
-129653
-130048
-130443
-130838
-131232
-131627
-132022
-132417
-132812
-133206
-133601
-133996
-134391
-134786
-135180
-135575
-135952
-136297
-136643
-136988
-137333
-137678
-138023
-138368
-138713
-139058
-139403
-139719
-139946
-140172
-140399
-140625
-140852
-141078
-141305
-141530
-141710
-141890
-142070
-142249
-142429
-142609
-142789
-142969
-143149
-143329
-143509
-143689
-143869
-144049
-144229
-144409
-144589
-144769
-144949
-145129
-145308
-145488
-145668
-145848
-146028
-146208
-146388
-146568
-146748
-146928
-147108
-147288
-147468
-147648
-147828
-148008
-148188
-148367
-148547
-148727
-148907
-149087
-149267
-149447
-149627
-149807
-149987
-150167
-150347
-150527
-150707
-150887
-151067
-151247
-151396
-151515
-151616
-151717
-151818
-151919
-152019
-152120
-152221
-152322
-152423
-152524
-152624
-152725
-152826
-152927
-153028
-153128
-153229
-153330
-153431
-153532
-153633
-153733
-153834
-153935
-154036
-154137
-154238
-154338
-154439
-154540
-154641
-154742
-154843
-154943
-155044
-155145
-155246
-155347
-155448
-155548
-155649
-155750
-155851
-155952
-156053
-156153
-156254
-156355
-156456
-156557
-156657
-156758
-156859
-156960
-157061
-157162
-157262
-157363
-157464
-157565
-157666
-157767
-157867
-157968
-158069
-158170
-158271
-158372
-158472
-158573
-158674
-158775
-158876
-158977
-159077
-159178
-159279
-159380
-159481
-159582
-159682
-159783
-159884
-159985
-160086
-160186
-160287
-160388
-160466
-160535
-160604
-160673
-160742
-160811
-160880
-160949
-161018
-161087
-161156
-161225
-161294
-161363
-161433
-161502
-161571
-161640
-161709
-161778
-161847
-161916
-161985
-162054
-162123
-162192
-162261
-162331
-162400
-162469
-162538
-162607
-162676
-162745
-162814
-162883
-162952
-163021
-163090
-163159
-163229
-163298
-163367
-163436
-163505
-163574
-163643
-163712
-163781
-163850
-163919
-163988
-164057
-164127
-164196
-164265
-164334
-164403
-164472
-164541
-164610
-164679
-164748
-164817
-164886
-164955
-165024
-165094
-165163
-165232
-165301
-165370
-165439
-165508
-165577
-165646
-165715
-165784
-165853
-165922
-165992
-166061
-166130
-166199
-166268
-166337
-166406
-166475
-166544
-166613
-166682
-166751
-166820
-166890
-166959
-167028
-167097
-167166
-167235
-167304
-167373
-167442
-167511
-167580
-167649
-167718
-167788
-167857
-167926
-167995
-168064
-168133
-168202
-168271
-168340
-168409
-168478
-168547
-168616
-168685
-168755
-168824
-168893
-168962
-169031
-169100
-169169
-169238
-169307
-169376
-169445
-169514
-169583
-169653
-169722
-169791
-169860
-169929
-169998
-170067
-170136
-170205
-170274
-170343
-170412
-170481
-170551
-170620
-170662
-170678
-170693
-170709
-170724
-170740
-170755
-170771
-170786
-170802
-170817
-170833
-170848
-170864
-170879
-170895
-170910
-170926
-170941
-170957
-170972
-170988
-171003
-171019
-171034
-171050
-171066
-171081
-171097
-171112
-171128
-171143
-171159
-171174
-171190
-171205
-171221
-171236
-171252
-171267
-171283
-171298
-171314
-171329
-171345
-171360
-171376
-171391
-171407
-171422
-171438
-171453
-171469
-171484
-171500
-171515
-171531
-171547
-171562
-171578
-171593
-171609
-171624
-171640
-171655
-171671
-171686
-171702
-171717
-171733
-171748
-171764
-171779
-171795
-171810
-171826
-171841
-171857
-171872
-171888
-171903
-171919
-171934
-171950
-171965
-171981
-171996
-172012
-172028
-172043
-172059
-172074
-172090
-172105
-172121
-172136
-172152
-172167
-172183
-172198
-172214
-172229
-172245
-172260
-172276
-172291
-172307
-172322
-172338
-172353
-172369
-172384
-172400
-172415
-172431
-172446
-172462
-172477
-172493
-172509
-172524
-172540
-172555
-172571
-172586
-172602
-172617
-172633
-172648
-172664
-172679
-172695
-172710
-172726
-172741
-172757
-172772
-172788
-172803
-172819
-172834
-172850
-172865
-172881
-172896
-172912
-172927
-172943
-172958
-172974
-172989
-173005
-173021
-173036
-173052
-173067
-173083
-173098
-173114
-173129
-173145
-173160
-173176
-173191
-173207
-173222
-173238
-173253
-173269
-173284
-173300
-173315
-173331
-173346
-173362
-173377
-173393
-173408
-173424
-173439
-173455
-173470
-173486
-173502
-173517
-173533
-173548
-173564
-173579
-173595
-173610
-173626
-173641
-173657
-173672
-173688
-173703
-173719
-173734
-173750
-173765
-173781
-173796
-173812
-173827
-173843
-173858
-173874
-173889
-173905
-173920
-173936
-173951
-173967
-173983
-173998
-174014
-174029
-174045
-174060
-174076
-174091
-174107
-174122
-174138
-174153
-174169
-174184
-174200
-174215
-174231
-174246
-174262
-174277
-174293
-174308
-174324
-174339
-174355
-174370
-174386
-174401
-174417
-174432
-174448
-174464
-174479
-174495
-174510
-174526
-174541
-174557
-174572
-174588
-174603
-174619
-174634
-174650
-174665
-174681
-174696
-174712
-174727
-174743
-174758
-174774
-174789
-174805
-174820
-174836
-174851
-174867
-174882
-174898
-174913
-174929
-174945
-174960
-174976
-174991
-175007
-175022
-175038
-175053
-175069
-175084
-175100
-175115
-175131
-175146
-175162
-175177
-175193
-175208
-175224
-175239
-175255
-175270
-175286
-175301
-175317
-175332
-175348
-175363
-175379
-175394
-175410
-175426
-175441
-175457
-175472
-175488
-175503
-175519
-175534
-175550
-175565
-175581
-175596
-175612
-175627
-175643
-175658
-175674
-175689
-175705
-175720
-175736
-175751
-175767
-175782
-175798
-175813
-175829
-175844
-175860
-175875
-175891
-175907
-175922
-175938
-175953
-175969
-175984
-176000
-176015
-176031
-176046
-176062
-176077
-176093
-176108
-176124
-176139
-176155
-176170
-176186
-176201
-176217
-176232
-176248
-176263
-176279
-176294
-176310
-176325
-176341
-176356
-176372
-176387
-176403
-176419
-176434
-176450
-176465
-176481
-176496
-176512
-176527
-176543
-176558
-176574
-176589
-176605
-176620
-176636
-176651
-176667
-176682
-176698
-176713
-176729
-176744
-176760
-176775
-176791
-176806
-176822
-176837
