-5328.64
-10642.6
-11276.6
-11766.2
-12255.8
-12745.4
-13235
-13724.6
-14214.2
-14703.8
-15193.4
-15683
-16172.6
-16662.2
-17151.8
-17641.4
-18131
-18620.6
-19110.1
-19599.7
-20089.3
-20578.9
-21068.5
-21558.1
-22047.7
-22537.3
-23026.9
-23516.5
-24006.1
-24495.7
-24985.3
-25474.9
-25964.5
-26454.1
-26943.6
-27433.2
-27922.8
-28412.4
-28902
-29391.6
-29881.2
-30370.8
-30860.4
-31350
-31839.6
-32329.2
-32818.8
-33308.4
-33798
-34287.6
-34777.1
-35266.7
-35756.3
-36245.9
-36735.5
-37225.1
-37714.7
-38204.3
-38693.9
-39183.5
-39673.1
-40162.7
-40652.3
-41141.9
-41631.5
-42121.1
-42610.6
-43100.2
-43589.8
-44079.4
-44569
-45058.6
-45548.2
-46037.8
-46527.4
-47017
-47506.6
-47996.2
-48485.8
-48975.4
-49465
-49954.6
-50444.1
-50933.7
-51423.3
-51912.9
-52402.5
-52892.1
-53381.7
-53871.3
-54360.9
-54850.5
-55340.1
-55829.7
-56319.3
-56808.9
-57298.5
-57788.1
-58277.6
-58767.2
-59256.8
-59746.4
-60236
-60725.6
-61215.2
-61704.8
-62194.4
-62684
-63173.6
-63663.2
-64152.8
-64642.4
-65132
-65621.6
-66111.1
-66600.7
-67090.3
-67579.9
-68069.5
-68559.1
-69048.7
-69538.3
-70027.9
-70517.5
-71007.1
-71496.7
-71986.3
-72475.9
-72965.5
-73455.1
-73944.6
-74434.2
-74923.8
-75413.4
-75903
-76392.6
-76882.2
-77371.8
-77861.4
-78351
-78840.6
-79330.2
-79819.8
-80309.4
-80799
-81288.6
-81778.1
-82267.7
-82757.3
-83246.9
-83736.5
-84226.1
-84715.7
-85205.3
-85694.9
-86184.5
-86674.1
-87163.7
-87653.3
-88142.9
-88632.5
-89122.1
-89611.6
-90101.2
-90590.8
-91080.4
-91570
-92059.6
-92549.2
-93038.8
-93528.4
-94018
-94507.6
-94997.2
-95486.8
-95976.4
-96466
-96955.6
-97445.1
-97934.7
-98424.3
-98913.9
-99403.5
-99893.1
-100383
-100872
-101362
-101851
-102341
-102831
-103320
-103810
-104299
-104789
-105279
-105768
-106258
-106747
-107237
-107706
-108142
-108579
-109016
-109453
-109890
-110327
-110764
-111201
-111638
-112049
-112452
-112856
-113259
-113662
-114066
-114469
-114873
-115276
-115679
-116083
-116486
-116889
-117293
-117696
-118100
-118503
-118906
-119310
-119713
-120116
-120520
-120923
-121327
-121730
-122133
-122537
-122940
-123343
-123747
-124110
-124457
-124805
-125152
-125500
-125847
-126195
-126542
-126890
-127237
-127585
-127932
-128280
-128627
-128975
-129322
-129670
-130017
-130365
-130712
-131060
-131407
-131755
-132102
-132450
-132797
-133145
-133492
-133840
-134187
-134534
-134882
-135229
-135577
-135924
-136272
-136619
-136967
-137314
-137662
-138009
-138357
-138704
-139052
-139399
-139747
-140094
-140442
-140789
-141137
-141484
-141832
-142179
-142527
-142874
-143222
-143569
-143916
-144264
-144611
-144959
-145306
-145654
-146001
-146349
-146696
-147044
-147391
-147739
-148086
-148434
-148781
-149129
-149476
-149824
-150171
-150519
-150866
-151214
-151561
-151909
-152256
-152604
-152951
-153299
-153646
-153993
-154341
-154688
-155036
-155383
-155731
-156078
-156426
-156773
-157121
-157468
-157816
-158163
-158511
-158729
-158886
-159042
-159199
-159355
-159512
-159669
-159825
-159982
-160138
-160295
-160452
-160608
-160765
-160921
-161078
-161198
-161234
-161269
-161304
-161339
-161375
-161410
-161445
-161480
-161515
-161551
-161586
-161621
-161656
-161692
-161727
-161762
-161797
-161832
-161868
-161903
-161938
-161973
-162009
-162044
-162079
-162114
-162150
-162185
-162220
-162255
-162290
-162326
-162361
-162396
-162431
-162467
-162502
-162537
-162572
-162607
-162643
-162678
-162713
-162748
-162784
-162819
-162854
-162889
-162924
-162960
-162995
-163030
-163065
-163101
-163136
-163171
-163206
-163242
-163277
-163312
-163347
-163382
-163418
-163453
-163488
-163523
-163559
-163594
-163629
-163664
-163699
-163735
-163770
-163805
-163840
-163876
-163911
-163946
-163981
-164016
-164052
-164087
-164122
-164157
-164193
-164228
-164263
-164298
-164334
-164369
-164404
-164439
-164474
-164510
-164545
-164580
-164615
-164651
-164686
-164721
-164756
-164791
-164827
-164862
-164897
-164932
-164968
-165003
-165038
-165073
-165109
-165144
-165179
-165214
-165249
-165285
-165320
-165355
-165390
-165426
-165461
-165496
-165520
-165530
-165540
-165550
-165560
-165570
-165580
-165590
-165600
-165610
-165620
-165630
-165640
-165650
-165660
-165670
-165680
-165690
-165700
-165710
-165720
-165730
-165740
-165750
-165760
-165770
-165780
-165790
-165800
-165810
-165820
-165830
-165840
-165850
-165860
-165870
-165880
-165890
-165900
-165910
-165919
-165929
-165939
-165949
-165959
-165969
-165979
-165989
-165999
-166009
-166019
-166029
-166039
-166049
-166059
-166069
-166079
-166089
-166099
-166109
-166119
-166129
-166139
-166149
-166159
-166169
-166179
-166189
-166199
-166209
-166219
-166229
-166239
-166249
-166259
-166269
-166279
-166289
-166299
-166309
-166319
-166329
-166339
-166349
-166359
-166369
-166379
-166389
-166399
-166409
-166419
-166429
-166439
-166449
-166459
-166468
-166478
-166488
-166498
-166508
-166518
-166528
-166538
-166548
-166558
-166568
-166578
-166588
-166598
-166608
-166618
-166628
-166638
-166648
-166658
-166668
-166678
-166688
-166698
-166708
-166718
-166728
-166738
-166748
-166758
-166768
-166778
-166788
-166798
-166808
-166818
-166828
-166838
-166848
-166858
-166868
-166878
-166888
-166898
-166908
-166918
-166928
-166938
-166948
-166958
-166968
-166978
-166988
-166998
-167007
-167017
-167027
-167037
-167047
-167057
-167067
-167077
-167087
-167097
-167107
-167117
-167127
-167137
-167147
-167157
-167167
-167177
-167187
-167197
-167207
-167217
-167227
-167237
-167247
-167257
-167267
-167277
-167287
-167297
-167307
-167317
-167327
-167337
-167347
-167357
-167367
-167377
-167387
-167397
-167407
-167417
-167427
-167437
-167447
-167457
-167467
-167477
-167487
-167497
-167507
-167517
-167527
-167537
-167547
-167556
-167566
-167576
-167586
-167596
-167606
-167616
-167626
-167636
-167646
-167656
-167666
-167676
-167686
-167696
-167706
-167716
-167726
-167736
-167746
-167756
-167766
-167776
-167786
-167796
-167806
-167816
-167826
-167836
-167846
-167856
-167866
-167876
-167886
-167896
-167906
-167916
-167926
-167936
-167946
-167956
-167966
-167976
-167986
-167996
-168006
-168016
-168026
-168036
-168046
-168056
-168066
-168076
-168086
-168096
-168105
-168115
-168125
-168135
-168145
-168155
-168165
-168175
-168185
-168195
-168205
-168215
-168225
-168235
-168245
-168255
-168265
-168275
-168285
-168295
-168305
-168315
-168325
-168335
-168345
-168355
-168365
-168375
-168385
-168395
-168405
-168415
-168425
-168435
-168445
-168455
-168465
-168475
-168485
-168495
-168505
-168515
-168525
-168535
-168545
-168555
-168565
-168575
-168585
-168595
-168605
-168615
-168625
-168635
-168645
-168654
-168664
-168674
-168684
-168694
-168704
-168714
-168724
-168734
-168744
-168754
-168764
-168774
-168784
-168794
-168804
-168814
-168824
-168834
-168844
-168854
-168864
-168874
-168884
-168894
-168904
-168914
-168924
-168934
-168944
-168954
-168964
-168974
-168984
-168994
-169004
-169014
-169024
-169034
-169044
-169054
-169064
-169074
-169084
-169094
-169104
-169114
-169124
-169134
-169144
-169154
-169164
-169174
-169184
-169193
-169203
-169213
-169223
-169233
-169243
-169253
-169263
-169273
-169283
-169293
-169303
-169313
-169323
-169333
-169343
-169353
-169363
-169373
-169383
-169393
-169403
-169413
-169423
-169433
-169443
-169453
-169463
-169473
-169483
-169493
-169503
-169513
-169523
-169533
-169543
-169553
-169563
-169573
-169583
-169593
-169603
-169613
-169623
-169633
-169643
-169653
-169663
-169673
-169683
-169693
-169703
-169713
-169723
-169733
-169742
-169752
-169762
-169772
-169782
-169792
-169802
-169812
-169822
-169832
-169842
-169852
-169862
-169872
-169882
-169892
-169902
-169912
-169922
-169932
-169942
-169952
-169962
-169972
-169982
-169992
-170002
-170012
-170022
-170032
-170042
-170052
-170062
-170072
-170082
-170092
-170102
-170112
-170122
-170132
-170142
-170152
-170162
-170172
-170182
-170192
-170202
-170212
-170222
-170232
-170242
-170252
-170262
-170272
-170282
-170291
-170301
-170311
-170321
-170331
-170341
-170351
-170361
-170371
-170381
-170391
-170401
-170411
-170421
-170431
-170441
-170451
-170461
-170471
-170481
-170491
-170501
-170511
-170521
-170531
-170541
-170551
-170561
-170571
-170581
-170591
-170601
-170611
-170621
-170631
-170641
-170651
-170661
-170671
-170681
-170691
-170701
-170711
-170721
