-1541.92
-3076.44
-3694.52
-3837.41
-3980.3
-4123.2
-4266.09
-4408.98
-4551.87
-4694.76
-4837.65
-4980.54
-5123.43
-5266.32
-5409.21
-5552.1
-5694.99
-5837.88
-5980.77
-6123.66
-6266.55
-6409.44
-6552.33
-6695.22
-6838.12
-6981.01
-7123.9
-7266.79
-7409.68
-7552.57
-7695.46
-7838.35
-7981.24
-8124.13
-8267.02
-8409.91
-8552.8
-8695.69
-8838.58
-8981.47
-9124.36
-9267.25
-9410.15
-9553.04
-9695.93
-9838.82
-9981.71
-10124.6
-10267.5
-10410.4
-10553.3
-10696.2
-10839.1
-10981.9
-11124.8
-11267.7
-11410.6
-11553.5
-11696.4
-11839.3
-11982.2
-12125.1
-12268
-12410.8
-12553.7
-12696.6
-12839.5
-12982.4
-13125.3
-13268.2
-13411.1
-13554
-13696.9
-13839.8
-13982.6
-14125.5
-14268.4
-14411.3
-14554.2
-14697.1
-14840
-14982.9
-15125.8
-15268.7
-15411.5
-15554.4
-15697.3
-15840.2
-15983.1
-16126
-16268.9
-16411.8
-16554.7
-16697.6
-16840.5
-16983.3
-17126.2
-17269.1
-17412
-17554.9
-17697.8
-17840.7
-17983.6
-18126.5
-18269.4
-18412.2
-18555.1
-18698
-18840.9
-18983.8
-19126.7
-19269.6
-19412.5
-19555.4
-19698.3
-19841.2
-19984
-20126.9
-20269.8
-20412.7
-20555.6
-20698.5
-20841.4
-20984.3
-21127.2
-21270.1
-21413
-21555.8
-21698.7
-21841.6
-21984.5
-22127.4
-22270.3
-22413.2
-22556.1
-22699
-22841.9
-22984.7
-23127.6
-23270.5
-23413.4
-23556.3
-23699.2
-23842.1
-23985
-24127.9
-24270.8
-24413.7
-24556.5
-24699.4
-24842.3
-24985.2
-25128.1
-25271
-25413.9
-25556.8
-25699.7
-25842.6
-25985.4
-26128.3
-26271.2
-26414.1
-26557
-26699.9
-26842.8
-26985.7
-27128.6
-27271.5
-27414.4
-27557.2
-27700.1
-27843
-27985.9
-28128.8
-28271.7
-28414.6
-28557.5
-28700.4
-28843.3
-28986.1
-29129
-29271.9
-29414.8
-29557.7
-29700.6
-29843.5
-29986.4
-30129.3
-30272.2
-30415.1
-30557.9
-30700.8
-30843.7
-30986.6
-31129.5
-31272.4
-31415.3
-31554.2
-31691.1
-31828.1
-31962.8
-32093.9
-32225.1
-32356.2
-32487.3
-32618.5
-32749.6
-32880.8
-33011.9
-33143
-33274.2
-33405.3
-33536.5
-33667.6
-33798.7
-33929.9
-34061
-34192.2
-34323.3
-34454.4
-34585.6
-34716.7
-34847.9
-34979
-35110.1
-35241.3
-35372.4
-35503.6
-35634.7
-35765.8
-35897
-36028.1
-36159.3
-36290.4
-36421.5
-36552.7
-36683.8
-36815
-36946.1
-37077.3
-37208.4
-37339.5
-37470.7
-37601.8
-37733
-37864.1
-37995.2
-38126.4
-38257.5
-38388.7
-38519.8
-38648.2
-38774.7
-38901.2
-39027.6
-39154.1
-39280.6
-39407.1
-39533.6
-39660.1
-39786.6
-39913.1
-40039.6
-40166.1
-40292.6
-40416.3
-40538.4
-40660.5
-40782.5
-40904.6
-41026.7
-41148.8
-41270.9
-41393
-41515.1
-41637.2
-41759.2
-41881.3
-42003.4
-42125.5
-42247.6
-42369.7
-42491.8
-42613.8
-42735.9
-42858
-42980.1
-43102.2
-43224.3
-43346.4
-43468.5
-43590.5
-43712.6
-43834.7
-43956.8
-44078.9
-44201
-44323.1
-44445.1
-44567.2
-44689.3
-44811.4
-44933.5
-45049.6
-45142.4
-45235.1
-45327.9
-45420.6
-45513.3
-45606.1
-45698.8
-45791.5
-45884.3
-45977
-46069.8
-46162.5
-46255.2
-46348
-46440.7
-46533.5
-46626.2
-46718.9
-46811.7
-46904.4
-46997.1
-47089.9
-47182.6
-47275.4
-47368.1
-47460.8
-47553.6
-47646.3
-47739.1
-47831.8
-47924.5
-48005.4
-48076.7
-48148
-48219.3
-48290.6
-48361.9
-48412.7
-48462.9
-48513
-48563.2
-48613.4
-48663.6
-48713.8
-48764
-48814.1
-48864.3
-48914.5
-48964.7
-49014.9
-49065.1
-49115.3
-49165.4
-49215.6
-49265.8
-49316
-49366.2
-49416.4
-49466.5
-49516.7
-49566.9
-49617.1
-49667.3
-49717.5
-49767.7
-49817.8
-49868
-49918.2
-49968.4
-50018.6
-50068.8
-50118.9
-50169.1
-50219.3
-50269.5
-50319.7
-50369.9
-50420
-50470.2
-50520.4
-50570.6
-50620.8
-50671
-50721.2
-50771.3
-50821.5
-50871.7
-50921.9
-50972.1
-51022.3
-51072.4
-51122.6
-51172.8
-51223
-51273.2
-51323.4
-51373.6
-51423.7
-51473.9
-51524.1
-51574.3
-51624.5
-51674.7
-51724.8
-51775
-51825.2
-51875.4
-51925.6
-51975.8
-52025.9
-52076.1
-52126.3
-52176.5
-52226.7
-52276.9
-52327.1
-52377.2
-52427.4
-52477.6
-52527.8
-52578
-52628.2
-52678.3
-52718.2
-52751.6
-52784.9
-52818.3
-52851.6
-52885
-52918.3
-52951.6
-52985
-53018.3
-53051.7
-53085
-53118.4
-53151.7
-53185.1
-53218.4
-53251.8
-53285.1
-53318.5
-53351.8
-53385.2
-53418.5
-53451.8
-53485.2
-53504.7
-53522.1
-53539.5
-53556.9
-53574.3
-53591.7
-53609.1
-53626.5
-53643.9
-53661.2
-53678.6
-53696
-53713.4
-53730.8
-53748.2
-53765.6
-53783
-53800.4
-53817.8
-53835.2
-53852.6
-53870
-53887.4
-53904.8
-53922.2
-53939.6
-53957
-53974.4
-53991.8
-54009.2
-54026.5
-54043.9
-54061.3
-54078.7
-54096.1
-54113.5
-54130.9
-54148.3
-54165.7
-54183.1
-54200.5
-54217.9
-54235.3
-54252.7
-54270.1
-54287.5
-54304.9
-54322.3
-54339.7
-54357.1
-54374.4
-54391.8
-54409.2
-54426.6
-54444
-54461.4
-54478.8
-54496.2
-54513.6
-54531
-54548.4
-54565.8
-54583.2
-54600.6
-54618
-54635.4
-54652.8
-54670.2
-54687.6
-54705
-54722.4
-54739.7
-54757.1
-54774.5
-54791.9
-54809.3
-54826.7
-54844.1
-54861.5
-54878.9
-54896.3
-54913.7
-54931.1
-54948.5
-54965.9
-54983.3
-55000.7
-55018.1
-55035.5
-55052.9
-55070.3
-55087.6
-55105
-55122.4
-55139.8
-55157.2
-55174.6
-55192
-55209.4
-55226.8
-55244.2
-55261.6
-55279
-55296.4
-55313.8
-55331.2
-55348.6
-55366
-55383.4
-55400.8
-55418.2
-55435.6
-55452.9
-55470.3
-55487.7
-55505.1
-55522.5
-55539.9
-55557.3
-55574.7
-55592.1
-55609.5
-55626.9
-55644.3
-55661.7
-55679.1
-55696.5
-55713.9
-55731.3
-55748.7
-55766.1
-55783.5
-55800.8
-55818.2
-55835.6
-55853
-55870.4
-55887.8
-55905.2
-55922.6
-55940
-55957.4
-55974.8
-55992.2
-56009.6
-56027
-56044.4
-56061.8
-56079.2
-56096.6
-56114
-56131.4
-56148.7
-56166.1
-56183.5
-56200.9
-56213
-56217.1
-56221.2
-56225.4
-56229.5
-56233.7
-56237.8
-56241.9
-56246.1
-56250.2
-56254.4
-56258.5
-56262.6
-56266.8
-56270.9
-56275.1
-56279.2
-56283.3
-56287.5
-56291.6
-56295.8
-56299.9
-56304
-56308.2
-56312.3
-56316.4
-56320.6
-56324.7
-56328.9
-56333
-56337.1
-56341.3
-56345.4
-56349.6
-56353.7
-56357.8
-56362
-56366.1
-56370.3
-56374.4
-56378.5
-56382.7
-56386.8
-56391
-56395.1
-56399.2
-56403.4
-56407.5
-56411.7
-56415.8
-56419.9
-56424.1
-56428.2
-56432.4
-56436.5
-56440.6
-56444.8
-56448.9
-56453.1
-56457.2
-56461.3
-56465.5
-56469.6
-56473.7
-56477.9
-56482
-56486.2
-56490.3
-56494.4
-56498.6
-56502.7
-56506.9
-56511
-56515.1
-56519.3
-56523.4
-56527.6
-56531.7
-56535.8
-56540
-56544.1
-56548.3
-56552.4
-56556.5
-56560.7
-56564.8
-56569
-56573.1
-56577.2
-56581.4
-56585.5
-56589.7
-56593.8
-56597.9
-56602.1
-56606.2
-56610.4
-56614.5
-56618.6
-56622.8
-56626.9
-56631
-56635.2
-56639.3
-56643.5
-56647.6
-56651.7
-56655.9
-56660
-56664.2
-56668.3
-56672.4
-56676.6
-56680.7
-56684.9
-56689
-56693.1
-56697.3
-56701.4
-56705.6
-56709.7
-56713.8
-56718
-56722.1
-56726.3
-56730.4
-56734.5
-56738.7
-56742.8
-56747
-56751.1
-56755.2
-56759.4
-56763.5
-56767.7
-56771.8
-56775.9
-56780.1
-56784.2
-56788.3
-56792.5
-56796.6
-56800.8
-56804.9
-56809
-56813.2
-56817.3
-56821.5
-56825.6
-56829.7
-56833.9
-56838
-56842.2
-56846.3
-56850.4
-56854.6
-56858.7
-56862.9
-56867
-56871.1
-56875.3
-56879.4
-56883.6
-56887.7
-56891.8
-56896
-56900.1
-56904.3
-56908.4
-56912.5
-56916.7
-56920.8
-56925
-56929.1
-56933.2
-56937.4
-56941.5
-56945.6
-56949.8
-56953.9
-56958.1
-56962.2
-56966.3
-56970.5
-56974.6
-56978.8
-56982.9
-56987
-56991.2
-56995.3
-56999.5
-57003.6
-57007.7
-57011.9
-57016
-57020.2
-57024.3
-57028.4
-57032.6
-57036.7
-57040.9
-57045
-57049.1
-57053.3
-57057.4
-57061.6
-57065.7
-57069.8
-57074
-57078.1
-57082.3
-57086.4
-57090.5
-57094.7
-57098.8
-57102.9
-57107.1
-57111.2
-57115.4
-57119.5
-57123.6
-57127.8
-57131.9
-57136.1
-57140.2
-57144.3
-57148.5
-57152.6
-57156.8
-57160.9
-57165
-57169.2
-57173.3
-57177.5
-57181.6
-57185.7
-57189.9
-57194
-57198.2
-57202.3
-57206.4
-57210.6
-57214.7
-57218.9
-57223
-57227.1
-57231.3
-57235.4
-57239.6
-57243.7
-57247.8
-57252
-57256.1
-57260.2
-57264.4
-57268.5
-57272.7
-57276.8
-57280.9
-57285.1
-57289.2
-57293.4
-57297.5
-57301.6
-57305.8
-57309.9
-57314.1
-57318.2
-57322.3
-57326.5
-57330.6
-57334.8
-57338.9
-57343
-57347.2
-57351.3
-57355.5
-57359.6
-57363.7
-57367.9
-57372
-57376.2
-57380.3
-57384.4
-57388.6
-57392.7
-57396.9
-57401
-57405.1
-57409.3
-57413.4
-57417.5
-57421.7
-57425.8
-57430
-57434.1
-57438.2
-57442.4
-57446.5
-57450.7
-57454.8
-57458.9
-57463.1
-57467.2
-57471.4
-57475.5
-57479.6
-57483.8
-57487.9
-57492.1
-57496.2
-57500.3
-57504.5
-57508.6
-57512.8
-57516.9
-57521
-57525.2
-57529.3
-57533.5
-57537.6
-57541.7
-57545.9
-57550
-57554.2
-57558.3
-57562.4
-57566.6
-57570.7
-57574.8
-57579
-57583.1
-57587.3
-57591.4
-57595.5
-57599.7
-57603.8
-57608
-57612.1
-57616.2
-57620.4
-57624.5
-57628.7
-57632.8
-57636.9
-57641.1
-57645.2
-57649.4
-57653.5
-57657.6
-57661.8
-57665.9
-57670.1
-57674.2
-57678.3
-57682.5
-57686.6
-57690.8
-57694.9
-57699
-57703.2
-57707.3
-57711.5
-57715.6
-57719.7
-57723.9
-57728
-57732.1
-57736.3
-57740.4
-57744.6
-57748.7
-57752.8
-57757
-57761.1
-57765.3
-57769.4
-57773.5
-57777.7
-57781.8
-57786
-57790.1
-57794.2
-57798.4
-57802.5
-57806.7
-57810.8
-57814.9
-57819.1
-57823.2
-57827.4
-57831.5
-57835.6
