-3875.04
-7665.86
-8700.41
-9061.97
-9423.53
-9785.09
-10146.6
-10508.2
-10869.8
-11231.3
-11592.9
-11954.4
-12316
-12677.6
-13039.1
-13400.7
-13762.2
-14123.8
-14485.3
-14846.9
-15208.5
-15570
-15931.6
-16293.1
-16654.7
-17016.3
-17377.8
-17739.4
-18100.9
-18462.5
-18824
-19185.6
-19547.2
-19908.7
-20270.3
-20631.8
-20993.4
-21355
-21716.5
-22078.1
-22439.6
-22801.2
-23162.7
-23524.3
-23885.9
-24247.4
-24609
-24970.5
-25332.1
-25693.7
-26055.2
-26416.8
-26778.3
-27139.9
-27501.4
-27863
-28224.6
-28586.1
-28947.7
-29309.2
-29670.8
-30032.3
-30393.9
-30755.5
-31117
-31478.6
-31840.1
-32201.7
-32563.3
-32924.8
-33286.4
-33647.9
-34009.5
-34371
-34732.6
-35094.2
-35455.7
-35817.3
-36178.8
-36540.4
-36902
-37263.5
-37625.1
-37986.6
-38348.2
-38709.7
-39071.3
-39432.9
-39794.4
-40156
-40517.5
-40879.1
-41240.7
-41602.2
-41963.8
-42325.3
-42686.9
-43048.4
-43410
-43771.6
-44133.1
-44494.7
-44856.2
-45217.8
-45579.4
-45940.9
-46302.5
-46664
-47025.6
-47387.1
-47748.7
-48110.3
-48471.8
-48833.4
-49194.9
-49556.5
-49918.1
-50279.6
-50641.2
-51002.7
-51364.3
-51725.8
-52087.4
-52449
-52810.5
-53172.1
-53533.6
-53895.2
-54256.8
-54618.3
-54979.9
-55341.4
-55703
-56064.5
-56426.1
-56787.7
-57149.2
-57510.8
-57872.3
-58233.9
-58595.5
-58957
-59318.6
-59680.1
-60041.7
-60403.2
-60764.8
-61126.4
-61487.9
-61849.5
-62211
-62572.6
-62934.2
-63295.7
-63657.3
-64018.8
-64380.4
-64741.9
-65103.5
-65465.1
-65826.6
-66188.2
-66549.7
-66911.3
-67272.8
-67634.4
-67996
-68357.5
-68719.1
-69080.6
-69442.2
-69803.8
-70165.3
-70526.9
-70888.4
-71250
-71611.5
-71973.1
-72334.7
-72696.2
-73057.8
-73419.3
-73780.9
-74142.5
-74504
-74865.6
-75227.1
-75588.7
-75950.2
-76305
-76654.2
-77003.4
-77352.6
-77701.9
-78051.1
-78397.8
-78735.1
-79072.4
-79409.6
-79746.9
-80084.2
-80421.5
-80758.8
-81096
-81433.3
-81770.6
-82107.9
-82445.2
-82782.4
-83119.7
-83457
-83794.3
-84131.6
-84468.8
-84806.1
-85143.4
-85480.7
-85817.9
-86155.2
-86492.5
-86829.8
-87167.1
-87504.3
-87841.6
-88178.9
-88516.2
-88846.2
-89173.1
-89500.1
-89827
-90154
-90480.9
-90807.9
-91134.8
-91461.8
-91788.7
-92115.7
-92442.6
-92769.6
-93096.5
-93423.5
-93750.4
-94077.4
-94404.3
-94731.3
-95058.2
-95385.2
-95712.1
-96039.1
-96366
-96691.2
-97008.9
-97326.5
-97644.1
-97961.8
-98279.4
-98597
-98914.6
-99232.3
-99549.9
-99867.5
-100185
-100503
-100820
-101138
-101456
-101740
-101957
-102175
-102392
-102609
-102826
-103044
-103261
-103478
-103696
-103913
-104130
-104348
-104565
-104782
-105000
-105217
-105434
-105652
-105869
-106086
-106304
-106521
-106738
-106956
-107173
-107390
-107608
-107825
-108042
-108260
-108477
-108694
-108912
-109129
-109346
-109564
-109781
-109998
-110216
-110433
-110650
-110867
-111085
-111302
-111519
-111737
-111954
-112171
-112389
-112606
-112823
-113041
-113258
-113475
-113693
-113868
-114041
-114213
-114386
-114559
-114731
-114904
-115077
-115249
-115422
-115588
-115717
-115846
-115976
-116105
-116235
-116364
-116493
-116623
-116752
-116882
-117011
-117140
-117270
-117399
-117529
-117658
-117787
-117917
-118046
-118176
-118305
-118434
-118564
-118693
-118823
-118952
-119081
-119211
-119340
-119470
-119599
-119728
-119858
-119987
-120116
-120246
-120375
-120505
-120634
-120763
-120893
-121022
-121152
-121281
-121410
-121540
-121669
-121799
-121928
-122057
-122187
-122305
-122397
-122489
-122581
-122673
-122765
-122857
-122949
-123041
-123133
-123225
-123317
-123409
-123501
-123593
-123685
-123777
-123869
-123961
-124053
-124145
-124237
-124329
-124421
-124513
-124605
-124697
-124789
-124881
-124973
-125065
-125157
-125249
-125341
-125432
-125524
-125616
-125708
-125800
-125892
-125984
-126076
-126148
-126206
-126264
-126322
-126381
-126439
-126497
-126555
-126613
-126672
-126730
-126788
-126846
-126905
-126963
-127021
-127079
-127137
-127196
-127254
-127312
-127370
-127429
-127487
-127545
-127603
-127662
-127720
-127778
-127836
-127894
-127953
-128011
-128069
-128127
-128186
-128244
-128302
-128360
-128419
-128477
-128535
-128593
-128651
-128710
-128768
-128826
-128884
-128943
-129001
-129059
-129117
-129175
-129234
-129292
-129350
-129408
-129467
-129525
-129583
-129641
-129700
-129758
-129816
-129874
-129932
-129991
-130049
-130107
-130165
-130224
-130282
-130340
-130398
-130456
-130515
-130573
-130631
-130689
-130748
-130806
-130864
-130922
-130981
-131039
-131097
-131155
-131213
-131272
-131330
-131388
-131446
-131505
-131563
-131621
-131679
-131738
-131796
-131854
-131912
-131970
-132029
-132087
-132145
-132203
-132262
-132320
-132348
-132361
-132374
-132387
-132400
-132412
-132425
-132438
-132451
-132464
-132477
-132490
-132503
-132516
-132529
-132542
-132555
-132568
-132580
-132593
-132606
-132619
-132632
-132645
-132658
-132671
-132684
-132697
-132710
-132723
-132736
-132748
-132761
-132774
-132787
-132800
-132813
-132826
-132839
-132852
-132865
-132878
-132891
-132904
-132916
-132929
-132942
-132955
-132968
-132981
-132994
-133007
-133020
-133033
-133046
-133059
-133072
-133084
-133097
-133110
-133123
-133136
-133149
-133162
-133175
-133188
-133201
-133214
-133227
-133240
-133252
-133265
-133278
-133291
-133304
-133317
-133330
-133343
-133356
-133369
-133382
-133395
-133408
-133421
-133433
-133446
-133459
-133472
-133485
-133498
-133511
-133524
-133537
-133550
-133563
-133576
-133589
-133601
-133614
-133627
-133640
-133653
-133666
-133679
-133692
-133705
-133718
-133731
-133744
-133757
-133769
-133782
-133795
-133808
-133821
-133834
-133847
-133860
-133873
-133886
-133899
-133912
-133925
-133937
-133950
-133963
-133976
-133989
-134002
-134015
-134028
-134041
-134054
-134067
-134080
-134093
-134105
-134118
-134131
-134144
-134157
-134170
-134183
-134196
-134209
-134222
-134235
-134248
-134261
-134273
-134286
-134299
-134312
-134325
-134338
-134351
-134364
-134377
-134390
-134403
-134416
-134429
-134442
-134454
-134467
-134480
-134493
-134506
-134519
-134532
-134545
-134558
-134571
-134584
-134597
-134610
-134622
-134635
-134648
-134661
-134674
-134687
-134700
-134713
-134726
-134739
-134752
-134765
-134778
-134790
-134803
-134816
-134829
-134842
-134855
-134868
-134881
-134894
-134907
-134920
-134933
-134946
-134958
-134971
-134984
-134997
-135010
-135023
-135036
-135049
-135062
-135075
-135088
-135101
-135114
-135126
-135139
-135152
-135165
-135178
-135191
-135204
-135217
-135230
-135243
-135256
-135269
-135282
-135294
-135307
-135320
-135333
-135346
-135359
-135372
-135385
-135398
-135411
-135424
-135437
-135450
-135463
-135475
-135488
-135501
-135514
-135527
-135540
-135553
-135566
-135579
-135592
-135605
-135618
-135631
-135643
-135656
-135669
-135682
-135695
-135708
-135721
-135734
-135747
-135760
-135773
-135786
-135799
-135811
-135824
-135837
-135850
-135863
-135876
-135889
-135902
-135915
-135928
-135941
-135954
-135967
-135979
-135992
-136005
-136018
-136031
-136044
-136057
-136070
-136083
-136096
-136109
-136122
-136135
-136147
-136160
-136173
-136186
-136199
-136212
-136225
-136238
-136251
-136264
-136277
-136290
-136303
-136315
-136328
-136341
-136354
-136367
-136380
-136393
-136406
-136419
-136432
-136445
-136458
-136471
-136484
-136496
-136509
-136522
-136535
-136548
-136561
-136574
-136587
-136600
-136613
-136626
-136639
-136652
-136664
-136677
-136690
-136703
-136716
-136729
-136742
-136755
-136768
-136781
-136794
-136807
-136820
-136832
-136845
-136858
-136871
-136884
-136897
-136910
-136923
-136936
-136949
-136962
-136975
-136988
-137000
-137013
-137026
-137039
-137052
-137065
-137078
-137091
-137104
-137117
-137130
-137143
-137156
-137168
-137181
-137194
-137207
-137220
-137233
-137246
-137259
-137272
-137285
-137298
-137311
-137324
-137336
-137349
-137362
-137375
-137388
-137401
-137414
-137427
-137440
-137453
-137466
-137479
-137492
-137505
-137517
-137530
-137543
-137556
-137569
-137582
-137595
-137608
-137621
-137634
-137647
-137660
-137673
-137685
-137698
-137711
-137724
-137737
-137750
-137763
-137776
-137789
-137802
-137815
-137828
-137841
-137853
-137866
-137879
-137892
-137905
-137918
-137931
-137944
-137957
-137970
-137983
-137996
-138009
-138021
-138034
-138047
-138060
-138073
-138086
-138099
-138112
-138125
-138138
-138151
-138164
-138177
-138189
-138202
-138215
-138228
-138241
-138254
-138267
-138280
-138293
-138306
-138319
-138332
-138345
-138357
-138370
