-4717.81
-9424.19
-10015.7
-10446.3
-10876.9
-11307.5
-11738.1
-12168.8
-12599.4
-13030
-13460.6
-13891.2
-14321.8
-14752.5
-15183.1
-15613.7
-16044.3
-16474.9
-16905.5
-17336.2
-17766.8
-18197.4
-18628
-19058.6
-19489.2
-19919.8
-20350.5
-20781.1
-21211.7
-21642.3
-22072.9
-22503.5
-22934.2
-23364.8
-23795.4
-24226
-24656.6
-25087.2
-25517.9
-25948.5
-26379.1
-26809.7
-27240.3
-27670.9
-28101.6
-28532.2
-28962.8
-29393.4
-29824
-30254.6
-30685.2
-31115.9
-31546.5
-31977.1
-32407.7
-32838.3
-33268.9
-33699.6
-34130.2
-34560.8
-34991.4
-35422
-35852.6
-36283.3
-36713.9
-37144.5
-37575.1
-38005.7
-38436.3
-38867
-39297.6
-39728.2
-40158.8
-40589.4
-41020
-41450.6
-41881.3
-42311.9
-42742.5
-43173.1
-43603.7
-44034.3
-44465
-44895.6
-45326.2
-45756.8
-46187.4
-46618
-47048.7
-47479.3
-47909.9
-48340.5
-48771.1
-49201.7
-49632.3
-50063
-50493.6
-50924.2
-51354.8
-51785.4
-52216
-52646.7
-53077.3
-53507.9
-53938.5
-54369.1
-54799.7
-55230.4
-55661
-56091.6
-56522.2
-56952.8
-57383.4
-57814.1
-58244.7
-58675.3
-59105.9
-59536.5
-59967.1
-60397.7
-60828.4
-61259
-61689.6
-62120.2
-62550.8
-62981.4
-63412.1
-63842.7
-64273.3
-64703.9
-65134.5
-65565.1
-65995.8
-66426.4
-66857
-67287.6
-67718.2
-68148.8
-68579.5
-69010.1
-69440.7
-69871.3
-70301.9
-70732.5
-71163.1
-71593.8
-72024.4
-72455
-72885.6
-73316.2
-73746.8
-74177.5
-74608.1
-75038.7
-75469.3
-75899.9
-76330.5
-76761.2
-77191.8
-77622.4
-78053
-78483.6
-78914.2
-79344.8
-79775.5
-80206.1
-80636.7
-81067.3
-81497.9
-81928.5
-82359.2
-82789.8
-83220.4
-83651
-84081.6
-84512.2
-84942.9
-85373.5
-85804.1
-86234.7
-86665.3
-87095.9
-87526.6
-87957.2
-88387.8
-88818.4
-89249
-89679.6
-90110.2
-90540.9
-90971.5
-91402.1
-91832.7
-92263.3
-92693.9
-93124.6
-93555.2
-93985.8
-94416.4
-94826
-95203.9
-95581.8
-95959.8
-96337.7
-96715.6
-97093.5
-97471.4
-97849.3
-98227.2
-98605.2
-98961
-99305.6
-99650.2
-99994.8
-100339
-100684
-101028
-101373
-101718
-102062
-102407
-102751
-103096
-103440
-103785
-104130
-104474
-104819
-105163
-105508
-105852
-106197
-106542
-106886
-107231
-107575
-107920
-108264
-108609
-108940
-109266
-109592
-109918
-110244
-110570
-110896
-111222
-111548
-111874
-112200
-112526
-112852
-113178
-113503
-113829
-114155
-114481
-114807
-115133
-115459
-115785
-116111
-116437
-116763
-117089
-117415
-117741
-118067
-118393
-118719
-119044
-119370
-119696
-120022
-120348
-120674
-121000
-121326
-121652
-121978
-122304
-122630
-122956
-123282
-123608
-123934
-124260
-124585
-124911
-125237
-125563
-125889
-126215
-126541
-126867
-127193
-127519
-127845
-128171
-128497
-128823
-129149
-129475
-129801
-130126
-130452
-130778
-131104
-131430
-131756
-132082
-132408
-132734
-133060
-133386
-133712
-134038
-134364
-134690
-135016
-135342
-135667
-135993
-136319
-136645
-136971
-137297
-137623
-137949
-138275
-138601
-138927
-139253
-139579
-139905
-140231
-140557
-140883
-141208
-141405
-141540
-141675
-141810
-141945
-142080
-142216
-142351
-142486
-142621
-142756
-142891
-143026
-143161
-143296
-143431
-143566
-143701
-143785
-143800
-143814
-143828
-143843
-143857
-143871
-143886
-143900
-143914
-143929
-143943
-143957
-143972
-143986
-144000
-144014
-144029
-144043
-144057
-144072
-144086
-144100
-144115
-144129
-144143
-144158
-144172
-144186
-144201
-144215
-144229
-144244
-144258
-144272
-144287
-144301
-144315
-144330
-144344
-144358
-144373
-144387
-144401
-144415
-144430
-144444
-144458
-144473
-144487
-144501
-144516
-144530
-144544
-144559
-144573
-144587
-144602
-144616
-144630
-144645
-144659
-144673
-144688
-144702
-144716
-144731
-144745
-144759
-144774
-144788
-144802
-144817
-144831
-144845
-144859
-144874
-144888
-144902
-144917
-144931
-144945
-144960
-144974
-144988
-145003
-145017
-145031
-145046
-145060
-145074
-145089
-145103
-145117
-145132
-145146
-145160
-145175
-145189
-145203
-145218
-145232
-145246
-145261
-145275
-145289
-145303
-145318
-145332
-145346
-145361
-145375
-145389
-145404
-145418
-145432
-145447
-145461
-145475
-145490
-145504
-145515
-145521
-145526
-145532
-145538
-145544
-145550
-145556
-145562
-145568
-145574
-145580
-145586
-145591
-145597
-145603
-145609
-145615
-145621
-145627
-145633
-145639
-145645
-145651
-145656
-145662
-145668
-145674
-145680
-145686
-145692
-145698
-145704
-145710
-145716
-145721
-145727
-145733
-145739
-145745
-145751
-145757
-145763
-145769
-145775
-145780
-145786
-145792
-145798
-145804
-145810
-145816
-145822
-145828
-145834
-145840
-145845
-145851
-145857
-145863
-145869
-145875
-145881
-145887
-145893
-145899
-145905
-145910
-145916
-145922
-145928
-145934
-145940
-145946
-145952
-145958
-145964
-145970
-145975
-145981
-145987
-145993
-145999
-146005
-146011
-146017
-146023
-146029
-146035
-146040
-146046
-146052
-146058
-146064
-146070
-146076
-146082
-146088
-146094
-146100
-146105
-146111
-146117
-146123
-146129
-146135
-146141
-146147
-146153
-146159
-146164
-146170
-146176
-146182
-146188
-146194
-146200
-146206
-146212
-146218
-146224
-146229
-146235
-146241
-146247
-146253
-146259
-146265
-146271
-146277
-146283
-146289
-146294
-146300
-146306
-146312
-146318
-146324
-146330
-146336
-146342
-146348
-146354
-146359
-146365
-146371
-146377
-146383
-146389
-146395
-146401
-146407
-146413
-146419
-146424
-146430
-146436
-146442
-146448
-146454
-146460
-146466
-146472
-146478
-146484
-146489
-146495
-146501
-146507
-146513
-146519
-146525
-146531
-146537
-146543
-146548
-146554
-146560
-146566
-146572
-146578
-146584
-146590
-146596
-146602
-146608
-146613
-146619
-146625
-146631
-146637
-146643
-146649
-146655
-146661
-146667
-146673
-146678
-146684
-146690
-146696
-146702
-146708
-146714
-146720
-146726
-146732
-146738
-146743
-146749
-146755
-146761
-146767
-146773
-146779
-146785
-146791
-146797
-146803
-146808
-146814
-146820
-146826
-146832
-146838
-146844
-146850
-146856
-146862
-146867
-146873
-146879
-146885
-146891
-146897
-146903
-146909
-146915
-146921
-146927
-146932
-146938
-146944
-146950
-146956
-146962
-146968
-146974
-146980
-146986
-146992
-146997
-147003
-147009
-147015
-147021
-147027
-147033
-147039
-147045
-147051
-147057
-147062
-147068
-147074
-147080
-147086
-147092
-147098
-147104
-147110
-147116
-147122
-147127
-147133
-147139
-147145
-147151
-147157
-147163
-147169
-147175
-147181
-147187
-147192
-147198
-147204
-147210
-147216
-147222
-147228
-147234
-147240
-147246
-147251
-147257
-147263
-147269
-147275
-147281
-147287
-147293
-147299
-147305
-147311
-147316
-147322
-147328
-147334
-147340
-147346
-147352
-147358
-147364
-147370
-147376
-147381
-147387
-147393
-147399
-147405
-147411
-147417
-147423
-147429
-147435
-147441
-147446
-147452
-147458
-147464
-147470
-147476
-147482
-147488
-147494
-147500
-147506
-147511
-147517
-147523
-147529
-147535
-147541
-147547
-147553
-147559
-147565
-147570
-147576
-147582
-147588
-147594
-147600
-147606
-147612
-147618
-147624
-147630
-147635
-147641
-147647
-147653
-147659
-147665
-147671
-147677
-147683
-147689
-147695
-147700
-147706
-147712
-147718
-147724
-147730
-147736
-147742
-147748
-147754
-147760
-147765
-147771
-147777
-147783
-147789
-147795
-147801
-147807
-147813
-147819
-147825
-147830
-147836
-147842
-147848
-147854
-147860
-147866
-147872
-147878
-147884
-147890
-147895
-147901
-147907
-147913
-147919
-147925
-147931
-147937
-147943
-147949
-147954
-147960
-147966
-147972
-147978
-147984
-147990
-147996
-148002
-148008
-148014
-148019
-148025
-148031
-148037
-148043
-148049
-148055
-148061
-148067
-148073
-148079
-148084
-148090
-148096
-148102
-148108
-148114
-148120
-148126
-148132
-148138
-148144
-148149
-148155
-148161
-148167
-148173
-148179
-148185
-148191
-148197
-148203
-148209
-148214
-148220
-148226
-148232
-148238
-148244
-148250
-148256
-148262
-148268
-148274
-148279
-148285
-148291
-148297
-148303
-148309
-148315
-148321
-148327
-148333
-148338
-148344
-148350
-148356
-148362
-148368
-148374
-148380
-148386
-148392
-148398
-148403
-148409
-148415
-148421
-148427
-148433
-148439
-148445
-148451
-148457
-148463
-148468
-148474
-148480
-148486
-148492
-148498
-148504
-148510
-148516
-148522
-148528
-148533
-148539
-148545
-148551
-148557
-148563
-148569
-148575
-148581
-148587
-148593
