-5027.85
-9896.31
-10669.1
-11151.8
-11634.4
-12117.1
-12599.7
-13082.4
-13565.1
-14047.7
-14530.4
-15013
-15495.7
-15978.3
-16461
-16943.6
-17426.3
-17909
-18391.6
-18874.3
-19356.9
-19839.6
-20322.2
-20804.9
-21287.5
-21770.2
-22252.8
-22735.5
-23218.2
-23700.8
-24183.5
-24666.1
-25148.8
-25631.4
-26114.1
-26596.7
-27079.4
-27562.1
-28044.7
-28527.4
-29010
-29492.7
-29975.3
-30458
-30940.6
-31423.3
-31905.9
-32388.6
-32871.3
-33353.9
-33836.6
-34319.2
-34801.9
-35284.5
-35767.2
-36249.8
-36732.5
-37215.2
-37697.8
-38180.5
-38663.1
-39145.8
-39628.4
-40111.1
-40593.7
-41076.4
-41559
-42041.7
-42524.4
-43007
-43489.7
-43972.3
-44455
-44937.6
-45420.3
-45902.9
-46385.6
-46868.3
-47350.9
-47833.6
-48316.2
-48798.9
-49281.5
-49764.2
-50246.8
-50729.5
-51212.1
-51694.8
-52177.5
-52660.1
-53142.8
-53625.4
-54108.1
-54590.7
-55073.4
-55556
-56038.7
-56521.4
-57004
-57486.7
-57969.3
-58452
-58934.6
-59417.3
-59899.9
-60382.6
-60865.2
-61347.9
-61830.6
-62313.2
-62795.9
-63278.5
-63761.2
-64243.8
-64726.5
-65209.1
-65691.8
-66174.5
-66657.1
-67139.8
-67622.4
-68105.1
-68587.7
-69070.4
-69553
-70035.7
-70518.4
-71001
-71483.7
-71966.3
-72449
-72931.6
-73414.3
-73896.9
-74379.6
-74862.2
-75344.9
-75827.6
-76310.2
-76792.9
-77275.5
-77758.2
-78240.8
-78723.5
-79206.1
-79688.8
-80171.5
-80654.1
-81136.8
-81619.4
-82102.1
-82584.7
-83067.4
-83550
-84032.7
-84515.3
-84998
-85480.7
-85963.3
-86446
-86928.6
-87411.3
-87893.9
-88376.6
-88859.2
-89341.9
-89824.6
-90307.2
-90789.9
-91272.5
-91755.2
-92237.8
-92720.5
-93203.1
-93685.8
-94168.4
-94651.1
-95133.8
-95616.4
-96099.1
-96581.7
-97064.4
-97547
-98029.7
-98512.3
-98995
-99477.7
-99960.3
-100443
-100926
-101408
-101891
-102374
-102856
-103339
-103822
-104304
-104787
-105270
-105752
-106235
-106717
-107200
-107683
-108165
-108648
-109131
-109613
-110096
-110579
-111061
-111540
-112017
-112495
-112969
-113441
-113912
-114384
-114856
-115327
-115799
-116256
-116707
-117124
-117536
-117947
-118359
-118771
-119182
-119594
-120005
-120414
-120806
-121198
-121591
-121983
-122375
-122765
-123114
-123450
-123786
-124122
-124459
-124795
-125131
-125457
-125775
-126094
-126412
-126720
-127002
-127284
-127558
-127822
-128086
-128333
-128580
-128807
-129003
-129198
-129393
-129588
-129784
-129979
-130174
-130370
-130565
-130760
-130955
-131151
-131346
-131541
-131736
-131932
-132127
-132322
-132517
-132713
-132908
-133103
-133299
-133494
-133689
-133884
-134080
-134275
-134470
-134665
-134861
-135056
-135251
-135446
-135642
-135837
-136032
-136228
-136423
-136618
-136813
-137009
-137204
-137399
-137594
-137790
-137985
-138180
-138375
-138571
-138766
-138961
-139157
-139352
-139547
-139742
-139938
-140133
-140328
-140523
-140719
-140914
-141109
-141304
-141500
-141695
-141890
-142086
-142281
-142476
-142671
-142867
-143062
-143257
-143452
-143648
-143843
-144038
-144233
-144429
-144624
-144819
-145015
-145210
-145405
-145600
-145796
-145991
-146186
-146381
-146577
-146772
-146967
-147162
-147358
-147553
-147748
-147944
-148139
-148334
-148529
-148709
-148885
-149060
-149235
-149410
-149579
-149735
-149890
-150046
-150201
-150357
-150512
-150668
-150823
-150979
-151134
-151290
-151445
-151601
-151756
-151912
-152067
-152223
-152378
-152534
-152689
-152845
-153000
-153156
-153311
-153467
-153622
-153778
-153933
-154089
-154244
-154400
-154555
-154711
-154866
-155022
-155177
-155333
-155488
-155644
-155799
-155955
-156110
-156266
-156421
-156577
-156732
-156888
-157043
-157199
-157354
-157510
-157665
-157821
-157976
-158132
-158287
-158443
-158598
-158754
-158909
-159065
-159220
-159376
-159531
-159687
-159842
-159998
-160153
-160309
-160464
-160620
-160775
-160931
-161086
-161242
-161397
-161553
-161704
-161851
-161997
-162143
-162277
-162405
-162533
-162662
-162790
-162918
-163047
-163175
-163303
-163432
-163560
-163688
-163817
-163945
-164073
-164202
-164330
-164456
-164575
-164695
-164815
-164934
-165054
-165174
-165293
-165413
-165533
-165652
-165772
-165889
-165995
-166089
-166184
-166278
-166372
-166466
-166561
-166655
-166749
-166844
-166938
-167032
-167127
-167221
-167315
-167401
-167487
-167573
-167659
-167745
-167831
-167917
-168004
-168081
-168151
-168221
-168291
-168361
-168431
-168493
-168555
-168617
-168679
-168740
-168794
-168848
-168902
-168956
-169009
-169046
-169077
-169107
-169138
-169169
-169199
-169230
-169261
-169291
-169322
-169353
-169383
-169414
-169445
-169475
-169506
-169537
-169567
-169598
-169629
-169659
-169690
-169720
-169751
-169782
-169812
-169843
-169874
-169904
-169935
-169966
-169996
-170027
-170058
-170088
-170119
-170150
-170180
-170211
-170242
-170272
-170303
-170334
-170364
-170395
-170426
-170456
-170487
-170518
-170548
-170579
-170610
-170640
-170671
-170702
-170732
-170763
-170794
-170824
-170855
-170885
-170916
-170947
-170977
-171008
-171039
-171069
-171100
-171131
-171161
-171192
-171223
-171253
-171284
-171315
-171345
-171376
-171407
-171437
-171468
-171499
-171529
-171560
-171591
-171621
-171652
-171683
-171713
-171744
-171775
-171805
-171836
-171867
-171897
-171928
-171959
-171989
-172020
-172051
-172081
-172112
-172142
-172173
-172204
-172234
-172265
-172296
-172326
-172357
-172388
-172418
-172449
-172480
-172510
-172541
-172572
-172602
-172633
-172664
-172694
-172725
-172756
-172786
-172817
-172848
-172878
-172909
-172940
-172970
-173001
-173032
-173062
-173093
-173124
-173154
-173185
-173216
-173246
-173277
-173307
-173338
-173369
-173399
-173430
-173461
-173491
-173522
-173553
-173583
-173614
-173645
-173675
-173706
-173737
-173767
-173798
-173829
-173859
-173890
-173921
-173951
-173982
-174013
-174043
-174074
-174105
-174135
-174166
-174197
-174227
-174258
-174289
-174319
-174350
-174381
-174411
-174442
-174472
-174503
-174534
-174564
-174595
-174626
-174656
-174687
-174718
-174748
-174779
-174810
-174840
-174871
-174902
-174932
-174963
-174994
-175024
-175055
-175086
-175116
-175147
-175178
-175208
-175239
-175270
-175300
-175331
-175362
-175392
-175423
-175454
-175484
-175515
-175546
-175576
-175607
-175637
-175668
-175699
-175729
-175760
-175791
-175821
-175852
-175883
-175913
-175944
-175975
-176005
-176036
-176067
-176097
-176128
-176159
-176189
-176220
-176251
-176281
-176312
-176343
-176373
-176404
-176435
-176465
-176496
-176527
-176557
-176588
-176619
-176649
-176680
-176711
-176741
-176772
-176803
-176833
-176864
-176894
-176925
-176956
-176986
-177017
-177048
-177078
-177109
-177140
-177170
-177201
-177232
-177262
-177293
-177324
-177354
-177385
-177416
-177446
-177477
-177508
-177538
-177569
-177600
-177630
-177661
-177692
-177722
-177753
-177784
-177814
-177845
-177876
-177906
-177937
-177968
-177998
-178029
-178059
-178090
-178121
-178151
-178182
-178213
-178243
-178274
-178305
-178335
-178366
-178397
-178427
-178458
-178489
-178519
-178550
-178581
-178611
-178642
-178673
-178703
-178734
-178765
-178795
-178826
-178857
-178887
-178918
-178949
-178979
-179010
-179041
-179071
-179102
-179133
-179163
-179194
-179224
-179255
-179286
-179316
-179347
-179378
-179408
-179439
-179470
-179500
-179531
-179562
-179592
-179623
-179654
-179684
-179715
-179746
-179776
-179807
-179838
-179868
-179899
-179930
-179960
-179991
-180022
-180052
-180083
-180114
-180144
-180175
-180206
-180236
-180267
-180298
-180328
-180359
-180389
-180420
-180451
-180481
-180512
-180543
-180573
-180604
-180635
-180665
-180696
-180727
-180757
-180788
-180819
-180849
-180880
-180911
-180941
-180972
-181003
-181033
-181064
-181095
-181125
-181156
-181187
-181217
-181248
-181279
-181309
-181340
-181371
-181401
-181432
-181463
-181493
-181524
-181555
-181585
-181616
-181646
-181677
-181708
-181738
-181769
-181800
-181830
-181861
-181892
-181922
-181953
-181984
-182014
-182045
-182076
-182106
-182137
-182168
-182198
-182229
-182260
-182290
-182321
-182352
-182382
-182413
-182444
-182474
-182505
-182536
-182566
-182597
-182628
-182658
-182689
-182720
-182750
-182781
-182811
-182842
-182873
-182903
-182934
-182965
-182995
-183026
-183057
-183087
-183118
-183149
-183179
-183210
-183241
-183271
-183302
-183333
-183363
-183394
-183425
-183455
-183486
-183517
-183547
-183578
-183609
-183639
-183670
-183701
-183731
-183762
-183793
-183823
-183854
-183885
