-5282.98
-10078.6
-11283.7
-11789.4
-12295.1
-12800.7
-13306.4
-13812.1
-14317.8
-14823.5
-15329.2
-15834.9
-16340.6
-16846.2
-17351.9
-17857.6
-18363.3
-18869
-19374.7
-19880.4
-20386.1
-20891.8
-21397.4
-21903.1
-22408.8
-22914.5
-23420.2
-23925.9
-24431.6
-24937.3
-25442.9
-25948.6
-26454.3
-26960
-27465.7
-27971.4
-28477.1
-28982.8
-29488.4
-29994.1
-30499.8
-31005.5
-31511.2
-32016.9
-32522.6
-33028.3
-33533.9
-34039.6
-34545.3
-35051
-35556.7
-36062.4
-36568.1
-37073.8
-37579.5
-38085.1
-38590.8
-39096.5
-39602.2
-40107.9
-40613.6
-41119.3
-41625
-42130.6
-42636.3
-43142
-43647.7
-44153.4
-44659.1
-45164.8
-45670.5
-46176.1
-46681.8
-47187.5
-47693.2
-48198.9
-48704.6
-49210.3
-49716
-50221.6
-50727.3
-51233
-51738.7
-52244.4
-52750.1
-53255.8
-53761.5
-54267.2
-54772.8
-55278.5
-55784.2
-56289.9
-56795.6
-57301.3
-57807
-58312.7
-58818.3
-59324
-59829.7
-60335.4
-60841.1
-61346.8
-61852.5
-62358.2
-62863.8
-63369.5
-63875.2
-64380.9
-64886.6
-65392.3
-65898
-66403.7
-66909.4
-67415
-67920.7
-68426.4
-68932.1
-69437.8
-69943.5
-70449.2
-70954.9
-71460.5
-71966.2
-72471.9
-72977.6
-73483.3
-73989
-74494.7
-75000.4
-75506
-76011.7
-76517.4
-77023.1
-77528.8
-78034.5
-78540.2
-79045.9
-79551.5
-80057.2
-80562.9
-81068.6
-81574.3
-82080
-82585.7
-83091.4
-83597.1
-84102.7
-84608.4
-85114.1
-85619.8
-86125.5
-86631.2
-87136.9
-87642.6
-88148.2
-88653.9
-89159.6
-89665.3
-90171
-90676.7
-91182.4
-91688.1
-92193.7
-92699.4
-93205.1
-93710.8
-94216.5
-94722.2
-95227.9
-95733.6
-96239.3
-96744.9
-97250.6
-97756.3
-98262
-98767.7
-99273.4
-99779.1
-100285
-100784
-101283
-101782
-102282
-102781
-103280
-103779
-104278
-104777
-105276
-105776
-106275
-106774
-107273
-107772
-108271
-108771
-109270
-109769
-110268
-110767
-111266
-111766
-112265
-112764
-113263
-113762
-114261
-114761
-115229
-115686
-116137
-116555
-116969
-117383
-117785
-118179
-118572
-118965
-119359
-119752
-120145
-120539
-120932
-121325
-121718
-122112
-122505
-122898
-123292
-123685
-124059
-124414
-124766
-125116
-125465
-125815
-126162
-126507
-126852
-127196
-127541
-127886
-128230
-128561
-128887
-129214
-129529
-129837
-130146
-130454
-130762
-131070
-131379
-131687
-131995
-132303
-132612
-132920
-133228
-133536
-133845
-134153
-134461
-134769
-135077
-135386
-135694
-136002
-136310
-136619
-136927
-137235
-137543
-137852
-138160
-138468
-138776
-139085
-139393
-139686
-139978
-140270
-140563
-140853
-141130
-141406
-141663
-141908
-142139
-142353
-142568
-142783
-142997
-143212
-143426
-143641
-143855
-144070
-144284
-144499
-144713
-144928
-145142
-145357
-145556
-145747
-145937
-146128
-146319
-146510
-146701
-146892
-147083
-147274
-147464
-147655
-147846
-148037
-148228
-148419
-148610
-148800
-148991
-149182
-149373
-149564
-149755
-149946
-150137
-150327
-150518
-150709
-150900
-151091
-151282
-151473
-151664
-151854
-152045
-152236
-152427
-152618
-152809
-153000
-153191
-153381
-153572
-153763
-153954
-154145
-154336
-154527
-154718
-154908
-155099
-155290
-155481
-155672
-155863
-156054
-156245
-156435
-156626
-156817
-157008
-157199
-157390
-157581
-157772
-157962
-158153
-158344
-158535
-158726
-158917
-159108
-159299
-159489
-159680
-159871
-160062
-160253
-160444
-160635
-160826
-161016
-161207
-161398
-161589
-161780
-161971
-162162
-162353
-162543
-162734
-162913
-163086
-163258
-163431
-163604
-163776
-163949
-164107
-164261
-164416
-164571
-164726
-164881
-165035
-165190
-165345
-165500
-165654
-165809
-165964
-166119
-166265
-166401
-166536
-166672
-166807
-166938
-167058
-167174
-167290
-167407
-167523
-167639
-167755
-167862
-167969
-168076
-168183
-168290
-168397
-168504
-168611
-168718
-168825
-168931
-169038
-169145
-169252
-169359
-169466
-169573
-169680
-169787
-169894
-170001
-170108
-170215
-170322
-170429
-170536
-170643
-170750
-170857
-170964
-171071
-171178
-171267
-171357
-171446
-171536
-171625
-171715
-171804
-171894
-171983
-172073
-172162
-172252
-172341
-172431
-172520
-172610
-172699
-172789
-172878
-172968
-173057
-173147
-173236
-173326
-173415
-173500
-173582
-173663
-173744
-173825
-173907
-173986
-174059
-174132
-174205
-174278
-174351
-174424
-174498
-174571
-174644
-174717
-174790
-174863
-174936
-175009
-175082
-175155
-175228
-175301
-175374
-175447
-175520
-175593
-175666
-175739
-175812
-175885
-175958
-176031
-176105
-176178
-176251
-176324
-176397
-176470
-176543
-176616
-176689
-176762
-176835
-176908
-176981
-177054
-177127
-177200
-177273
-177346
-177419
-177492
-177565
-177638
-177712
-177785
-177858
-177931
-178004
-178077
-178150
-178223
-178296
-178369
-178442
-178515
-178588
-178661
-178734
-178801
-178867
-178932
-178998
-179064
-179130
-179196
-179262
-179327
-179392
-179450
-179509
-179568
-179626
-179681
-179726
-179770
-179815
-179856
-179891
-179922
-179953
-179984
-180014
-180045
-180076
-180106
-180137
-180168
-180199
-180229
-180260
-180291
-180321
-180352
-180383
-180414
-180444
-180475
-180506
-180536
-180567
-180598
-180629
-180659
-180690
-180721
-180751
-180782
-180813
-180844
-180874
-180905
-180936
-180967
-180997
-181028
-181059
-181089
-181120
-181151
-181182
-181212
-181243
-181274
-181304
-181335
-181366
-181397
-181427
-181458
-181489
-181519
-181550
-181581
-181612
-181642
-181673
-181704
-181734
-181765
-181796
-181827
-181857
-181888
-181919
-181949
-181980
-182011
-182042
-182072
-182103
-182134
-182164
-182195
-182226
-182257
-182287
-182318
-182349
-182379
-182410
-182441
-182472
-182502
-182533
-182564
-182595
-182625
-182656
-182687
-182717
-182748
-182779
-182810
-182840
-182871
-182902
-182932
-182963
-182994
-183025
-183055
-183086
-183117
-183147
-183178
-183209
-183240
-183270
-183301
-183332
-183362
-183393
-183424
-183455
-183485
-183516
-183547
-183577
-183608
-183639
-183670
-183700
-183731
-183762
-183792
-183823
-183854
-183885
-183915
-183946
-183977
-184007
-184038
-184069
-184100
-184130
-184161
-184192
-184223
-184253
-184284
-184315
-184345
-184376
-184407
-184438
-184468
-184499
-184530
-184560
-184591
-184622
-184653
-184683
-184714
-184745
-184775
-184806
-184837
-184868
-184898
-184929
-184960
-184990
-185021
-185052
-185083
-185113
-185144
-185175
-185205
-185236
-185267
-185298
-185328
-185359
-185390
-185420
-185451
-185482
-185513
-185543
-185574
-185605
-185635
-185666
-185697
-185728
-185758
-185789
-185820
-185851
-185881
-185912
-185943
-185973
-186004
-186035
-186066
-186096
-186127
-186158
-186188
-186219
-186250
-186281
-186311
-186342
-186373
-186403
-186434
-186465
-186496
-186526
-186557
-186588
-186618
-186649
-186680
-186711
-186741
-186772
-186803
-186833
-186864
-186895
-186926
-186956
-186987
-187018
-187048
-187079
-187110
-187141
-187171
-187202
-187233
-187263
-187294
-187325
-187356
-187386
-187417
-187448
-187479
-187509
-187540
-187571
-187601
-187632
-187663
-187694
-187724
-187755
-187786
-187816
-187847
-187878
-187909
-187939
-187970
-188001
-188031
-188062
-188093
-188124
-188154
-188185
-188216
-188246
-188277
-188308
-188339
-188369
-188400
-188431
-188461
-188492
-188523
-188554
-188584
-188615
-188646
-188676
-188707
-188738
-188769
-188799
-188830
-188861
-188891
-188922
-188953
-188984
-189014
-189045
-189076
-189107
-189137
-189168
-189199
-189229
-189260
-189291
-189322
-189352
-189383
-189414
-189444
-189475
-189506
-189537
-189567
-189598
-189629
-189659
-189690
-189721
-189752
-189782
-189813
-189844
-189874
-189905
-189936
-189967
-189997
-190028
-190059
-190089
-190120
-190151
-190182
-190212
-190243
-190274
-190304
-190335
-190366
-190397
-190427
-190458
-190489
-190519
-190550
-190581
-190612
-190642
-190673
-190704
-190735
-190765
-190796
-190827
-190857
-190888
-190919
-190950
-190980
-191011
-191042
-191072
-191103
-191134
-191165
-191195
-191226
-191257
-191287
-191318
-191349
-191380
-191410
-191441
-191472
-191502
-191533
-191564
-191595
-191625
-191656
-191687
-191717
-191748
-191779
-191810
-191840
-191871
-191902
-191932
-191963
-191994
-192025
-192055
-192086
-192117
-192147
-192178
-192209
-192240
-192270
-192301
-192332
-192363
-192393
-192424
-192455
-192485
-192516
-192547
-192578
-192608
-192639
-192670
-192700
-192731
-192762
-192793
-192823
-192854
