-2182.72
-4330.9
-4961.9
-5164.76
-5367.62
-5570.47
-5773.33
-5976.19
-6179.05
-6381.91
-6584.77
-6787.63
-6990.48
-7193.34
-7396.2
-7599.06
-7801.92
-8004.78
-8207.64
-8410.49
-8613.35
-8816.21
-9019.07
-9221.93
-9424.79
-9627.64
-9830.5
-10033.4
-10236.2
-10439.1
-10641.9
-10844.8
-11047.7
-11250.5
-11453.4
-11656.2
-11859.1
-12061.9
-12264.8
-12467.7
-12670.5
-12873.4
-13076.2
-13279.1
-13482
-13684.8
-13887.7
-14090.5
-14293.4
-14496.2
-14699.1
-14902
-15104.8
-15307.7
-15510.5
-15713.4
-15916.3
-16119.1
-16322
-16524.8
-16727.7
-16930.6
-17133.4
-17336.3
-17539.1
-17742
-17944.8
-18147.7
-18350.6
-18553.4
-18756.3
-18959.1
-19162
-19364.9
-19567.7
-19770.6
-19973.4
-20176.3
-20379.1
-20582
-20784.9
-20987.7
-21190.6
-21393.4
-21596.3
-21799.2
-22002
-22204.9
-22407.7
-22610.6
-22813.4
-23016.3
-23219.2
-23422
-23624.9
-23827.7
-24030.6
-24233.5
-24436.3
-24639.2
-24842
-25044.9
-25247.8
-25450.6
-25653.5
-25856.3
-26059.2
-26262
-26464.9
-26667.8
-26870.6
-27073.5
-27276.3
-27479.2
-27682.1
-27884.9
-28087.8
-28290.6
-28493.5
-28696.3
-28899.2
-29102.1
-29304.9
-29507.8
-29710.6
-29913.5
-30116.4
-30319.2
-30522.1
-30724.9
-30927.8
-31130.6
-31333.5
-31536.4
-31739.2
-31942.1
-32144.9
-32347.8
-32550.7
-32753.5
-32956.4
-33159.2
-33362.1
-33565
-33767.8
-33970.7
-34173.5
-34376.4
-34579.2
-34782.1
-34985
-35187.8
-35390.7
-35593.5
-35796.4
-35999.3
-36202.1
-36405
-36607.8
-36810.7
-37013.5
-37216.4
-37419.3
-37622.1
-37825
-38027.8
-38230.7
-38433.6
-38636.4
-38839.3
-39042.1
-39245
-39447.8
-39650.7
-39853.6
-40056.4
-40259.3
-40462.1
-40665
-40867.9
-41070.7
-41273.6
-41476.4
-41679.3
-41882.2
-42085
-42287.9
-42490.7
-42693.6
-42896.4
-43095.5
-43292.2
-43488.9
-43685.6
-43882.3
-44079.1
-44275.8
-44469.4
-44660.2
-44851
-45041.8
-45232.6
-45423.4
-45614.2
-45805
-45995.8
-46186.6
-46377.4
-46568.2
-46759
-46949.8
-47140.6
-47328.3
-47513.6
-47698.8
-47878.7
-48058.6
-48238.4
-48418.3
-48598.1
-48778
-48957.9
-49137.7
-49317.6
-49497.4
-49677.3
-49857.2
-50037
-50216.9
-50396.7
-50576.6
-50756.5
-50936.3
-51116.2
-51296.1
-51475.9
-51655.8
-51835.6
-52015.5
-52195.4
-52375.2
-52555.1
-52734.9
-52914.8
-53094.7
-53274.5
-53454.4
-53634.3
-53814.1
-53994
-54173.8
-54353.7
-54533.6
-54713.4
-54893.3
-55073.1
-55253
-55432.9
-55612.7
-55792.6
-55972.5
-56151.9
-56327.3
-56502.7
-56678.1
-56853.5
-57028.9
-57204.3
-57379.7
-57555.1
-57730.4
-57905.8
-58081.2
-58256.6
-58432
-58607.4
-58782.8
-58958.2
-59133.6
-59280.1
-59407.6
-59535.1
-59662.7
-59790.2
-59917.7
-60045.2
-60172.8
-60300.3
-60427.8
-60555.4
-60682.9
-60810.4
-60938
-61065.5
-61193
-61320.6
-61448.1
-61575.6
-61703.1
-61830.7
-61958.2
-62085.7
-62213.3
-62340.8
-62468.3
-62595.9
-62723.4
-62850.9
-62978.5
-63106
-63233.5
-63361
-63488.6
-63616.1
-63743.6
-63871.2
-63998.7
-64126.2
-64253.8
-64381.3
-64508.8
-64636.4
-64763.9
-64883.4
-64988.7
-65094
-65199.2
-65304.5
-65409.8
-65515.1
-65620.4
-65725.7
-65831
-65936.3
-66041.6
-66140.8
-66224.7
-66308.5
-66392.4
-66476.3
-66560.1
-66644
-66727.8
-66811.7
-66895.6
-66979.4
-67063.3
-67147.1
-67231
-67314.9
-67398.7
-67482.6
-67566.4
-67650.3
-67734.2
-67818
-67901.9
-67985.7
-68069.6
-68153.5
-68237.3
-68304
-68368
-68431.9
-68495.8
-68549.4
-68593.7
-68637.9
-68682.1
-68726.4
-68770.6
-68814.9
-68859.1
-68903.4
-68947.6
-68991.9
-69036.1
-69080.3
-69124.6
-69168.8
-69213.1
-69257.3
-69301.6
-69345.8
-69390
-69434.3
-69478.5
-69522.8
-69567
-69611.3
-69655.5
-69699.7
-69744
-69788.2
-69832.5
-69876.7
-69921
-69965.2
-70009.4
-70053.7
-70097.9
-70142.2
-70186.4
-70230.7
-70274.9
-70319.1
-70363.4
-70407.6
-70451.9
-70496.1
-70540.4
-70584.6
-70628.9
-70673.1
-70717.3
-70761.6
-70805.8
-70850.1
-70894.3
-70938.6
-70982.8
-71027
-71071.3
-71115.5
-71159.8
-71204
-71248.3
-71292.5
-71336.7
-71381
-71425.2
-71469.5
-71513.7
-71558
-71602.2
-71646.4
-71690.7
-71734.9
-71779.2
-71823.4
-71867.7
-71911.9
-71956.1
-72000.4
-72044.6
-72076.4
-72104.5
-72132.6
-72160.7
-72188.7
-72216.8
-72244.9
-72273
-72301.1
-72329.1
-72357.2
-72385.3
-72413.4
-72441.5
-72469.6
-72497.6
-72525.7
-72553.8
-72581.9
-72610
-72638
-72666.1
-72694.2
-72722.3
-72750.4
-72778.4
-72806.5
-72834.6
-72862.7
-72890.8
-72918.8
-72946.9
-72975
-73003.1
-73031.2
-73059.2
-73087.3
-73115.4
-73143.5
-73171.6
-73199.6
-73227.7
-73255.8
-73283.9
-73312
-73340
-73368.1
-73396.2
-73424.3
-73452.4
-73480.4
-73508.5
-73536.6
-73564.7
-73592.8
-73620.8
-73648.9
-73677
-73705.1
-73733.2
-73761.2
-73789.3
-73817.4
-73845.5
-73873.6
-73901.6
-73929.7
-73957.8
-73985.9
-74014
-74042
-74070.1
-74098.2
-74126.3
-74154.4
-74182.4
-74210.5
-74238.6
-74266.7
-74294.8
-74322.8
-74350.9
-74379
-74407.1
-74435.2
-74463.2
-74491.3
-74519.4
-74547.5
-74575.6
-74603.6
-74631.7
-74659.8
-74687.9
-74716
-74744.1
-74772.1
-74800.2
-74828.3
-74856.4
-74884.5
-74912.5
-74940.6
-74968.7
-74996.8
-75024.9
-75052.9
-75081
-75109.1
-75137.2
-75165.3
-75193.3
-75221.4
-75244.9
-75251.4
-75257.9
-75264.3
-75270.8
-75277.2
-75283.7
-75290.2
-75296.6
-75303.1
-75309.5
-75316
-75322.5
-75328.9
-75335.4
-75341.8
-75348.3
-75354.8
-75361.2
-75367.7
-75374.1
-75380.6
-75387.1
-75393.5
-75400
-75406.4
-75412.9
-75419.4
-75425.8
-75432.3
-75438.7
-75445.2
-75451.7
-75458.1
-75464.6
-75471
-75477.5
-75484
-75490.4
-75496.9
-75503.3
-75509.8
-75516.3
-75522.7
-75529.2
-75535.6
-75542.1
-75548.6
-75555
-75561.5
-75567.9
-75574.4
-75580.9
-75587.3
-75593.8
-75600.2
-75606.7
-75613.2
-75619.6
-75626.1
-75632.5
-75639
-75645.5
-75651.9
-75658.4
-75664.9
-75671.3
-75677.8
-75684.2
-75690.7
-75697.2
-75703.6
-75710.1
-75716.5
-75723
-75729.5
-75735.9
-75742.4
-75748.8
-75755.3
-75761.8
-75768.2
-75774.7
-75781.1
-75787.6
-75794.1
-75800.5
-75807
-75813.4
-75819.9
-75826.4
-75832.8
-75839.3
-75845.7
-75852.2
-75858.7
-75865.1
-75871.6
-75878
-75884.5
-75891
-75897.4
-75903.9
-75910.3
-75916.8
-75923.3
-75929.7
-75936.2
-75942.6
-75949.1
-75955.6
-75962
-75968.5
-75974.9
-75981.4
-75987.9
-75994.3
-76000.8
-76007.2
-76013.7
-76020.2
-76026.6
-76033.1
-76039.5
-76046
-76052.5
-76058.9
-76065.4
-76071.8
-76078.3
-76084.8
-76091.2
-76097.7
-76104.1
-76110.6
-76117.1
-76123.5
-76130
-76136.4
-76142.9
-76149.4
-76155.8
-76162.3
-76168.7
-76175.2
-76181.7
-76188.1
-76194.6
-76201
-76207.5
-76214
-76220.4
-76226.9
-76233.3
-76239.8
-76246.3
-76252.7
-76259.2
-76265.6
-76272.1
-76278.6
-76285
-76291.5
-76297.9
-76304.4
-76310.9
-76317.3
-76323.8
-76330.2
-76336.7
-76343.2
-76349.6
-76356.1
-76362.5
-76369
-76375.5
-76381.9
-76388.4
-76394.8
-76401.3
-76407.8
-76414.2
-76420.7
-76427.1
-76433.6
-76440.1
-76446.5
-76453
-76459.4
-76465.9
-76472.4
-76478.8
-76485.3
-76491.8
-76498.2
-76504.7
-76511.1
-76517.6
-76524.1
-76530.5
-76537
-76543.4
-76549.9
-76556.4
-76562.8
-76569.3
-76575.7
-76582.2
-76588.7
-76595.1
-76601.6
-76608
-76614.5
-76621
-76627.4
-76633.9
-76640.3
-76646.8
-76653.3
-76659.7
-76666.2
-76672.6
-76679.1
-76685.6
-76692
-76698.5
-76704.9
-76711.4
-76717.9
-76724.3
-76730.8
-76737.2
-76743.7
-76750.2
-76756.6
-76763.1
-76769.5
-76776
-76782.5
-76788.9
-76795.4
-76801.8
-76808.3
-76814.8
-76821.2
-76827.7
-76834.1
-76840.6
-76847.1
-76853.5
-76860
-76866.4
-76872.9
-76879.4
-76885.8
-76892.3
-76898.7
-76905.2
-76911.7
-76918.1
-76924.6
-76931
-76937.5
-76944
-76950.4
-76956.9
-76963.3
-76969.8
-76976.3
-76982.7
-76989.2
-76995.6
-77002.1
-77008.6
-77015
-77021.5
-77027.9
-77034.4
-77040.9
-77047.3
-77053.8
-77060.2
-77066.7
-77073.2
-77079.6
-77086.1
-77092.5
-77099
-77105.5
-77111.9
-77118.4
-77124.8
-77131.3
-77137.8
-77144.2
-77150.7
-77157.1
-77163.6
-77170.1
-77176.5
-77183
-77189.4
-77195.9
-77202.4
-77208.8
-77215.3
-77221.7
-77228.2
-77234.7
-77241.1
-77247.6
-77254
-77260.5
-77267
-77273.4
-77279.9
-77286.3
-77292.8
-77299.3
-77305.7
-77312.2
-77318.7
-77325.1
-77331.6
-77338
-77344.5
-77351
-77357.4
-77363.9
-77370.3
-77376.8
-77383.3
-77389.7
-77396.2
-77402.6
-77409.1
-77415.6
-77422
-77428.5
-77434.9
-77441.4
-77447.9
-77454.3
-77460.8
-77467.2
-77473.7
-77480.2
-77486.6
-77493.1
-77499.5
-77506
-77512.5
-77518.9
-77525.4
-77531.8
-77538.3
-77544.8
-77551.2
-77557.7
-77564.1
-77570.6
-77577.1
-77583.5
-77590
-77596.4
-77602.9
-77609.4
-77615.8
-77622.3
-77628.7
-77635.2
-77641.7
-77648.1
-77654.6
-77661
-77667.5
-77674
-77680.4
-77686.9
-77693.3
-77699.8
-77706.3
-77712.7
-77719.2
-77725.6
-77732.1
-77738.6
-77745
-77751.5
-77757.9
-77764.4
-77770.9
-77777.3
-77783.8
-77790.2
-77796.7
-77803.2
-77809.6
-77816.1
-77822.5
-77829
-77835.5
-77841.9
-77848.4
-77854.8
-77861.3
-77867.8
-77874.2
-77880.7
-77887.1
-77893.6
-77900.1
-77906.5
-77913
-77919.4
-77925.9
-77932.4
-77938.8
-77945.3
-77951.7
-77958.2
-77964.7
-77971.1
-77977.6
-77984
-77990.5
-77997
-78003.4
-78009.9
-78016.3
-78022.8
-78029.3
-78035.7
-78042.2
-78048.6
-78055.1
-78061.6
-78068
-78074.5
-78080.9
-78087.4
-78093.9
