-986.791
-1973.05
-2451.2
-2542.14
-2633.08
-2724.01
-2814.95
-2905.89
-2996.83
-3087.77
-3178.71
-3269.65
-3360.59
-3451.53
-3542.47
-3633.4
-3724.34
-3815.28
-3906.22
-3997.16
-4088.1
-4179.04
-4269.98
-4360.92
-4451.86
-4542.79
-4633.73
-4724.67
-4815.61
-4906.55
-4997.49
-5088.43
-5179.37
-5270.31
-5361.25
-5452.18
-5543.12
-5634.06
-5725
-5815.94
-5906.88
-5997.82
-6088.76
-6179.7
-6270.64
-6361.57
-6452.51
-6543.45
-6634.39
-6725.33
-6816.27
-6907.21
-6998.15
-7089.09
-7180.03
-7270.96
-7361.9
-7452.84
-7543.78
-7634.72
-7725.66
-7816.6
-7907.54
-7998.48
-8089.42
-8180.35
-8271.29
-8362.23
-8453.17
-8544.11
-8635.05
-8725.99
-8816.93
-8907.87
-8998.81
-9089.74
-9180.68
-9271.62
-9362.56
-9453.5
-9544.44
-9635.38
-9726.32
-9817.26
-9908.2
-9999.13
-10090.1
-10181
-10272
-10362.9
-10453.8
-10544.8
-10635.7
-10726.6
-10817.6
-10908.5
-10999.5
-11090.4
-11181.3
-11272.3
-11363.2
-11454.2
-11545.1
-11636
-11727
-11817.9
-11908.9
-11999.8
-12090.7
-12181.7
-12272.6
-12363.5
-12454.5
-12545.4
-12636.4
-12727.3
-12818.2
-12909.2
-13000.1
-13091.1
-13182
-13272.9
-13363.9
-13454.8
-13545.8
-13636.7
-13727.6
-13818.6
-13909.5
-14000.5
-14091.4
-14182.3
-14273.3
-14364.2
-14455.1
-14546.1
-14637
-14728
-14818.9
-14909.8
-15000.8
-15091.7
-15182.7
-15273.6
-15364.5
-15455.5
-15546.4
-15637.4
-15728.3
-15819.2
-15910.2
-16001.1
-16092
-16183
-16273.9
-16364.9
-16455.8
-16546.7
-16637.7
-16728.6
-16819.6
-16910.5
-17001.4
-17092.4
-17183.3
-17274.3
-17365.2
-17456.1
-17547.1
-17638
-17728.9
-17819.9
-17910.8
-18001.8
-18092.7
-18183.6
-18274.6
-18365.5
-18456.5
-18547.4
-18638.3
-18729.3
-18820.2
-18911.2
-19002.1
-19093
-19184
-19274.9
-19365.9
-19456.8
-19547.7
-19638.7
-19729.6
-19820.5
-19911.5
-20002.4
-20093.4
-20184.3
-20275.2
-20365
-20450.1
-20535.2
-20620.3
-20705.4
-20790.5
-20875.6
-20960.7
-21045.8
-21130.9
-21215.9
-21301
-21386.1
-21471.2
-21556.3
-21641.4
-21726.5
-21811.6
-21896.7
-21981.7
-22066.8
-22151.9
-22237
-22322.1
-22407.2
-22492.3
-22577.4
-22662.5
-22747.5
-22832.6
-22917.7
-23002.8
-23087.9
-23168.9
-23249
-23329
-23409.1
-23489.2
-23569.2
-23649.3
-23729.3
-23809.4
-23889.4
-23969.5
-24049.5
-24129.6
-24209.7
-24289.7
-24369.8
-24449.8
-24529.9
-24609.9
-24690
-24770
-24850.1
-24930.2
-25010.2
-25090.3
-25170.3
-25250.4
-25330.4
-25410.5
-25490.5
-25570.6
-25650.7
-25730.7
-25810.8
-25890.8
-25970.9
-26050.9
-26131
-26211
-26291.1
-26371.1
-26451.2
-26531.3
-26611.3
-26691.4
-26771.4
-26851.5
-26931.5
-27011.6
-27088.7
-27164.6
-27240.5
-27316.4
-27392.3
-27468.2
-27544.1
-27620
-27695.9
-27771.8
-27847.7
-27923.6
-27999.5
-28075.4
-28151.3
-28227.2
-28303.1
-28379
-28454.9
-28530.8
-28606.7
-28682.6
-28758.5
-28834.4
-28910.3
-28986.2
-29062.1
-29138
-29213.9
-29289.8
-29365.7
-29441.6
-29517.5
-29593.4
-29669.3
-29745.2
-29821.1
-29897
-29972.9
-30048.8
-30124.7
-30200.6
-30276.5
-30352.4
-30428.3
-30504.2
-30580.1
-30656
-30731.9
-30807.8
-30883.7
-30959.6
-31035.5
-31111.4
-31176.6
-31239.2
-31301.8
-31364.4
-31420.1
-31461.5
-31502.9
-31544.3
-31585.7
-31627.2
-31668.6
-31710
-31751.4
-31792.8
-31834.2
-31875.6
-31917.1
-31958.5
-31999.9
-32041.3
-32082.7
-32124.1
-32165.5
-32207
-32248.4
-32289.8
-32331.2
-32372.6
-32414
-32455.4
-32496.9
-32538.3
-32579.7
-32621.1
-32662.5
-32703.9
-32745.4
-32786.8
-32828.2
-32869.6
-32911
-32952.4
-32993.8
-33035.3
-33076.7
-33118.1
-33159.5
-33200.9
-33242.3
-33283.7
-33325.2
-33366.6
-33408
-33449.4
-33490.8
-33532.2
-33573.6
-33615.1
-33656.5
-33693
-33716.2
-33739.3
-33762.5
-33785.7
-33808.9
-33832.1
-33855.3
-33878.4
-33901.6
-33924.8
-33948
-33971.2
-33994.4
-34017.5
-34040.7
-34063.9
-34087.1
-34110.3
-34133.5
-34156.6
-34179.8
-34203
-34226.2
-34249.4
-34272.6
-34295.7
-34318.9
-34342.1
-34365.3
-34388.5
-34411.7
-34434.9
-34458
-34481.2
-34504.4
-34527.6
-34550.8
-34574
-34597.1
-34620.3
-34643.5
-34666.7
-34689.9
-34713.1
-34736.2
-34759.4
-34782.6
-34805.8
-34829
-34852.2
-34875.3
-34898.5
-34921.7
-34944.9
-34968.1
-34991.3
-35014.4
-35037.6
-35060.8
-35084
-35107.2
-35130.4
-35153.6
-35176.7
-35199.9
-35223.1
-35246.3
-35269.5
-35292.7
-35315.8
-35339
-35362.2
-35385.4
-35408.6
-35431.8
-35454.9
-35478.1
-35501.3
-35524.5
-35547.7
-35570.9
-35594
-35617.2
-35628.5
-35636.6
-35644.8
-35652.9
-35661
-35669.2
-35677.3
-35685.4
-35693.6
-35701.7
-35709.8
-35718
-35726.1
-35734.3
-35742.4
-35750.5
-35758.7
-35766.8
-35774.9
-35783.1
-35791.2
-35799.3
-35807.5
-35815.6
-35823.7
-35831.9
-35840
-35848.2
-35856.3
-35864.4
-35872.6
-35880.7
-35888.8
-35897
-35905.1
-35913.2
-35921.4
-35929.5
-35937.6
-35945.8
-35953.9
-35962
-35970.2
-35978.3
-35986.5
-35994.6
-36002.7
-36010.9
-36019
-36027.1
-36035.3
-36043.4
-36051.5
-36059.7
-36067.8
-36075.9
-36084.1
-36092.2
-36100.4
-36108.5
-36116.6
-36124.8
-36132.9
-36141
-36149.2
-36157.3
-36165.4
-36173.6
-36181.7
-36189.8
-36198
-36206.1
-36214.2
-36222.4
-36230.5
-36238.7
-36246.8
-36254.9
-36263.1
-36271.2
-36279.3
-36287.5
-36295.6
-36303.7
-36311.9
-36320
-36328.1
-36336.3
-36344.4
-36352.6
-36360.7
-36368.8
-36377
-36385.1
-36393.2
-36401.4
-36409.5
-36417.6
-36425.8
-36433.9
-36442
-36450.2
-36458.3
-36466.5
-36474.6
-36482.7
-36490.9
-36499
-36507.1
-36515.3
-36523.4
-36531.5
-36539.7
-36547.8
-36555.9
-36564.1
-36572.2
-36580.3
-36588.5
-36596.6
-36604.8
-36612.9
-36621
-36629.2
-36637.3
-36645.4
-36653.6
-36661.7
-36669.8
-36678
-36686.1
-36694.2
-36702.4
-36710.5
-36718.7
-36726.8
-36734.9
-36743.1
-36751.2
-36759.3
-36767.5
-36775.6
-36783.7
-36791.9
-36800
-36808.1
-36816.3
-36824.4
-36832.5
-36840.7
-36848.8
-36857
-36865.1
-36873.2
-36881.4
-36889.5
-36897.6
-36905.8
-36913.9
-36922
-36930.2
-36938.3
-36946.4
-36954.6
-36962.7
-36970.9
-36979
-36987.1
-36995.3
-37003.4
-37011.5
-37019.7
-37027.8
-37035.9
-37044.1
-37052.2
-37060.3
-37068.5
-37076.6
-37084.8
-37092.9
-37101
-37109.2
-37117.3
-37125.4
-37133.6
-37141.7
-37149.8
-37158
-37166.1
-37174.2
-37182.4
-37186.9
-37189
-37191.1
-37193.2
-37195.4
-37197.5
-37199.6
-37201.8
-37203.9
-37206
-37208.1
-37210.3
-37212.4
-37214.5
-37216.7
-37218.8
-37220.9
-37223
-37225.2
-37227.3
-37229.4
-37231.6
-37233.7
-37235.8
-37237.9
-37240.1
-37242.2
-37244.3
-37246.5
-37248.6
-37250.7
-37252.8
-37255
-37257.1
-37259.2
-37261.4
-37263.5
-37265.6
-37267.7
-37269.9
-37272
-37274.1
-37276.3
-37278.4
-37280.5
-37282.6
-37284.8
-37286.9
-37289
-37291.2
-37293.3
-37295.4
-37297.5
-37299.7
-37301.8
-37303.9
-37306.1
-37308.2
-37310.3
-37312.4
-37314.6
-37316.7
-37318.8
-37321
-37323.1
-37325.2
-37327.3
-37329.5
-37331.6
-37333.7
-37335.9
-37338
-37340.1
-37342.2
-37344.4
-37346.5
-37348.6
-37350.8
-37352.9
-37355
-37357.1
-37359.3
-37361.4
-37363.5
-37365.7
-37367.8
-37369.9
-37372
-37374.2
-37376.3
-37378.4
-37380.6
-37382.7
-37384.8
-37386.9
-37389.1
-37391.2
-37393.3
-37395.5
-37397.6
-37399.7
-37401.8
-37404
-37406.1
-37408.2
-37410.4
-37412.5
-37414.6
-37416.7
-37418.9
-37421
-37423.1
-37425.3
-37427.4
-37429.5
-37431.6
-37433.8
-37435.9
-37438
-37440.1
-37442.3
-37444.4
-37446.5
-37448.7
-37450.8
-37452.9
-37455
-37457.2
-37459.3
-37461.4
-37463.6
-37465.7
-37467.8
-37469.9
-37472.1
-37474.2
-37476.3
-37478.5
-37480.6
-37482.7
-37484.8
-37487
-37489.1
-37491.2
-37493.4
-37495.5
-37497.6
-37499.7
-37501.9
-37504
-37506.1
-37508.3
-37510.4
-37512.5
-37514.6
-37516.8
-37518.9
-37521
-37523.2
-37525.3
-37527.4
-37529.5
-37531.7
-37533.8
-37535.9
-37538.1
-37540.2
-37542.3
-37544.4
-37546.6
-37548.7
-37550.8
-37553
-37555.1
-37557.2
-37559.3
-37561.5
-37563.6
-37565.7
-37567.9
-37570
-37572.1
-37574.2
-37576.4
-37578.5
-37580.6
-37582.8
-37584.9
-37587
-37589.1
-37591.3
-37593.4
-37595.5
-37597.7
-37599.8
-37601.9
-37604
-37606.2
-37608.3
-37610.4
-37612.6
-37614.7
-37616.8
-37618.9
-37621.1
-37623.2
-37625.3
-37627.5
-37629.6
-37631.7
-37633.8
-37636
-37638.1
-37640.2
-37642.4
-37644.5
-37646.6
-37648.7
-37650.9
-37653
-37655.1
-37657.3
-37659.4
-37661.5
-37663.6
-37665.8
-37667.9
-37670
-37672.2
-37674.3
-37676.4
-37678.5
-37680.7
-37682.8
-37684.9
-37687.1
-37689.2
-37691.3
-37693.4
-37695.6
-37697.7
-37699.8
-37702
-37704.1
-37706.2
-37708.3
-37710.5
-37712.6
-37714.7
-37716.9
-37719
-37721.1
-37723.2
-37725.4
-37727.5
-37729.6
-37731.8
-37733.9
-37736
-37738.1
-37740.3
-37742.4
-37744.5
-37746.7
-37748.8
-37750.9
-37753
-37755.2
-37757.3
-37759.4
-37761.6
-37763.7
-37765.8
-37767.9
-37770.1
-37772.2
-37774.3
-37776.5
-37778.6
-37780.7
-37782.8
-37785
-37787.1
-37789.2
-37791.4
-37793.5
-37795.6
-37797.7
-37799.9
-37802
-37804.1
-37806.3
-37808.4
-37810.5
-37812.6
-37814.8
-37816.9
-37819
-37821.2
-37823.3
-37825.4
-37827.5
-37829.7
-37831.8
-37833.9
-37836.1
-37838.2
-37840.3
-37842.4
-37844.6
-37846.7
-37848.8
-37851
-37853.1
-37855.2
-37857.3
-37859.5
-37861.6
-37863.7
-37865.9
-37868
-37870.1
-37872.2
-37874.4
-37876.5
-37878.6
-37880.8
-37882.9
-37885
-37887.1
