-854.225
-1708.45
-1872.65
-1953.7
-2034.75
-2115.81
-2196.86
-2277.91
-2358.97
-2440.02
-2521.07
-2602.13
-2683.18
-2764.23
-2845.29
-2926.34
-3007.39
-3088.45
-3169.5
-3250.55
-3331.61
-3412.66
-3493.71
-3574.77
-3655.82
-3736.87
-3817.93
-3898.98
-3980.03
-4061.09
-4142.14
-4223.19
-4304.25
-4385.3
-4466.35
-4547.41
-4628.46
-4709.51
-4790.57
-4871.62
-4952.67
-5033.73
-5114.78
-5195.83
-5276.89
-5357.94
-5438.99
-5520.05
-5601.1
-5682.15
-5763.21
-5844.26
-5925.31
-6006.37
-6087.42
-6168.47
-6249.53
-6330.58
-6411.63
-6492.69
-6573.74
-6654.79
-6735.85
-6816.9
-6897.95
-6979.01
-7060.06
-7141.11
-7222.16
-7303.22
-7384.27
-7465.32
-7546.38
-7627.43
-7708.48
-7789.54
-7870.59
-7951.64
-8032.7
-8113.75
-8194.8
-8275.86
-8356.91
-8437.96
-8519.02
-8600.07
-8681.12
-8762.18
-8843.23
-8924.28
-9005.34
-9086.39
-9167.44
-9248.5
-9329.55
-9410.6
-9491.66
-9572.71
-9653.76
-9734.82
-9815.87
-9896.92
-9977.98
-10059
-10140.1
-10221.1
-10302.2
-10383.2
-10464.3
-10545.3
-10626.4
-10707.5
-10788.5
-10869.6
-10950.6
-11031.7
-11112.7
-11193.8
-11274.8
-11355.9
-11436.9
-11518
-11599
-11680.1
-11761.1
-11842.2
-11923.3
-12004.3
-12085.4
-12166.4
-12247.5
-12328.5
-12409.6
-12490.6
-12571.7
-12652.7
-12733.8
-12814.8
-12895.9
-12976.9
-13058
-13139.1
-13220.1
-13301.2
-13382.2
-13463.3
-13544.3
-13625.4
-13706.4
-13787.5
-13868.5
-13949.6
-14030.6
-14111.7
-14192.7
-14273.8
-14354.9
-14435.9
-14517
-14598
-14679.1
-14760.1
-14841.2
-14922.2
-15003.3
-15084.3
-15165.4
-15246.4
-15327.5
-15408.5
-15489.6
-15570.7
-15651.7
-15732.8
-15813.8
-15894.9
-15975.9
-16057
-16138
-16219.1
-16300.1
-16381.2
-16462.2
-16543.3
-16624.3
-16705.4
-16786.5
-16867.5
-16948.6
-17029.6
-17110.7
-17191.7
-17272.8
-17353.8
-17434.9
-17515.9
-17597
-17678
-17759.1
-17840.1
-17921.2
-18002.3
-18083.3
-18164.4
-18245.4
-18326.5
-18407.5
-18488.6
-18569.6
-18650.7
-18731.7
-18812.8
-18893.8
-18974.9
-19055.9
-19137
-19218.1
-19299.1
-19380.2
-19461.2
-19542.3
-19623.3
-19704.4
-19785.4
-19866.5
-19947.5
-20028.6
-20109.6
-20190.7
-20269.3
-20345.2
-20421.2
-20497.1
-20573.1
-20649.1
-20725
-20801
-20876.9
-20952.9
-21028.9
-21104.8
-21180.8
-21253.6
-21292.9
-21332.1
-21371.4
-21410.6
-21449.9
-21489.2
-21528.4
-21567.7
-21606.9
-21646.2
-21685.4
-21724.7
-21764
-21803.2
-21842.5
-21881.7
-21921
-21960.2
-21999.5
-22038.8
-22078
-22117.3
-22156.5
-22195.8
-22235
-22274.3
-22313.5
-22352.8
-22392.1
-22431.3
-22470.6
-22509.8
-22549.1
-22588.3
-22627.6
-22666.9
-22706.1
-22745.4
-22784.6
-22823.9
-22863.1
-22902.4
-22941.7
-22980.9
-23020.2
-23059.4
-23098.7
-23137.9
-23177.2
-23216.4
-23255.7
-23295
-23334.2
-23373.5
-23412.7
-23452
-23491.2
-23530.5
-23569.8
-23609
-23648.3
-23687.5
-23726.8
-23766
-23805.3
-23844.6
-23883.8
-23923.1
-23962.3
-24001.6
-24040.8
-24080.1
-24119.4
-24158.6
-24197.9
-24237.1
-24276.4
-24315.6
-24354.9
-24394.1
-24433.4
-24472.7
-24511.9
-24551.2
-24590.4
-24629.7
-24668.9
-24708.2
-24747.5
-24786.7
-24826
-24865.2
-24904.5
-24943.7
-24983
-25022.3
-25061.5
-25100.8
-25140
-25179.3
-25218.5
-25257.8
-25297
-25336.3
-25375.6
-25414.8
-25454.1
-25493.3
-25532.6
-25571.8
-25611.1
-25650.4
-25689.6
-25728.9
-25768.1
-25807.4
-25846.6
-25885.9
-25925.2
-25964.4
-26003.7
-26042.9
-26082.2
-26121.4
-26160.7
-26199.9
-26239.2
-26278.5
-26317.7
-26357
-26396.2
-26435.5
-26474.7
-26514
-26553.3
-26592.5
-26631.8
-26671
-26710.3
-26749.5
-26788.8
-26828.1
-26867.3
-26906.6
-26945.8
-26985.1
-27024.3
-27048.3
-27069.1
-27089.9
-27110.7
-27131.5
-27152.3
-27173.1
-27194
-27214.8
-27235.6
-27256.4
-27277.2
-27298
-27318.8
-27339.7
-27360.5
-27381.3
-27402.1
-27422.9
-27443.7
-27464.5
-27485.3
-27506.2
-27527
-27547.8
-27568.6
-27589.4
-27610.2
-27631
-27651.8
-27672.7
-27693.5
-27714.3
-27735.1
-27755.9
-27776.7
-27797.5
-27818.3
-27839.2
-27860
-27880.8
-27901.6
-27922.4
-27943.2
-27964
-27984.8
-28005.7
-28026.5
-28047.3
-28068.1
-28088.9
-28109.7
-28130.5
-28151.3
-28172.2
-28193
-28213.8
-28234.6
-28255.4
-28276.2
-28297
-28317.8
-28338.7
-28359.5
-28380.3
-28401.1
-28421.9
-28442.7
-28463.5
-28484.3
-28505.2
-28526
-28546.8
-28567.6
-28588.4
-28609.2
-28630
-28650.8
-28671.7
-28692.5
-28713.3
-28734.1
-28754.9
-28775.7
-28796.5
-28817.3
-28838.2
-28859
-28879.8
-28900.6
-28921.4
-28942.2
-28963
-28983.9
-29004.7
-29022.7
-29026.9
-29031.1
-29035.4
-29039.6
-29043.8
-29048.1
-29052.3
-29056.5
-29060.8
-29065
-29069.2
-29073.5
-29077.7
-29081.9
-29086.2
-29090.4
-29094.6
-29098.9
-29103.1
-29107.4
-29111.6
-29115.8
-29120.1
-29124.3
-29128.5
-29132.8
-29137
-29141.2
-29145.5
-29149.7
-29153.9
-29158.2
-29162.4
-29166.6
-29170.9
-29175.1
-29179.3
-29183.6
-29187.8
-29192
-29196.3
-29200.5
-29204.8
-29209
-29213.2
-29217.5
-29221.7
-29225.9
-29230.2
-29234.4
-29238.6
-29242.9
-29247.1
-29251.3
-29255.6
-29259.8
-29264
-29268.3
-29272.5
-29276.7
-29281
-29285.2
-29289.4
-29293.7
-29297.9
-29302.1
-29306.4
-29310.6
-29314.9
-29319.1
-29323.3
-29327.6
-29331.8
-29336
-29340.3
-29344.5
-29348.7
-29353
-29357.2
-29361.4
-29365.7
-29369.9
-29374.1
-29378.4
-29382.6
-29386.8
-29391.1
-29395.3
-29399.5
-29403.8
-29408
-29412.3
-29416.5
-29420.7
-29425
-29429.2
-29433.4
-29437.7
-29441.9
-29446.1
-29450.4
-29454.6
-29458.8
-29463.1
-29467.3
-29471.5
-29475.8
-29480
-29484.2
-29488.5
-29492.7
-29496.9
-29501.2
-29505.4
-29509.7
-29513.9
-29518.1
-29522.4
-29526.6
-29530.8
-29535.1
-29539.3
-29543.5
-29547.8
-29552
-29556.2
-29560.5
-29564.7
-29568.9
-29573.2
-29577.4
-29581.6
-29585.9
-29590.1
-29594.3
-29598.6
-29602.8
-29607
-29611.3
-29615.5
-29619.8
-29624
-29628.2
-29632.5
-29636.7
-29640.9
-29645.2
-29649.4
-29653.6
-29657.9
-29662.1
-29666.3
-29670.6
-29674.8
-29679
-29683.3
-29687.5
-29691.7
-29696
-29700.2
-29704.4
-29708.7
-29712.9
-29717.2
-29721.4
-29725.6
-29729.9
-29734.1
-29738.3
-29742.6
-29746.8
-29751
-29755.3
-29759.5
-29763.7
-29768
-29772.2
-29776.4
-29780.7
-29784.9
-29789.1
-29793.4
-29797.6
-29801.8
-29806.1
-29810.3
-29814.6
-29818.8
-29823
-29827.3
-29831.5
-29835.7
-29840
-29844.2
-29848.4
-29852.7
-29856.9
-29861.1
-29865.4
-29869.6
-29873.8
-29878.1
-29882.3
-29886.5
-29890.8
-29895
-29899.2
-29903.5
-29907.7
-29911.9
-29916.2
-29920.4
-29924.7
-29928.9
-29933.1
-29937.4
-29941.6
-29945.8
-29950.1
-29954.3
-29958.5
-29962.8
-29967
-29971.2
-29975.5
-29979.7
-29983.9
-29988.2
-29992.4
-29996.6
-30000.9
-30005.1
-30009.3
-30013.6
-30017.8
-30022.1
-30026.3
-30030.5
-30034.8
-30039
-30043.2
-30047.5
-30051.7
-30055.9
-30060.2
-30064.4
-30068.6
-30072.9
-30077.1
-30081.3
-30085.6
-30089.8
-30094
-30098.3
-30102.5
-30106.7
-30111
-30115.2
-30119.5
-30123.7
-30127.9
-30132.2
-30136.4
-30140.6
-30144.9
-30149.1
-30153.3
-30157.6
-30161.8
-30166
-30170.3
-30174.5
-30178.7
-30183
-30187.2
-30191.4
-30195.7
-30199.9
-30204.1
-30208.4
-30212.6
-30216.8
-30221.1
-30225.3
-30229.6
-30233.8
-30238
-30242.3
-30246.5
-30250.7
-30255
-30259.2
-30263.4
-30267.7
-30271.9
-30276.1
-30280.4
-30284.6
-30288.8
-30293.1
-30297.3
-30301.5
-30305.8
-30310
-30314.2
-30318.5
-30322.7
-30327
-30331.2
-30335.4
-30339.7
-30343.9
-30348.1
-30352.4
-30356.6
-30360.8
-30365.1
-30369.3
-30373.5
-30377.8
-30382
-30386.2
-30390.5
-30394.7
-30398.9
-30403.2
-30407.4
-30411.6
-30415.9
-30420.1
-30424.4
-30428.6
-30432.8
-30437.1
-30441.3
-30445.5
-30449.8
-30454
-30458.2
-30462.5
-30466.7
-30470.9
-30475.2
-30479.4
-30483.6
-30487.9
-30492.1
-30496.3
-30500.6
-30504.8
-30509
-30513.3
-30517.5
-30521.7
-30526
-30530.2
-30534.5
-30538.7
-30542.9
-30547.2
-30551.4
-30555.6
-30559.9
-30564.1
-30568.3
-30572.6
-30576.8
-30581
-30585.3
-30589.5
-30593.7
-30598
-30602.2
-30606.4
-30610.7
-30614.9
-30619.1
-30623.4
-30627.6
-30631.9
-30636.1
-30640.3
-30644.6
-30648.8
-30653
-30657.3
-30661.5
-30665.7
-30670
-30674.2
-30678.4
-30682.7
-30686.9
-30691.1
-30695.4
-30699.6
-30703.8
-30708.1
-30712.3
-30716.5
-30720.8
-30725
-30729.3
-30733.5
-30737.7
-30742
-30746.2
-30750.4
-30754.7
-30758.9
-30763.1
-30767.4
-30771.6
-30775.8
-30780.1
-30784.3
-30788.5
-30792.8
-30797
-30801.2
-30805.5
-30809.7
-30813.9
-30818.2
-30822.4
-30826.6
-30830.9
-30835.1
-30839.4
-30843.6
-30847.8
-30852.1
-30856.3
-30860.5
-30864.8
-30869
-30873.2
-30877.5
-30881.7
-30885.9
-30890.2
-30894.4
-30898.6
-30902.9
-30907.1
-30911.3
-30915.6
-30919.8
-30924
-30928.3
-30932.5
-30936.8
-30941
-30945.2
-30949.5
-30953.7
-30957.9
-30962.2
-30966.4
-30970.6
-30974.9
-30979.1
-30983.3
-30987.6
-30991.8
-30996
-31000.3
-31004.5
-31008.7
-31013
-31017.2
-31021.4
-31025.7
-31029.9
-31034.2
-31038.4
-31042.6
-31046.9
-31051.1
-31055.3
-31059.6
-31063.8
-31068
-31072.3
-31076.5
-31080.7
-31085
-31089.2
-31093.4
-31097.7
-31101.9
-31106.1
-31110.4
-31114.6
-31118.8
-31123.1
-31127.3
-31131.6
-31135.8
-31140
-31144.3
-31148.5
-31152.7
-31157
-31161.2
-31165.4
-31169.7
-31173.9
-31178.1
-31182.4
-31186.6
-31190.8
-31195.1
-31199.3
