-4732.29
-9254.85
-10903
-11467.5
-12010
-12455.3
-12900.5
-13345.8
-13791
-14236.2
-14681.5
-15126.7
-15572
-16017.2
-16462.5
-16907.7
-17353
-17798.2
-18243.4
-18688.7
-19133.9
-19579.2
-20024.4
-20469.7
-20914.9
-21360.2
-21805.4
-22250.6
-22695.9
-23141.1
-23586.4
-24031.6
-24476.9
-24922.1
-25367.4
-25812.6
-26257.8
-26703.1
-27148.3
-27593.6
-28038.8
-28484.1
-28929.3
-29374.6
-29819.8
-30265
-30710.3
-31155.5
-31600.8
-32046
-32491.3
-32936.5
-33381.8
-33827
-34272.2
-34717.5
-35162.7
-35608
-36053.2
-36498.5
-36943.7
-37389
-37834.2
-38279.5
-38724.7
-39169.9
-39615.2
-40060.4
-40505.7
-40950.9
-41396.2
-41841.4
-42286.7
-42731.9
-43177.1
-43622.4
-44067.6
-44512.9
-44958.1
-45403.4
-45848.6
-46293.9
-46739.1
-47184.3
-47629.6
-48074.8
-48520.1
-48965.3
-49410.6
-49855.8
-50301.1
-50746.3
-51191.5
-51636.8
-52082
-52527.3
-52972.5
-53417.8
-53863
-54308.3
-54753.5
-55198.7
-55644
-56089.2
-56534.5
-56979.7
-57425
-57870.2
-58315.5
-58760.7
-59205.9
-59651.2
-60096.4
-60541.7
-60986.9
-61432.2
-61877.4
-62322.7
-62767.9
-63213.1
-63658.4
-64103.6
-64548.9
-64994.1
-65439.4
-65884.6
-66329.9
-66775.1
-67220.3
-67665.6
-68110.8
-68556.1
-69001.3
-69446.6
-69891.8
-70337.1
-70782.3
-71227.5
-71672.8
-72118
-72563.3
-73008.5
-73453.8
-73899
-74344.3
-74789.5
-75234.7
-75680
-76125.2
-76570.5
-77015.7
-77461
-77906.2
-78351.5
-78796.7
-79241.9
-79687.2
-80132.4
-80577.7
-81022.9
-81468.2
-81906.8
-82344.7
-82782.7
-83220.7
-83658.7
-84096.7
-84534.7
-84972.7
-85410.7
-85848.7
-86286.6
-86724.6
-87162.6
-87600.5
-88031.9
-88463.2
-88894.5
-89325.8
-89757.1
-90188.4
-90619.7
-91051
-91482.3
-91913.6
-92344.9
-92776.3
-93207.6
-93638.9
-94070.2
-94501.5
-94932.8
-95364.1
-95795.4
-96226.7
-96658
-97089.3
-97520.7
-97952
-98383.3
-98814.6
-99243.4
-99668.9
-100094
-100520
-100945
-101371
-101796
-102222
-102647
-103073
-103495
-103915
-104335
-104755
-105175
-105595
-106015
-106435
-106855
-107275
-107695
-108115
-108535
-108955
-109375
-109795
-110211
-110626
-111041
-111456
-111871
-112285
-112700
-113115
-113530
-113945
-114360
-114774
-115189
-115604
-116019
-116434
-116827
-117151
-117474
-117797
-118121
-118444
-118767
-119091
-119414
-119738
-120061
-120384
-120708
-121031
-121355
-121678
-122001
-122325
-122648
-122972
-123295
-123618
-123937
-124256
-124575
-124894
-125213
-125532
-125851
-126170
-126485
-126777
-127070
-127363
-127655
-127948
-128241
-128534
-128826
-129119
-129412
-129704
-129997
-130290
-130583
-130875
-131168
-131461
-131753
-132046
-132339
-132632
-132924
-133217
-133497
-133766
-134034
-134303
-134571
-134840
-135108
-135373
-135638
-135902
-136167
-136432
-136696
-136961
-137226
-137490
-137736
-137929
-138123
-138316
-138510
-138704
-138897
-139091
-139284
-139478
-139672
-139865
-140059
-140253
-140446
-140640
-140833
-141027
-141221
-141414
-141608
-141802
-141995
-142189
-142382
-142576
-142770
-142963
-143157
-143344
-143516
-143689
-143862
-144034
-144207
-144379
-144552
-144725
-144897
-145070
-145243
-145415
-145588
-145760
-145933
-146106
-146264
-146417
-146569
-146722
-146874
-147027
-147180
-147332
-147485
-147637
-147790
-147943
-148095
-148248
-148400
-148553
-148706
-148858
-149011
-149163
-149316
-149469
-149621
-149774
-149926
-150079
-150231
-150374
-150508
-150642
-150776
-150910
-151044
-151178
-151312
-151446
-151580
-151714
-151848
-151982
-152116
-152250
-152384
-152518
-152652
-152786
-152920
-153054
-153188
-153322
-153456
-153590
-153724
-153858
-153992
-154126
-154260
-154393
-154527
-154661
-154795
-154929
-155063
-155197
-155331
-155465
-155599
-155733
-155867
-156001
-156135
-156269
-156403
-156537
-156671
-156805
-156939
-157073
-157207
-157341
-157475
-157609
-157743
-157877
-158011
-158145
-158279
-158413
-158547
-158681
-158815
-158937
-159055
-159173
-159291
-159409
-159527
-159645
-159763
-159881
-159999
-160117
-160235
-160353
-160471
-160589
-160707
-160825
-160943
-161061
-161179
-161297
-161415
-161533
-161651
-161769
-161887
-162005
-162123
-162241
-162359
-162477
-162595
-162713
-162831
-162949
-163067
-163185
-163281
-163355
-163429
-163504
-163578
-163652
-163727
-163801
-163875
-163949
-164024
-164098
-164172
-164247
-164321
-164395
-164470
-164544
-164618
-164692
-164767
-164841
-164915
-164990
-165064
-165138
-165212
-165287
-165361
-165432
-165493
-165553
-165614
-165674
-165734
-165795
-165855
-165915
-165976
-166036
-166097
-166157
-166217
-166278
-166338
-166398
-166459
-166519
-166579
-166640
-166700
-166761
-166821
-166881
-166942
-167002
-167062
-167123
-167183
-167243
-167304
-167364
-167425
-167485
-167545
-167606
-167666
-167726
-167787
-167847
-167907
-167968
-168028
-168089
-168149
-168209
-168270
-168330
-168390
-168451
-168511
-168572
-168632
-168692
-168753
-168813
-168873
-168934
-168994
-169054
-169115
-169175
-169236
-169296
-169356
-169417
-169477
-169537
-169598
-169658
-169718
-169779
-169839
-169900
-169960
-170020
-170081
-170141
-170201
-170262
-170322
-170383
-170443
-170503
-170564
-170624
-170684
-170745
-170805
-170865
-170926
-170986
-171047
-171107
-171167
-171228
-171288
-171348
-171409
-171469
-171529
-171590
-171650
-171711
-171771
-171831
-171892
-171952
-172012
-172073
-172116
-172144
-172172
-172200
-172229
-172257
-172285
-172313
-172342
-172370
-172398
-172427
-172455
-172483
-172511
-172540
-172568
-172596
-172624
-172653
-172681
-172709
-172738
-172766
-172794
-172822
-172851
-172879
-172907
-172936
-172964
-172992
-173020
-173049
-173077
-173105
-173133
-173162
-173190
-173218
-173247
-173275
-173303
-173331
-173360
-173388
-173416
-173444
-173473
-173501
-173529
-173558
-173586
-173614
-173642
-173671
-173699
-173727
-173756
-173784
-173812
-173840
-173869
-173897
-173925
-173953
-173982
-174010
-174038
-174067
-174095
-174123
-174151
-174180
-174208
-174236
-174264
-174293
-174321
-174349
-174378
-174406
-174434
-174462
-174491
-174519
-174547
-174576
-174604
-174632
-174660
-174689
-174717
-174745
-174773
-174802
-174830
-174858
-174887
-174915
-174943
-174971
-175000
-175028
-175056
-175084
-175113
-175141
-175169
-175198
-175226
-175254
-175282
-175311
-175339
-175367
-175396
-175424
-175452
-175480
-175509
-175537
-175565
-175593
-175622
-175650
-175678
-175707
-175735
-175763
-175791
-175820
-175848
-175876
-175904
-175933
-175961
-175989
-176018
-176046
-176074
-176102
-176131
-176159
-176187
-176216
-176244
-176272
-176300
-176329
-176357
-176385
-176413
-176442
-176470
-176498
-176527
-176555
-176583
-176611
-176640
-176668
-176696
-176724
-176753
-176781
-176809
-176838
-176866
-176894
-176922
-176951
-176979
-177007
-177036
-177064
-177092
-177120
-177149
-177177
-177205
-177233
-177262
-177290
-177318
-177347
-177375
-177403
-177431
-177460
-177488
-177516
-177544
-177573
-177601
-177629
-177658
-177686
-177714
-177742
-177768
-177787
-177807
-177826
-177846
-177866
-177885
-177905
-177924
-177944
-177963
-177983
-178003
-178022
-178042
-178061
-178081
-178100
-178120
-178140
-178159
-178179
-178198
-178218
-178238
-178257
-178277
-178296
-178316
-178335
-178355
-178375
-178394
-178414
-178433
-178453
-178473
-178492
-178512
-178531
-178551
-178570
-178590
-178610
-178629
-178649
-178668
-178688
-178707
-178727
-178747
-178766
-178786
-178805
-178825
-178845
-178864
-178884
-178903
-178923
-178942
-178962
-178982
-179001
-179021
-179040
-179060
-179080
-179099
-179119
-179138
-179158
-179177
-179197
-179217
-179236
-179256
-179275
-179295
-179315
-179334
-179354
-179373
-179393
-179412
-179432
-179452
-179471
-179491
-179510
-179530
-179549
-179569
-179589
-179608
-179628
-179647
-179667
-179687
-179706
-179726
-179745
-179765
-179784
-179804
-179824
-179843
-179863
-179882
-179902
-179922
-179941
-179961
-179980
-180000
-180019
-180039
-180059
-180078
-180098
-180117
-180137
-180156
-180176
-180196
-180215
-180235
-180254
-180274
-180294
-180313
-180333
-180352
-180372
-180391
-180411
-180431
-180450
-180470
-180489
-180509
-180529
-180548
-180568
-180587
-180607
-180626
-180646
-180666
-180685
-180705
-180724
-180744
-180764
-180783
-180803
-180822
-180842
-180861
-180881
-180901
-180920
-180940
-180959
-180979
-180998
-181018
-181038
-181057
-181077
-181096
-181116
-181136
