-5597.01
-10952.1
-11915.5
-12450
-12984.4
-13518.9
-14053.4
-14587.9
-15122.3
-15656.8
-16191.3
-16725.7
-17260.2
-17794.7
-18329.2
-18863.6
-19398.1
-19932.6
-20467.1
-21001.5
-21536
-22070.5
-22605
-23139.4
-23673.9
-24208.4
-24742.8
-25277.3
-25811.8
-26346.3
-26880.7
-27415.2
-27949.7
-28484.2
-29018.6
-29553.1
-30087.6
-30622.1
-31156.5
-31691
-32225.5
-32759.9
-33294.4
-33828.9
-34363.4
-34897.8
-35432.3
-35966.8
-36501.3
-37035.7
-37570.2
-38104.7
-38639.2
-39173.6
-39708.1
-40242.6
-40777
-41311.5
-41846
-42380.5
-42914.9
-43449.4
-43983.9
-44518.4
-45052.8
-45587.3
-46121.8
-46656.3
-47190.7
-47725.2
-48259.7
-48794.1
-49328.6
-49863.1
-50397.6
-50932
-51466.5
-52001
-52535.5
-53069.9
-53604.4
-54138.9
-54673.4
-55207.8
-55742.3
-56276.8
-56811.2
-57345.7
-57880.2
-58414.7
-58949.1
-59483.6
-60018.1
-60552.6
-61087
-61621.5
-62156
-62690.5
-63224.9
-63759.4
-64293.9
-64828.3
-65362.8
-65897.3
-66431.8
-66966.2
-67500.7
-68035.2
-68569.7
-69104.1
-69638.6
-70173.1
-70707.6
-71242
-71776.5
-72311
-72845.4
-73379.9
-73914.4
-74448.9
-74983.3
-75517.8
-76052.3
-76586.8
-77121.2
-77655.7
-78190.2
-78724.6
-79259.1
-79793.6
-80328.1
-80862.5
-81397
-81931.5
-82466
-83000.4
-83534.9
-84069.4
-84603.9
-85138.3
-85672.8
-86207.3
-86741.7
-87276.2
-87810.7
-88345.2
-88879.6
-89414.1
-89948.6
-90483.1
-91017.5
-91552
-92086.5
-92621
-93155.4
-93689.9
-94224.4
-94758.8
-95293.3
-95827.8
-96362.3
-96896.7
-97431.2
-97965.7
-98500.2
-99034.6
-99569.1
-100104
-100638
-101173
-101707
-102241
-102776
-103310
-103845
-104379
-104914
-105448
-105983
-106517
-107052
-107586
-108121
-108655
-109190
-109724
-110259
-110793
-111328
-111862
-112396
-112931
-113465
-114000
-114534
-115069
-115603
-116138
-116672
-117207
-117741
-118276
-118810
-119345
-119877
-120406
-120935
-121464
-121992
-122521
-123050
-123579
-124103
-124611
-125119
-125621
-126110
-126586
-127063
-127539
-128015
-128491
-128962
-129406
-129838
-130269
-130688
-131099
-131511
-131922
-132334
-132745
-133157
-133568
-133980
-134391
-134803
-135214
-135626
-136037
-136449
-136860
-137272
-137683
-138095
-138500
-138884
-139242
-139599
-139944
-140283
-140623
-140959
-141281
-141602
-141924
-142235
-142540
-142805
-143058
-143306
-143541
-143776
-144012
-144247
-144483
-144718
-144954
-145189
-145425
-145660
-145895
-146131
-146366
-146602
-146837
-147073
-147308
-147543
-147779
-148014
-148250
-148485
-148721
-148956
-149191
-149427
-149662
-149898
-150133
-150369
-150604
-150840
-151075
-151310
-151546
-151781
-152017
-152252
-152488
-152723
-152958
-153194
-153429
-153665
-153900
-154136
-154371
-154606
-154842
-155077
-155313
-155548
-155784
-156019
-156255
-156490
-156725
-156961
-157196
-157432
-157667
-157903
-158138
-158373
-158609
-158844
-159080
-159315
-159551
-159786
-160021
-160257
-160492
-160728
-160963
-161199
-161434
-161670
-161905
-162140
-162376
-162611
-162847
-163082
-163318
-163553
-163788
-164003
-164218
-164433
-164647
-164862
-165077
-165292
-165506
-165721
-165936
-166151
-166365
-166580
-166795
-167010
-167224
-167439
-167642
-167837
-168032
-168218
-168393
-168569
-168744
-168920
-169095
-169271
-169446
-169622
-169780
-169937
-170093
-170250
-170406
-170562
-170719
-170875
-171032
-171188
-171345
-171501
-171658
-171814
-171970
-172127
-172283
-172440
-172596
-172753
-172909
-173066
-173222
-173379
-173535
-173691
-173848
-174004
-174161
-174317
-174474
-174630
-174787
-174943
-175099
-175256
-175412
-175569
-175725
-175882
-176038
-176195
-176351
-176508
-176664
-176820
-176977
-177133
-177286
-177433
-177580
-177727
-177874
-178021
-178168
-178313
-178451
-178589
-178726
-178864
-179002
-179139
-179277
-179415
-179552
-179690
-179828
-179965
-180103
-180235
-180354
-180474
-180594
-180713
-180833
-180950
-181061
-181172
-181283
-181393
-181504
-181615
-181726
-181836
-181947
-182058
-182169
-182279
-182390
-182501
-182612
-182723
-182833
-182944
-183055
-183166
-183276
-183387
-183498
-183609
-183719
-183830
-183941
-184052
-184162
-184273
-184384
-184495
-184605
-184716
-184827
-184938
-185048
-185159
-185264
-185366
-185461
-185548
-185634
-185720
-185806
-185890
-185968
-186046
-186124
-186202
-186281
-186359
-186434
-186504
-186574
-186645
-186715
-186785
-186855
-186924
-186986
-187049
-187111
-187162
-187201
-187240
-187278
-187317
-187352
-187384
-187415
-187446
-187477
-187508
-187540
-187571
-187602
-187633
-187665
-187696
-187727
-187758
-187790
-187821
-187852
-187883
-187915
-187946
-187977
-188008
-188039
-188071
-188102
-188133
-188164
-188196
-188227
-188258
-188289
-188321
-188352
-188383
-188414
-188446
-188477
-188508
-188539
-188570
-188602
-188633
-188664
-188695
-188727
-188758
-188789
-188820
-188852
-188883
-188914
-188945
-188977
-189008
-189039
-189070
-189101
-189133
-189164
-189195
-189226
-189258
-189289
-189320
-189351
-189383
-189414
-189445
-189476
-189508
-189539
-189570
-189601
-189632
-189664
-189695
-189726
-189757
-189789
-189820
-189851
-189882
-189914
-189945
-189976
-190007
-190039
-190070
-190101
-190132
-190163
-190195
-190226
-190257
-190288
-190320
-190351
-190382
-190413
-190445
-190476
-190507
-190538
-190570
-190601
-190632
-190663
-190694
-190726
-190757
-190788
-190819
-190851
-190882
-190913
-190944
-190976
-191007
-191038
-191069
-191101
-191132
-191163
-191194
-191225
-191257
-191288
-191319
-191350
-191382
-191413
-191444
-191475
-191507
-191538
-191569
-191600
-191632
-191663
-191694
-191725
-191756
-191788
-191819
-191850
-191881
-191913
-191944
-191975
-192006
-192038
-192069
-192100
-192131
-192163
-192194
-192225
-192256
-192287
-192319
-192350
-192381
-192412
-192444
-192475
-192506
-192537
-192569
-192600
-192631
-192662
-192694
-192725
-192756
-192787
-192818
-192850
-192881
-192912
-192943
-192975
-193006
-193037
-193068
-193100
-193131
-193162
-193193
-193225
-193256
-193287
-193318
-193349
-193381
-193412
-193443
-193474
-193506
-193537
-193568
-193599
-193631
-193662
-193693
-193724
-193756
-193787
-193818
-193849
-193880
-193912
-193943
-193974
-194005
-194037
-194068
-194099
-194130
-194162
-194193
-194224
-194255
-194287
-194318
-194349
-194380
-194411
-194443
-194474
-194505
-194536
-194568
-194599
-194630
-194661
-194693
-194724
-194755
-194786
-194818
-194849
-194880
-194911
-194942
-194974
-195005
-195036
-195067
-195099
-195130
-195161
-195192
-195224
-195255
-195286
-195317
-195349
-195380
-195411
-195442
-195473
-195505
-195536
-195567
-195598
-195630
-195661
-195692
-195723
-195755
-195786
-195817
-195848
-195880
-195911
-195942
-195973
-196004
-196036
-196067
-196098
-196129
-196161
-196192
-196223
-196254
-196286
-196317
-196348
-196379
-196411
-196442
-196473
-196504
-196535
-196567
-196598
-196629
-196660
-196692
-196723
-196754
-196785
-196817
-196848
-196879
-196910
-196942
-196973
-197004
-197035
-197066
-197098
-197129
-197160
-197191
-197223
-197254
-197285
-197316
-197348
-197379
-197410
-197441
-197473
-197504
-197535
-197566
-197597
-197629
-197660
-197691
-197722
-197754
-197785
-197816
-197847
-197879
-197910
-197941
-197972
-198004
-198035
-198066
-198097
-198128
-198160
-198191
-198222
-198253
-198285
-198316
-198347
-198378
-198410
-198441
-198472
-198503
-198535
-198566
-198597
-198628
-198659
-198691
-198722
-198753
-198784
-198816
-198847
-198878
-198909
-198941
-198972
-199003
-199034
-199066
-199097
-199128
-199159
-199190
-199222
-199253
-199284
-199315
-199347
-199378
-199409
-199440
-199472
-199503
-199534
-199565
-199597
-199628
-199659
-199690
-199721
-199753
-199784
-199815
-199846
-199878
-199909
-199940
-199971
-200003
-200034
-200065
-200096
-200128
-200159
-200190
-200221
-200252
-200284
-200315
-200346
-200377
-200409
-200440
-200471
-200502
-200534
-200565
-200596
-200627
-200659
-200690
-200721
-200752
-200783
-200815
-200846
-200877
-200908
-200940
-200971
-201002
-201033
-201065
-201096
-201127
-201158
-201190
-201221
-201252
-201283
-201314
-201346
-201377
-201408
-201439
-201471
-201502
-201533
-201564
-201596
-201627
-201658
-201689
-201721
-201752
-201783
-201814
-201845
-201877
-201908
-201939
-201970
-202002
-202033
-202064
-202095
-202127
-202158
-202189
-202220
-202252
-202283
