-1385.45
-2713.99
-3110.82
-3242.11
-3373.4
-3504.68
-3635.97
-3767.26
-3898.54
-4029.83
-4161.12
-4292.41
-4423.69
-4554.98
-4686.27
-4817.55
-4948.84
-5080.13
-5211.42
-5342.7
-5473.99
-5605.28
-5736.56
-5867.85
-5999.14
-6130.43
-6261.71
-6393
-6524.29
-6655.57
-6786.86
-6918.15
-7049.44
-7180.72
-7312.01
-7443.3
-7574.59
-7705.87
-7837.16
-7968.45
-8099.73
-8231.02
-8362.31
-8493.6
-8624.88
-8756.17
-8887.46
-9018.74
-9150.03
-9281.32
-9412.61
-9543.89
-9675.18
-9806.47
-9937.75
-10069
-10200.3
-10331.6
-10462.9
-10594.2
-10725.5
-10856.8
-10988.1
-11119.3
-11250.6
-11381.9
-11513.2
-11644.5
-11775.8
-11907.1
-12038.3
-12169.6
-12300.9
-12432.2
-12563.5
-12694.8
-12826.1
-12957.4
-13088.6
-13219.9
-13351.2
-13482.5
-13613.8
-13745.1
-13876.4
-14007.7
-14138.9
-14270.2
-14401.5
-14532.8
-14664.1
-14795.4
-14926.7
-15058
-15189.2
-15320.5
-15451.8
-15583.1
-15714.4
-15845.7
-15977
-16108.3
-16239.5
-16370.8
-16502.1
-16633.4
-16764.7
-16896
-17027.3
-17158.5
-17289.8
-17421.1
-17552.4
-17683.7
-17815
-17946.3
-18077.6
-18208.8
-18340.1
-18471.4
-18602.7
-18734
-18865.3
-18996.6
-19127.9
-19259.1
-19390.4
-19521.7
-19653
-19784.3
-19915.6
-20046.9
-20178.2
-20309.4
-20440.7
-20572
-20703.3
-20834.6
-20965.9
-21097.2
-21228.5
-21359.7
-21491
-21622.3
-21753.6
-21884.9
-22016.2
-22147.5
-22278.7
-22410
-22541.3
-22672.6
-22803.9
-22935.2
-23066.5
-23197.8
-23329
-23460.3
-23591.6
-23722.9
-23854.2
-23985.5
-24116.8
-24248.1
-24379.3
-24510.6
-24641.9
-24773.2
-24904.5
-25035.8
-25167.1
-25298.4
-25429.6
-25560.9
-25692.2
-25823.5
-25954.8
-26086.1
-26217.4
-26348.7
-26479.9
-26611.2
-26742.5
-26873.8
-27005.1
-27136.4
-27267.7
-27398.9
-27530.2
-27661.5
-27792.8
-27924.1
-28055.4
-28186.7
-28318
-28449.2
-28580.5
-28711.8
-28843.1
-28974.4
-29105.7
-29237
-29368.3
-29499.5
-29630.8
-29762.1
-29893.4
-30024.7
-30156
-30287.3
-30418.6
-30549.8
-30681.1
-30812.4
-30943.7
-31075
-31206.3
-31337.6
-31468.9
-31600.1
-31731.4
-31862.7
-31994
-32125.3
-32256.6
-32387.9
-32519.1
-32650.4
-32781.7
-32913
-33044.3
-33168.9
-33242.5
-33316.1
-33389.7
-33463.3
-33537
-33610.6
-33684.2
-33757.8
-33831.4
-33905
-33978.6
-34052.2
-34125.4
-34194.3
-34263.1
-34332
-34400.8
-34469.6
-34538.5
-34607.3
-34676.2
-34745
-34813.8
-34882.7
-34951.5
-35020.4
-35089.2
-35158
-35226.9
-35295.7
-35364.6
-35433.4
-35502.2
-35571.1
-35639.9
-35708.8
-35777.6
-35846.4
-35915.3
-35984.1
-36053
-36121.8
-36190.6
-36259.5
-36328.3
-36397.1
-36466
-36534.8
-36603.7
-36672.5
-36741.3
-36810.2
-36879
-36947.9
-37016.7
-37082
-37146.8
-37211.5
-37276.3
-37341.1
-37405.8
-37470.6
-37535.4
-37600.1
-37664.9
-37729.7
-37794.4
-37859.2
-37924
-37988.8
-38053.5
-38118.3
-38183.1
-38247.8
-38312.6
-38377.4
-38442.1
-38506.9
-38571.7
-38636.4
-38701.2
-38766
-38830.8
-38895.5
-38960.3
-39025.1
-39089.8
-39154.6
-39219.4
-39284.1
-39348.9
-39413.7
-39478.4
-39543.2
-39608
-39672.7
-39737.5
-39802.3
-39867.1
-39931.8
-39996.6
-40061.4
-40126.1
-40190.9
-40255.7
-40320.4
-40385.2
-40450
-40514.7
-40579.5
-40644.3
-40709
-40773.8
-40838.6
-40903.4
-40968.1
-41032.9
-41097.7
-41162.4
-41227.2
-41292
-41356.7
-41421.5
-41486.3
-41551
-41615.8
-41680.6
-41745.3
-41810.1
-41874.9
-41939.7
-42004.4
-42069.2
-42134
-42198.7
-42263.5
-42328.3
-42393
-42457.8
-42522.6
-42587.3
-42652.1
-42716.9
-42781.6
-42846.4
-42911.2
-42976
-43040.7
-43105.5
-43170.3
-43235
-43299.8
-43364.6
-43429.3
-43494.1
-43558.9
-43623.6
-43688.4
-43753.2
-43817.9
-43882.7
-43947.5
-44012.3
-44077
-44141.8
-44206.6
-44271.3
-44336.1
-44400.9
-44465.6
-44530.4
-44595.2
-44659.9
-44724.7
-44789.5
-44854.3
-44919
-44983.8
-45048.6
-45113.3
-45178.1
-45242.9
-45307.6
-45372.4
-45426
-45473.5
-45521
-45568.4
-45615.9
-45663.4
-45710.9
-45758.4
-45805.9
-45853.3
-45900.8
-45948.3
-45995.8
-46043.3
-46090.8
-46138.3
-46185.7
-46233.2
-46280.7
-46328.2
-46375.7
-46423.2
-46470.7
-46518.1
-46565.6
-46613.1
-46660.6
-46708.1
-46755.6
-46803
-46850.5
-46898
-46945.5
-46993
-47040.5
-47088
-47135.4
-47182.9
-47230.4
-47277.9
-47325.4
-47372.9
-47420.3
-47467.8
-47515.3
-47562.8
-47610.3
-47651.7
-47673.2
-47694.6
-47716
-47737.5
-47758.9
-47780.3
-47801.8
-47823.2
-47844.6
-47866.1
-47887.5
-47909
-47930.4
-47951.8
-47973.3
-47994.7
-48016.1
-48037.6
-48059
-48080.4
-48101.9
-48123.3
-48144.7
-48166.2
-48174.6
-48181.3
-48188
-48194.7
-48201.3
-48208
-48214.7
-48221.4
-48228.1
-48234.8
-48241.5
-48248.2
-48254.9
-48261.6
-48268.3
-48275
-48281.7
-48288.3
-48295
-48301.7
-48308.4
-48315.1
-48321.8
-48328.5
-48335.2
-48341.9
-48348.6
-48355.3
-48362
-48368.7
-48375.3
-48382
-48388.7
-48395.4
-48402.1
-48408.8
-48415.5
-48422.2
-48428.9
-48435.6
-48442.3
-48449
-48455.7
-48462.3
-48469
-48475.7
-48482.4
-48489.1
-48495.8
-48502.5
-48509.2
-48515.9
-48522.6
-48529.3
-48536
-48542.6
-48549.3
-48556
-48562.7
-48569.4
-48576.1
-48582.8
-48589.5
-48596.2
-48602.9
-48609.6
-48616.3
-48623
-48629.6
-48636.3
-48643
-48649.7
-48656.4
-48663.1
-48669.8
-48676.5
-48683.2
-48689.9
-48696.6
-48703.3
-48710
-48716.6
-48723.3
-48730
-48736.7
-48743.4
-48750.1
-48756.8
-48763.5
-48770.2
-48776.9
-48783.6
-48790.3
-48796.9
-48803.6
-48810.3
-48817
-48823.7
-48830.4
-48837.1
-48843.8
-48850.5
-48857.2
-48863.9
-48870.6
-48877.3
-48883.9
-48890.6
-48897.3
-48904
-48910.7
-48917.4
-48924.1
-48930.8
-48937.5
-48944.2
-48950.9
-48957.6
-48964.3
-48970.9
-48977.6
-48984.3
-48991
-48997.7
-49004.4
-49011.1
-49017.8
-49024.5
-49031.2
-49037.9
-49044.6
-49051.2
-49057.9
-49064.6
-49071.3
-49078
-49084.7
-49091.4
-49098.1
-49104.8
-49111.5
-49118.2
-49124.9
-49131.6
-49138.2
-49144.9
-49151.6
-49158.3
-49165
-49171.7
-49178.4
-49185.1
-49191.8
-49198.5
-49205.2
-49211.9
-49218.6
-49225.2
-49231.9
-49238.6
-49245.3
-49252
-49258.7
-49265.4
-49272.1
-49278.8
-49285.5
-49292.2
-49298.9
-49305.5
-49312.2
-49318.9
-49325.6
-49332.3
-49339
-49345.7
-49352.4
-49359.1
-49365.8
-49372.5
-49379.2
-49385.9
-49392.5
-49399.2
-49405.9
-49412.6
-49419.3
-49426
-49432.7
-49439.4
-49446.1
-49452.8
-49459.5
-49466.2
-49472.9
-49479.5
-49486.2
-49492.9
-49499.6
-49506.3
-49513
-49519.7
-49526.4
-49533.1
-49539.8
-49546.5
-49553.2
-49559.9
-49566.5
-49573.2
-49579.9
-49586.6
-49593.3
-49600
-49606.7
-49613.4
-49620.1
-49626.8
-49633.5
-49640.2
-49646.8
-49653.5
-49660.2
-49666.9
-49673.6
-49680.3
-49687
-49693.7
-49700.4
-49707.1
-49713.8
-49720.5
-49727.2
-49733.8
-49740.5
-49747.2
-49753.9
-49760.6
-49767.3
-49774
-49780.7
-49787.4
-49794.1
-49800.8
-49807.5
-49814.2
-49820.8
-49827.5
-49834.2
-49840.9
-49847.6
-49854.3
-49861
-49867.7
-49874.4
-49881.1
-49887.8
-49894.5
-49901.1
-49907.8
-49914.5
-49921.2
-49927.9
-49934.6
-49941.3
-49948
-49954.7
-49961.4
-49968.1
-49974.8
-49981.5
-49988.1
-49994.8
-50001.5
-50008.2
-50014.9
-50021.6
-50028.3
-50035
-50041.7
-50048.4
-50055.1
-50061.8
-50068.5
-50075.1
-50081.8
-50088.5
-50095.2
-50101.9
-50108.6
-50115.3
-50122
-50128.7
-50135.4
-50142.1
-50148.8
-50155.4
-50162.1
-50168.8
-50175.5
-50182.2
-50188.9
-50195.6
-50202.3
-50209
-50215.7
-50222.4
-50229.1
-50235.8
-50242.4
-50249.1
-50255.8
-50262.5
-50269.2
-50275.9
-50282.6
-50289.3
-50296
-50302.7
-50309.4
-50316.1
-50322.8
-50329.4
-50336.1
-50342.8
-50349.5
-50356.2
-50362.9
-50369.6
-50376.3
-50383
-50389.7
-50396.4
-50403.1
-50409.7
-50416.4
-50423.1
-50429.8
-50436.5
-50443.2
-50449.9
-50456.6
-50463.3
-50470
-50476.7
-50483.4
-50490.1
-50496.7
-50503.4
-50510.1
-50516.8
-50523.5
-50530.2
-50536.9
-50543.6
-50550.3
-50557
-50563.7
-50570.4
-50577.1
-50583.7
-50590.4
-50597.1
-50603.8
-50610.5
-50617.2
-50623.9
-50630.6
-50637.3
-50644
-50650.7
-50657.4
-50664.1
-50670.7
-50677.4
-50684.1
-50690.8
-50697.5
-50704.2
-50710.9
-50717.6
-50724.3
-50731
-50737.7
-50744.4
-50751
-50757.7
-50764.4
-50771.1
-50777.8
-50784.5
-50791.2
-50797.9
-50804.6
-50811.3
-50818
-50824.7
-50831.4
-50838
-50844.7
-50851.4
-50858.1
-50864.8
-50871.5
-50878.2
-50884.9
-50891.6
-50898.3
-50905
-50911.7
-50918.4
-50925
-50931.7
-50938.4
-50945.1
-50951.8
-50958.5
-50965.2
-50971.9
-50978.6
-50985.3
-50992
-50998.7
-51005.3
-51012
-51018.7
-51025.4
-51032.1
-51038.8
-51045.5
-51052.2
-51058.9
-51065.6
-51072.3
-51079
-51085.7
-51092.3
-51099
-51105.7
-51112.4
-51119.1
-51125.8
-51132.5
-51139.2
-51145.9
-51152.6
-51159.3
-51166
-51172.7
-51179.3
-51186
-51192.7
-51199.4
-51206.1
-51212.8
-51219.5
-51226.2
-51232.9
-51239.6
-51246.3
-51253
-51259.6
-51266.3
-51273
-51279.7
-51286.4
-51293.1
-51299.8
-51306.5
-51313.2
-51319.9
-51326.6
-51333.3
-51340
-51346.6
-51353.3
-51360
-51366.7
-51373.4
-51380.1
-51386.8
-51393.5
-51400.2
-51406.9
-51413.6
-51420.3
-51427
-51433.6
-51440.3
-51447
-51453.7
-51460.4
-51467.1
-51473.8
-51480.5
-51487.2
-51493.9
-51500.6
-51507.3
-51513.9
-51520.6
-51527.3
-51534
-51540.7
-51547.4
-51554.1
-51560.8
-51567.5
-51574.2
-51580.9
-51587.6
-51594.3
