-5784.45
-11300.1
-12496.5
-13034.9
-13573.2
-14111.5
-14649.8
-15188.1
-15726.4
-16264.8
-16803.1
-17341.4
-17879.7
-18418
-18956.3
-19494.7
-20033
-20571.3
-21109.6
-21647.9
-22186.3
-22724.6
-23262.9
-23801.2
-24339.5
-24877.8
-25416.2
-25954.5
-26492.8
-27031.1
-27569.4
-28107.7
-28646.1
-29184.4
-29722.7
-30261
-30799.3
-31337.6
-31876
-32414.3
-32952.6
-33490.9
-34029.2
-34567.5
-35105.9
-35644.2
-36182.5
-36720.8
-37259.1
-37797.5
-38335.8
-38874.1
-39412.4
-39950.7
-40489
-41027.4
-41565.7
-42104
-42642.3
-43180.6
-43718.9
-44257.3
-44795.6
-45333.9
-45872.2
-46410.5
-46948.8
-47487.2
-48025.5
-48563.8
-49102.1
-49640.4
-50178.7
-50717.1
-51255.4
-51793.7
-52332
-52870.3
-53408.7
-53947
-54485.3
-55023.6
-55561.9
-56100.2
-56638.6
-57176.9
-57715.2
-58253.5
-58791.8
-59330.1
-59868.5
-60406.8
-60945.1
-61483.4
-62021.7
-62560
-63098.4
-63636.7
-64175
-64713.3
-65251.6
-65789.9
-66328.3
-66866.6
-67404.9
-67943.2
-68481.5
-69019.9
-69558.2
-70096.5
-70634.8
-71173.1
-71711.4
-72249.8
-72788.1
-73326.4
-73864.7
-74403
-74941.3
-75479.7
-76018
-76556.3
-77094.6
-77632.9
-78171.2
-78709.6
-79247.9
-79786.2
-80324.5
-80862.8
-81401.1
-81939.5
-82477.8
-83016.1
-83554.4
-84092.7
-84631.1
-85169.4
-85707.7
-86246
-86784.3
-87322.6
-87861
-88399.3
-88937.6
-89475.9
-90014.2
-90552.5
-91090.9
-91629.2
-92167.5
-92705.8
-93244.1
-93782.4
-94320.8
-94859.1
-95397.4
-95935.7
-96474
-97012.3
-97550.7
-98089
-98627.3
-99165.6
-99703.9
-100242
-100781
-101319
-101857
-102396
-102934
-103472
-104010
-104549
-105087
-105625
-106164
-106702
-107240
-107779
-108317
-108855
-109394
-109929
-110452
-110965
-111478
-111990
-112503
-113016
-113529
-114032
-114532
-115033
-115526
-116014
-116503
-116992
-117480
-117969
-118458
-118946
-119435
-119924
-120412
-120901
-121390
-121878
-122367
-122856
-123345
-123833
-124318
-124796
-125274
-125751
-126229
-126707
-127184
-127662
-128140
-128617
-129095
-129573
-130051
-130528
-131006
-131484
-131961
-132439
-132917
-133394
-133872
-134350
-134827
-135305
-135783
-136261
-136738
-137216
-137694
-138162
-138630
-139098
-139566
-140034
-140501
-140969
-141437
-141905
-142373
-142841
-143309
-143777
-144245
-144713
-145181
-145649
-146117
-146585
-147053
-147521
-147989
-148457
-148912
-149245
-149579
-149912
-150245
-150579
-150912
-151245
-151579
-151912
-152246
-152579
-152912
-153246
-153579
-153912
-154246
-154579
-154912
-155246
-155579
-155913
-156246
-156579
-156913
-157246
-157579
-157913
-158246
-158579
-158913
-159246
-159580
-159913
-160246
-160580
-160913
-161246
-161580
-161913
-162246
-162580
-162913
-163246
-163580
-163913
-164247
-164580
-164889
-165176
-165419
-165661
-165902
-166144
-166385
-166627
-166868
-167110
-167351
-167593
-167830
-168027
-168225
-168422
-168619
-168816
-168985
-169139
-169292
-169446
-169599
-169753
-169907
-170060
-170214
-170367
-170521
-170675
-170828
-170982
-171135
-171289
-171443
-171596
-171750
-171903
-172057
-172211
-172364
-172518
-172671
-172825
-172979
-173132
-173286
-173440
-173593
-173728
-173842
-173956
-174070
-174183
-174297
-174411
-174525
-174639
-174752
-174866
-174980
-175094
-175208
-175321
-175435
-175549
-175663
-175777
-175890
-176004
-176118
-176232
-176346
-176459
-176573
-176687
-176801
-176915
-177028
-177142
-177256
-177370
-177484
-177597
-177711
-177825
-177939
-178053
-178166
-178280
-178394
-178508
-178622
-178735
-178849
-178963
-179077
-179180
-179258
-179337
-179416
-179494
-179573
-179652
-179730
-179809
-179888
-179966
-180045
-180124
-180202
-180281
-180360
-180438
-180517
-180596
-180674
-180753
-180832
-180910
-180989
-181068
-181146
-181225
-181304
-181382
-181461
-181540
-181618
-181697
-181776
-181854
-181933
-182012
-182090
-182169
-182248
-182326
-182405
-182484
-182562
-182641
-182720
-182798
-182877
-182956
-183034
-183113
-183192
-183270
-183349
-183428
-183506
-183585
-183664
-183742
-183821
-183900
-183978
-184057
-184136
-184214
-184293
-184372
-184450
-184529
-184608
-184686
-184765
-184844
-184922
-185001
-185080
-185158
-185237
-185316
-185394
-185473
-185552
-185630
-185709
-185788
-185866
-185945
-186024
-186102
-186181
-186260
-186338
-186417
-186496
-186574
-186653
-186732
-186810
-186889
-186968
-187046
-187125
-187204
-187282
-187361
-187440
-187518
-187597
-187676
-187754
-187833
-187912
-187990
-188069
-188148
-188226
-188305
-188384
-188462
-188541
-188608
-188625
-188643
-188661
-188679
-188697
-188715
-188733
-188750
-188768
-188786
-188804
-188822
-188840
-188858
-188875
-188893
-188911
-188929
-188947
-188965
-188983
-189000
-189018
-189036
-189054
-189072
-189090
-189108
-189125
-189143
-189161
-189179
-189197
-189215
-189233
-189250
-189268
-189286
-189304
-189322
-189340
-189358
-189376
-189393
-189411
-189429
-189447
-189465
-189483
-189501
-189518
-189536
-189554
-189572
-189590
-189608
-189626
-189643
-189661
-189679
-189697
-189715
-189733
-189751
-189768
-189786
-189804
-189822
-189840
-189858
-189876
-189893
-189911
-189929
-189947
-189965
-189983
-190001
-190018
-190036
-190054
-190072
-190090
-190108
-190126
-190143
-190161
-190179
-190197
-190215
-190233
-190251
-190268
-190286
-190304
-190322
-190340
-190358
-190376
-190393
-190411
-190429
-190447
-190465
-190483
-190501
-190518
-190536
-190554
-190572
-190590
-190608
-190626
-190643
-190661
-190679
-190697
-190715
-190733
-190751
-190768
-190786
-190804
-190822
-190840
-190858
-190876
-190893
-190911
-190929
-190947
-190965
-190983
-191001
-191019
-191036
-191054
-191072
-191090
-191108
-191126
-191144
-191161
-191179
-191197
-191215
-191233
-191251
-191269
-191286
-191304
-191322
-191340
-191358
-191376
-191394
-191411
-191429
-191447
-191465
-191483
-191501
-191519
-191536
-191554
-191572
-191590
-191608
-191626
-191644
-191661
-191679
-191697
-191715
-191733
-191751
-191769
-191786
-191804
-191822
-191840
-191858
-191876
-191894
-191911
-191929
-191947
-191965
-191983
-192001
-192019
-192036
-192054
-192072
-192090
-192108
-192126
-192144
-192161
-192179
-192197
-192215
-192233
-192251
-192269
-192286
-192304
-192322
-192340
-192358
-192376
-192394
-192411
-192429
-192447
-192465
-192483
-192501
-192519
-192536
-192554
-192572
-192590
-192608
-192626
-192644
-192661
-192679
-192697
-192715
-192733
-192751
-192769
-192787
-192804
-192822
-192840
-192858
-192876
-192894
-192912
-192929
-192947
-192965
-192983
-193001
-193019
-193037
-193054
-193072
-193090
-193108
-193126
-193144
-193162
-193179
-193197
-193215
-193233
-193251
-193269
-193287
-193304
-193322
-193340
-193358
-193376
-193394
-193412
-193429
-193447
-193465
-193483
-193501
-193519
-193537
-193554
-193572
-193590
-193608
-193626
-193644
-193662
-193679
-193697
-193715
-193733
-193751
-193769
-193787
-193804
-193822
-193840
-193858
-193876
-193894
-193912
-193929
-193947
-193965
-193983
-194001
-194019
-194037
-194054
-194072
-194090
-194108
-194126
-194144
-194162
-194179
-194197
-194215
-194233
-194251
-194269
-194287
-194304
-194322
-194340
-194358
-194376
-194394
-194412
-194429
-194447
-194465
-194483
-194501
-194519
-194537
-194555
-194572
-194590
-194608
-194626
-194644
-194662
-194680
-194697
-194715
-194733
-194751
-194769
-194787
-194805
-194822
-194840
-194858
-194876
-194894
-194912
-194930
-194947
-194965
-194983
-195001
-195019
-195037
-195055
-195072
-195090
-195108
-195126
-195144
-195162
-195180
-195197
-195215
-195233
-195251
-195269
-195287
-195305
-195322
-195340
-195358
-195376
-195394
-195412
-195430
-195447
-195465
-195483
-195501
-195519
-195537
-195555
-195572
-195590
-195608
-195626
-195644
-195662
-195680
-195697
-195715
-195733
-195751
-195769
-195787
-195805
-195822
-195840
-195858
-195876
-195894
-195912
-195930
-195947
-195965
-195983
-196001
-196019
-196037
-196055
-196072
-196090
-196108
-196126
-196144
-196162
-196180
-196197
-196215
-196233
-196251
-196269
-196287
-196305
-196323
-196340
-196358
-196376
-196394
-196412
-196430
-196448
-196465
-196483
-196501
-196519
-196537
-196555
-196573
-196590
-196608
-196626
-196644
-196662
-196680
-196698
-196715
-196733
-196751
-196769
-196787
-196805
-196823
-196840
-196858
-196876
-196894
-196912
-196930
-196948
-196965
-196983
-197001
