-5020.52
-10028
-10645.4
-11105.3
-11565.1
-12025
-12484.9
-12944.7
-13404.6
-13864.4
-14324.3
-14784.2
-15244
-15703.9
-16163.7
-16623.6
-17083.4
-17543.3
-18003.2
-18463
-18922.9
-19382.7
-19842.6
-20302.5
-20762.3
-21222.2
-21682
-22141.9
-22601.8
-23061.6
-23521.5
-23981.3
-24441.2
-24901
-25360.9
-25820.8
-26280.6
-26740.5
-27200.3
-27660.2
-28120.1
-28579.9
-29039.8
-29499.6
-29959.5
-30419.3
-30879.2
-31339.1
-31798.9
-32258.8
-32718.6
-33178.5
-33638.4
-34098.2
-34558.1
-35017.9
-35477.8
-35937.7
-36397.5
-36857.4
-37317.2
-37777.1
-38236.9
-38696.8
-39156.7
-39616.5
-40076.4
-40536.2
-40996.1
-41456
-41915.8
-42375.7
-42835.5
-43295.4
-43755.3
-44215.1
-44675
-45134.8
-45594.7
-46054.5
-46514.4
-46974.3
-47434.1
-47894
-48353.8
-48813.7
-49273.6
-49733.4
-50193.3
-50653.1
-51113
-51572.8
-52032.7
-52492.6
-52952.4
-53412.3
-53872.1
-54332
-54791.9
-55251.7
-55711.6
-56171.4
-56631.3
-57091.2
-57551
-58010.9
-58470.7
-58930.6
-59390.4
-59850.3
-60310.2
-60770
-61229.9
-61689.7
-62149.6
-62609.5
-63069.3
-63529.2
-63989
-64448.9
-64908.7
-65368.6
-65828.5
-66288.3
-66748.2
-67208
-67667.9
-68127.8
-68587.6
-69047.5
-69507.3
-69967.2
-70427.1
-70886.9
-71346.8
-71806.6
-72266.5
-72726.3
-73186.2
-73646.1
-74105.9
-74565.8
-75025.6
-75485.5
-75945.4
-76405.2
-76865.1
-77324.9
-77784.8
-78244.6
-78704.5
-79164.4
-79624.2
-80084.1
-80543.9
-81003.8
-81463.7
-81923.5
-82383.4
-82843.2
-83303.1
-83763
-84222.8
-84682.7
-85142.5
-85602.4
-86062.2
-86522.1
-86982
-87441.8
-87901.7
-88361.5
-88821.4
-89281.3
-89741.1
-90201
-90660.8
-91120.7
-91580.5
-92040.4
-92500.3
-92960.1
-93420
-93879.8
-94339.7
-94799.6
-95259.4
-95719.3
-96179.1
-96639
-97098.9
-97558.7
-98018.6
-98478.4
-98938.3
-99398.1
-99858
-100318
-100778
-101217
-101624
-102031
-102438
-102845
-103252
-103660
-104067
-104474
-104881
-105288
-105666
-106040
-106413
-106787
-107161
-107535
-107909
-108282
-108656
-109030
-109404
-109777
-110151
-110525
-110899
-111273
-111646
-112020
-112394
-112768
-113141
-113515
-113889
-114263
-114637
-115010
-115384
-115758
-116132
-116479
-116815
-117152
-117488
-117825
-118161
-118498
-118834
-119171
-119507
-119844
-120180
-120517
-120853
-121190
-121526
-121863
-122200
-122536
-122873
-123209
-123546
-123882
-124219
-124555
-124892
-125228
-125565
-125901
-126238
-126574
-126911
-127247
-127584
-127920
-128257
-128593
-128930
-129266
-129603
-129939
-130276
-130612
-130949
-131286
-131622
-131959
-132295
-132632
-132968
-133305
-133641
-133978
-134314
-134651
-134987
-135324
-135660
-135997
-136333
-136670
-137006
-137343
-137679
-138016
-138352
-138689
-139025
-139362
-139698
-140035
-140372
-140708
-141045
-141381
-141718
-142054
-142391
-142727
-143064
-143400
-143737
-144073
-144410
-144746
-145083
-145419
-145756
-146092
-146429
-146765
-147102
-147438
-147775
-148111
-148448
-148784
-149121
-149458
-149794
-150001
-150147
-150293
-150438
-150584
-150729
-150875
-151021
-151166
-151312
-151458
-151603
-151749
-151895
-152040
-152186
-152332
-152477
-152526
-152551
-152576
-152601
-152625
-152650
-152675
-152700
-152724
-152749
-152774
-152799
-152823
-152848
-152873
-152898
-152923
-152947
-152972
-152997
-153022
-153046
-153071
-153096
-153121
-153146
-153170
-153195
-153220
-153245
-153269
-153294
-153319
-153344
-153368
-153393
-153418
-153443
-153468
-153492
-153517
-153542
-153567
-153591
-153616
-153641
-153666
-153691
-153715
-153740
-153765
-153790
-153814
-153839
-153864
-153889
-153913
-153938
-153963
-153988
-154013
-154037
-154062
-154087
-154112
-154136
-154161
-154186
-154211
-154235
-154260
-154285
-154310
-154335
-154359
-154384
-154409
-154434
-154458
-154483
-154508
-154533
-154558
-154582
-154607
-154632
-154657
-154681
-154706
-154731
-154756
-154780
-154805
-154830
-154855
-154880
-154904
-154929
-154954
-154979
-155003
-155028
-155053
-155078
-155103
-155127
-155152
-155177
-155202
-155226
-155251
-155276
-155301
-155325
-155350
-155375
-155400
-155425
-155449
-155474
-155499
-155516
-155524
-155532
-155540
-155548
-155556
-155564
-155572
-155580
-155588
-155596
-155604
-155612
-155620
-155627
-155635
-155643
-155651
-155659
-155667
-155675
-155683
-155691
-155699
-155707
-155715
-155723
-155731
-155739
-155747
-155755
-155763
-155770
-155778
-155786
-155794
-155802
-155810
-155818
-155826
-155834
-155842
-155850
-155858
-155866
-155874
-155882
-155890
-155898
-155905
-155913
-155921
-155929
-155937
-155945
-155953
-155961
-155969
-155977
-155985
-155993
-156001
-156009
-156017
-156025
-156033
-156040
-156048
-156056
-156064
-156072
-156080
-156088
-156096
-156104
-156112
-156120
-156128
-156136
-156144
-156152
-156160
-156168
-156176
-156183
-156191
-156199
-156207
-156215
-156223
-156231
-156239
-156247
-156255
-156263
-156271
-156279
-156287
-156295
-156303
-156311
-156318
-156326
-156334
-156342
-156350
-156358
-156366
-156374
-156382
-156390
-156398
-156406
-156414
-156422
-156430
-156438
-156446
-156453
-156461
-156469
-156477
-156485
-156493
-156501
-156509
-156517
-156525
-156533
-156541
-156549
-156557
-156565
-156573
-156581
-156589
-156596
-156604
-156612
-156620
-156628
-156636
-156644
-156652
-156660
-156668
-156676
-156684
-156692
-156700
-156708
-156716
-156724
-156731
-156739
-156747
-156755
-156763
-156771
-156779
-156787
-156795
-156803
-156811
-156819
-156827
-156835
-156843
-156851
-156859
-156866
-156874
-156882
-156890
-156898
-156906
-156914
-156922
-156930
-156938
-156946
-156954
-156962
-156970
-156978
-156986
-156994
-157002
-157009
-157017
-157025
-157033
-157041
-157049
-157057
-157065
-157073
-157081
-157089
-157097
-157105
-157113
-157121
-157129
-157137
-157144
-157152
-157160
-157168
-157176
-157184
-157192
-157200
-157208
-157216
-157224
-157232
-157240
-157248
-157256
-157264
-157272
-157279
-157287
-157295
-157303
-157311
-157319
-157327
-157335
-157343
-157351
-157359
-157367
-157375
-157383
-157391
-157399
-157407
-157415
-157422
-157430
-157438
-157446
-157454
-157462
-157470
-157478
-157486
-157494
-157502
-157510
-157518
-157526
-157534
-157542
-157550
-157557
-157565
-157573
-157581
-157589
-157597
-157605
-157613
-157621
-157629
-157637
-157645
-157653
-157661
-157669
-157677
-157685
-157692
-157700
-157708
-157716
-157724
-157732
-157740
-157748
-157756
-157764
-157772
-157780
-157788
-157796
-157804
-157812
-157820
-157828
-157835
-157843
-157851
-157859
-157867
-157875
-157883
-157891
-157899
-157907
-157915
-157923
-157931
-157939
-157947
-157955
-157963
-157970
-157978
-157986
-157994
-158002
-158010
-158018
-158026
-158034
-158042
-158050
-158058
-158066
-158074
-158082
-158090
-158098
-158105
-158113
-158121
-158129
-158137
-158145
-158153
-158161
-158169
-158177
-158185
-158193
-158201
-158209
-158217
-158225
-158233
-158241
-158248
-158256
-158264
-158272
-158280
-158288
-158296
-158304
-158312
-158320
-158328
-158336
-158344
-158352
-158360
-158368
-158376
-158383
-158391
-158399
-158407
-158415
-158423
-158431
-158439
-158447
-158455
-158463
-158471
-158479
-158487
-158495
-158503
-158511
-158518
-158526
-158534
-158542
-158550
-158558
-158566
-158574
-158582
-158590
-158598
-158606
-158614
-158622
-158630
-158638
-158646
-158654
-158661
-158669
-158677
-158685
-158693
-158701
-158709
-158717
-158725
-158733
-158741
-158749
-158757
-158765
-158773
-158781
-158789
-158796
-158804
-158812
-158820
-158828
-158836
-158844
-158852
-158860
-158868
-158876
-158884
-158892
-158900
-158908
-158916
-158924
-158931
-158939
-158947
-158955
-158963
-158971
-158979
-158987
-158995
-159003
-159011
-159019
-159027
-159035
-159043
-159051
-159059
-159067
-159074
-159082
-159090
-159098
-159106
-159114
-159122
-159130
-159138
-159146
-159154
-159162
-159170
-159178
-159186
-159194
-159202
-159209
-159217
-159225
-159233
-159241
-159249
-159257
-159265
-159273
-159281
-159289
-159297
-159305
-159313
-159321
-159329
-159337
-159344
-159352
-159360
-159368
-159376
-159384
-159392
-159400
-159408
-159416
-159424
-159432
-159440
-159448
-159456
-159464
-159472
-159480
-159487
-159495
-159503
-159511
-159519
-159527
-159535
-159543
-159551
-159559
-159567
-159575
-159583
-159591
-159599
-159607
-159615
-159622
-159630
-159638
-159646
-159654
