-5983.34
-11500
-13624.2
-14206.7
-14768.7
-15330.7
-15892.7
-16454.7
-17016.7
-17578.7
-18140.7
-18702.7
-19264.7
-19826.7
-20388.7
-20950.7
-21512.7
-22074.7
-22636.7
-23198.7
-23760.7
-24322.7
-24884.7
-25446.7
-26008.7
-26570.7
-27132.7
-27694.7
-28256.7
-28818.7
-29380.7
-29942.6
-30504.6
-31066.6
-31628.6
-32190.6
-32752.6
-33314.6
-33876.6
-34438.6
-35000.6
-35562.6
-36124.6
-36686.6
-37248.6
-37810.6
-38372.6
-38934.6
-39496.6
-40058.6
-40620.6
-41182.6
-41744.6
-42306.6
-42868.6
-43430.6
-43992.6
-44554.6
-45116.6
-45678.6
-46240.6
-46802.6
-47364.6
-47926.5
-48488.5
-49050.5
-49612.5
-50174.5
-50736.5
-51298.5
-51860.5
-52422.5
-52984.5
-53546.5
-54108.5
-54670.5
-55232.5
-55794.5
-56356.5
-56918.5
-57480.5
-58042.5
-58604.5
-59166.5
-59728.5
-60290.5
-60852.5
-61414.5
-61976.5
-62538.5
-63100.5
-63662.5
-64224.5
-64786.5
-65348.5
-65910.4
-66472.4
-67034.4
-67596.4
-68158.4
-68720.4
-69282.4
-69844.4
-70406.4
-70968.4
-71530.4
-72092.4
-72654.4
-73216.4
-73778.4
-74340.4
-74902.4
-75464.4
-76026.4
-76588.4
-77150.4
-77712.4
-78274.4
-78836.4
-79398.4
-79960.4
-80522.4
-81084.4
-81646.4
-82208.4
-82770.4
-83332.4
-83894.3
-84456.3
-85018.3
-85580.3
-86142.3
-86704.3
-87266.3
-87828.3
-88390.3
-88952.3
-89514.3
-90076.3
-90638.3
-91200.3
-91762.3
-92319.7
-92873.5
-93427.3
-93981.1
-94534.8
-95088.6
-95640.1
-96186
-96731.9
-97277.9
-97823.8
-98369.7
-98915.7
-99461.6
-100008
-100553
-101099
-101645
-102191
-102737
-103283
-103829
-104375
-104921
-105467
-106013
-106559
-107105
-107651
-108196
-108742
-109288
-109834
-110380
-110926
-111472
-112018
-112564
-113108
-113648
-114187
-114727
-115266
-115805
-116345
-116884
-117424
-117963
-118503
-119042
-119582
-120121
-120661
-121200
-121740
-122279
-122819
-123358
-123897
-124437
-124976
-125516
-126055
-126595
-127134
-127674
-128213
-128753
-129292
-129832
-130371
-130910
-131450
-131989
-132529
-133068
-133608
-134147
-134687
-135226
-135766
-136305
-136845
-137382
-137917
-138451
-138985
-139519
-140050
-140580
-141109
-141638
-142167
-142694
-143219
-143743
-144267
-144791
-145316
-145840
-146339
-146833
-147328
-147822
-148316
-148806
-149296
-149786
-150276
-150765
-151245
-151702
-152158
-152615
-153072
-153528
-153985
-154442
-154898
-155355
-155812
-156242
-156597
-156952
-157308
-157663
-158018
-158373
-158729
-159084
-159435
-159786
-160137
-160488
-160839
-161190
-161541
-161892
-162243
-162594
-162945
-163296
-163647
-163944
-164201
-164459
-164716
-164973
-165230
-165488
-165745
-166002
-166259
-166517
-166774
-167031
-167289
-167546
-167803
-168060
-168318
-168575
-168832
-169089
-169347
-169587
-169820
-170054
-170288
-170521
-170751
-170981
-171211
-171441
-171671
-171902
-172132
-172362
-172592
-172822
-173052
-173282
-173512
-173742
-173972
-174202
-174433
-174663
-174893
-175123
-175353
-175583
-175813
-176043
-176273
-176503
-176733
-176964
-177194
-177424
-177654
-177884
-178114
-178344
-178574
-178804
-179034
-179265
-179495
-179725
-179955
-180185
-180415
-180645
-180875
-181105
-181335
-181565
-181796
-182026
-182256
-182486
-182716
-182946
-183176
-183406
-183636
-183866
-184097
-184327
-184557
-184787
-185017
-185247
-185477
-185707
-185937
-186167
-186397
-186628
-186858
-187080
-187292
-187503
-187714
-187926
-188137
-188348
-188560
-188764
-188957
-189150
-189343
-189536
-189729
-189922
-190115
-190308
-190491
-190666
-190841
-191016
-191191
-191366
-191541
-191716
-191891
-192066
-192241
-192416
-192591
-192766
-192941
-193116
-193291
-193466
-193641
-193813
-193971
-194128
-194286
-194444
-194602
-194760
-194918
-195075
-195224
-195365
-195507
-195648
-195789
-195930
-196071
-196212
-196353
-196494
-196635
-196776
-196917
-197058
-197199
-197340
-197481
-197622
-197763
-197904
-198045
-198187
-198328
-198469
-198610
-198751
-198892
-199033
-199174
-199315
-199456
-199597
-199738
-199879
-200011
-200136
-200262
-200387
-200513
-200638
-200764
-200889
-201015
-201140
-201266
-201391
-201517
-201642
-201768
-201893
-202019
-202144
-202270
-202395
-202521
-202646
-202772
-202897
-203023
-203148
-203274
-203399
-203525
-203650
-203776
-203901
-204027
-204152
-204278
-204403
-204529
-204654
-204780
-204905
-205031
-205156
-205282
-205407
-205533
-205658
-205784
-205909
-206035
-206160
-206286
-206411
-206536
-206662
-206787
-206913
-207038
-207164
-207289
-207415
-207540
-207666
-207791
-207917
-208042
-208144
-208223
-208303
-208369
-208435
-208501
-208567
-208633
-208699
-208765
-208831
-208898
-208964
-209030
-209096
-209162
-209228
-209294
-209360
-209426
-209492
-209559
-209625
-209691
-209757
-209823
-209889
-209955
-210021
-210087
-210154
-210220
-210286
-210352
-210418
-210484
-210550
-210616
-210682
-210748
-210815
-210881
-210947
-211007
-211031
-211054
-211078
-211102
-211126
-211150
-211173
-211197
-211221
-211245
-211268
-211292
-211316
-211340
-211364
-211387
-211411
-211435
-211459
-211482
-211506
-211530
-211554
-211578
-211601
-211625
-211649
-211673
-211696
-211720
-211744
-211768
-211792
-211815
-211839
-211863
-211887
-211910
-211934
-211958
-211982
-212006
-212029
-212053
-212077
-212101
-212124
-212148
-212172
-212196
-212220
-212243
-212267
-212291
-212315
-212338
-212362
-212386
-212410
-212434
-212457
-212481
-212505
-212529
-212552
-212576
-212600
-212624
-212648
-212671
-212695
-212719
-212743
-212766
-212790
-212814
-212838
-212862
-212885
-212909
-212933
-212957
-212980
-213004
-213028
-213052
-213076
-213099
-213123
-213147
-213171
-213194
-213218
-213242
-213266
-213290
-213313
-213337
-213361
-213385
-213408
-213432
-213456
-213480
-213504
-213527
-213551
-213575
-213599
-213622
-213646
-213670
-213694
-213718
-213741
-213765
-213789
-213813
-213836
-213860
-213884
-213908
-213932
-213955
-213979
-214003
-214027
-214050
-214074
-214098
-214122
-214146
-214169
-214193
-214217
-214241
-214264
-214288
-214312
-214336
-214360
-214383
-214407
-214431
-214455
-214478
-214502
-214526
-214550
-214574
-214597
-214621
-214645
-214669
-214692
-214716
-214740
-214764
-214788
-214811
-214835
-214859
-214883
-214906
-214930
-214954
-214978
-215002
-215025
-215049
-215073
-215097
-215120
-215144
-215168
-215192
-215216
-215239
-215263
-215287
-215311
-215334
-215358
-215382
-215406
-215430
-215453
-215477
-215501
-215525
-215548
-215572
-215596
-215620
-215644
-215667
-215691
-215715
-215739
-215762
-215786
-215810
-215834
-215858
-215881
-215905
-215929
-215953
-215976
-216000
-216024
-216048
-216072
-216095
-216119
-216143
-216167
-216190
-216214
-216238
-216262
-216286
-216309
-216333
-216357
-216381
-216404
-216428
-216452
-216476
-216500
-216523
-216547
-216571
-216595
-216618
-216642
-216666
-216690
-216714
-216737
-216761
-216785
-216809
-216832
-216856
-216880
-216904
-216928
-216951
-216975
-216999
-217023
-217046
-217070
-217094
-217118
-217142
-217165
-217189
-217213
-217237
-217260
-217284
-217308
-217332
-217356
-217379
-217403
-217427
-217451
-217474
-217498
-217522
-217546
-217570
-217593
-217617
-217641
-217665
-217688
-217712
-217736
-217760
-217784
-217807
-217831
-217855
-217879
-217902
-217926
-217950
-217974
-217998
-218021
-218045
-218069
-218093
-218117
-218140
-218164
-218188
-218212
-218235
-218259
-218283
-218307
-218331
-218354
-218378
-218402
-218426
-218449
-218473
-218497
-218521
-218545
-218568
-218592
-218616
-218640
-218663
-218687
-218711
-218735
-218759
-218782
-218806
-218830
-218854
-218877
-218901
-218925
-218949
-218973
-218996
-219020
-219044
-219068
-219091
-219115
-219139
-219163
-219187
-219210
-219234
-219258
-219282
-219305
-219329
-219353
-219377
-219401
-219424
-219448
-219472
-219496
-219519
-219543
-219567
-219591
-219615
-219638
-219662
-219686
-219710
-219733
-219757
-219781
-219805
-219829
-219852
-219876
-219900
-219924
-219947
-219971
-219995
-220019
-220043
-220066
-220090
-220114
-220138
-220161
-220185
-220209
-220233
-220257
-220280
-220304
-220328
-220352
-220375
-220399
-220423
-220447
-220471
-220494
-220518
-220542
-220566
-220589
-220613
-220637
-220661
-220685
-220708
-220732
-220756
-220780
-220803
-220827
-220851
-220875
-220899
-220922
-220946
-220970
-220994
-221017
-221041
-221065
-221089
-221113
-221136
-221160
-221184
-221208
